125.16.69.49 - - [31/Mar/2013:13:55:38 +0530] "GET /faces/jsp/jqAjaxResponseForBoutique.jsp?flag=autoScrollBoutique&boutiqueCount=1&autoScrollBoutiqueId=1384,501 HTTP/1.1" 200 2862 "http://exclusive.bagittoday.com/faces/tiles/catalogue.jsp?catalogueID=2" "Mozilla/5.0 (Windows NT 6.1) AppleWebKit/537.31 (KHTML, like Gecko) Chrome/26.0.1410.43 Safari/537.31"
125.16.69.49 - - [31/Mar/2013:13:55:39 +0530] "GET /faces/jsp/jqAjaxResponseForBoutique.jsp?flag=autoScrollBoutique&boutiqueCount=1&autoScrollBoutiqueId=1370,933 HTTP/1.1" 200 2774 "http://exclusive.bagittoday.com/faces/tiles/catalogue.jsp?catalogueID=2" "Mozilla/5.0 (Windows NT 6.1) AppleWebKit/537.31 (KHTML, like Gecko) Chrome/26.0.1410.43 Safari/537.31"
125.16.69.49 - - [31/Mar/2013:13:55:39 +0530] "GET /faces/jsp/jqAjaxResponseForBoutique.jsp?flag=autoScrollBoutique&boutiqueCount=1&autoScrollBoutiqueId=1358,1159 HTTP/1.1" 200 2794 "http://exclusive.bagittoday.com/faces/tiles/catalogue.jsp?catalogueID=2" "Mozilla/5.0 (Windows NT 6.1) AppleWebKit/537.31 (KHTML, like Gecko) Chrome/26.0.1410.43 Safari/537.31"
125.16.69.49 - - [31/Mar/2013:13:55:40 +0530] "GET /faces/jsp/jqAjaxResponseForBoutique.jsp?flag=autoScrollBoutique&boutiqueCount=1&autoScrollBoutiqueId=1340,1176 HTTP/1.1" 200 2769 "http://exclusive.bagittoday.com/faces/tiles/catalogue.jsp?catalogueID=2" "Mozilla/5.0 (Windows NT 6.1) AppleWebKit/537.31 (KHTML, like Gecko) Chrome/26.0.1410.43 Safari/537.31"
125.16.69.49 - - [31/Mar/2013:13:55:40 +0530] "GET /faces/jsp/jqAjaxResponseForBoutique.jsp?flag=autoScrollBoutique&boutiqueCount=1&autoScrollBoutiqueId=1171,1275 HTTP/1.1" 200 2764 "http://exclusive.bagittoday.com/faces/tiles/catalogue.jsp?catalogueID=2" "Mozilla/5.0 (Windows NT 6.1) AppleWebKit/537.31 (KHTML, like Gecko) Chrome/26.0.1410.43 Safari/537.31"
125.16.69.49 - - [31/Mar/2013:13:55:42 +0530] "GET /faces/jsp/jqAjaxResponseForBoutique.jsp?flag=autoScrollBoutique&boutiqueCount=1&autoScrollBoutiqueId=1125,1229 HTTP/1.1" 200 2699 "http://exclusive.bagittoday.com/faces/tiles/catalogue.jsp?catalogueID=2" "Mozilla/5.0 (Windows NT 6.1) AppleWebKit/537.31 (KHTML, like Gecko) Chrome/26.0.1410.43 Safari/537.31"
125.16.69.49 - - [31/Mar/2013:13:55:42 +0530] "GET /faces/jsp/jqAjaxResponseForBoutique.jsp?flag=autoScrollBoutique&boutiqueCount=1&autoScrollBoutiqueId=1248,1172 HTTP/1.1" 200 2852 "http://exclusive.bagittoday.com/faces/tiles/catalogue.jsp?catalogueID=2" "Mozilla/5.0 (Windows NT 6.1) AppleWebKit/537.31 (KHTML, like Gecko) Chrome/26.0.1410.43 Safari/537.31"
125.16.69.49 - - [31/Mar/2013:13:55:43 +0530] "GET /faces/jsp/jqAjaxResponseForBoutique.jsp?flag=autoScrollBoutique&boutiqueCount=1&autoScrollBoutiqueId=1254,1253 HTTP/1.1" 200 2814 "http://exclusive.bagittoday.com/faces/tiles/catalogue.jsp?catalogueID=2" "Mozilla/5.0 (Windows NT 6.1) AppleWebKit/537.31 (KHTML, like Gecko) Chrome/26.0.1410.43 Safari/537.31"
125.16.69.49 - - [31/Mar/2013:13:55:43 +0530] "GET /faces/jsp/jqAjaxResponseForBoutique.jsp?flag=autoScrollBoutique&boutiqueCount=1&autoScrollBoutiqueId=496,2507 HTTP/1.1" 200 2693 "http://exclusive.bagittoday.com/faces/tiles/catalogue.jsp?catalogueID=2" "Mozilla/5.0 (Windows NT 6.1) AppleWebKit/537.31 (KHTML, like Gecko) Chrome/26.0.1410.43 Safari/537.31"
125.16.69.49 - - [31/Mar/2013:13:55:45 +0530] "GET /faces/jsp/jqAjaxResponseForBoutique.jsp?flag=autoScrollBoutique&boutiqueCount=1&autoScrollBoutiqueId=1380,1379 HTTP/1.1" 200 2805 "http://exclusive.bagittoday.com/faces/tiles/catalogue.jsp?catalogueID=2" "Mozilla/5.0 (Windows NT 6.1) AppleWebKit/537.31 (KHTML, like Gecko) Chrome/26.0.1410.43 Safari/537.31"
125.16.69.49 - - [31/Mar/2013:13:55:45 +0530] "GET /faces/jsp/jqAjaxResponseForBoutique.jsp?flag=autoScrollBoutique&boutiqueCount=1&autoScrollBoutiqueId=1376,1263 HTTP/1.1" 200 2712 "http://exclusive.bagittoday.com/faces/tiles/catalogue.jsp?catalogueID=2" "Mozilla/5.0 (Windows NT 6.1) AppleWebKit/537.31 (KHTML, like Gecko) Chrome/26.0.1410.43 Safari/537.31"
125.16.69.49 - - [31/Mar/2013:13:55:46 +0530] "GET /faces/jsp/jqAjaxResponseForBoutique.jsp?flag=autoScrollBoutique&boutiqueCount=1&autoScrollBoutiqueId=1372,1371 HTTP/1.1" 200 2717 "http://exclusive.bagittoday.com/faces/tiles/catalogue.jsp?catalogueID=2" "Mozilla/5.0 (Windows NT 6.1) AppleWebKit/537.31 (KHTML, like Gecko) Chrome/26.0.1410.43 Safari/537.31"
125.16.69.49 - - [31/Mar/2013:13:55:47 +0530] "GET /faces/jsp/jqAjaxResponseForBoutique.jsp?flag=autoScrollBoutique&boutiqueCount=1&autoScrollBoutiqueId=1036,1363 HTTP/1.1" 200 2698 "http://exclusive.bagittoday.com/faces/tiles/catalogue.jsp?catalogueID=2" "Mozilla/5.0 (Windows NT 6.1) AppleWebKit/537.31 (KHTML, like Gecko) Chrome/26.0.1410.43 Safari/537.31"
125.16.69.49 - - [31/Mar/2013:13:55:47 +0530] "GET /faces/jsp/jqAjaxResponseForBoutique.jsp?flag=autoScrollBoutique&boutiqueCount=1&autoScrollBoutiqueId=1296,1365 HTTP/1.1" 200 2747 "http://exclusive.bagittoday.com/faces/tiles/catalogue.jsp?catalogueID=2" "Mozilla/5.0 (Windows NT 6.1) AppleWebKit/537.31 (KHTML, like Gecko) Chrome/26.0.1410.43 Safari/537.31"
125.16.69.49 - - [31/Mar/2013:13:55:49 +0530] "GET /faces/jsp/jqAjaxResponseForBoutique.jsp?flag=autoScrollBoutique&boutiqueCount=1&autoScrollBoutiqueId=1364,1130 HTTP/1.1" 200 2881 "http://exclusive.bagittoday.com/faces/tiles/catalogue.jsp?catalogueID=2" "Mozilla/5.0 (Windows NT 6.1) AppleWebKit/537.31 (KHTML, like Gecko) Chrome/26.0.1410.43 Safari/537.31"
125.16.69.49 - - [31/Mar/2013:13:55:49 +0530] "GET /faces/jsp/jqAjaxResponseForBoutique.jsp?flag=autoScrollBoutique&boutiqueCount=1&autoScrollBoutiqueId=1314,1361 HTTP/1.1" 200 2733 "http://exclusive.bagittoday.com/faces/tiles/catalogue.jsp?catalogueID=2" "Mozilla/5.0 (Windows NT 6.1) AppleWebKit/537.31 (KHTML, like Gecko) Chrome/26.0.1410.43 Safari/537.31"
125.16.69.49 - - [31/Mar/2013:13:55:49 +0530] "GET /faces/jsp/jqAjaxResponseForBoutique.jsp?flag=autoScrollBoutique&boutiqueCount=1&autoScrollBoutiqueId=1356,1355 HTTP/1.1" 200 2769 "http://exclusive.bagittoday.com/faces/tiles/catalogue.jsp?catalogueID=2" "Mozilla/5.0 (Windows NT 6.1) AppleWebKit/537.31 (KHTML, like Gecko) Chrome/26.0.1410.43 Safari/537.31"
125.16.69.49 - - [31/Mar/2013:13:55:50 +0530] "GET /faces/jsp/jqAjaxResponseForBoutique.jsp?flag=autoScrollBoutique&boutiqueCount=1&autoScrollBoutiqueId=1077,628 HTTP/1.1" 200 2902 "http://exclusive.bagittoday.com/faces/tiles/catalogue.jsp?catalogueID=2" "Mozilla/5.0 (Windows NT 6.1) AppleWebKit/537.31 (KHTML, like Gecko) Chrome/26.0.1410.43 Safari/537.31"
125.16.69.49 - - [31/Mar/2013:13:55:50 +0530] "GET /faces/jsp/jqAjaxResponseForBoutique.jsp?flag=autoScrollBoutique&boutiqueCount=1&autoScrollBoutiqueId=1224,1351 HTTP/1.1" 200 2829 "http://exclusive.bagittoday.com/faces/tiles/catalogue.jsp?catalogueID=2" "Mozilla/5.0 (Windows NT 6.1) AppleWebKit/537.31 (KHTML, like Gecko) Chrome/26.0.1410.43 Safari/537.31"
125.16.69.49 - - [31/Mar/2013:13:55:50 +0530] "GET /faces/jsp/jqAjaxResponseForBoutique.jsp?flag=autoScrollBoutique&boutiqueCount=1&autoScrollBoutiqueId=386,493 HTTP/1.1" 200 2748 "http://exclusive.bagittoday.com/faces/tiles/catalogue.jsp?catalogueID=2" "Mozilla/5.0 (Windows NT 6.1) AppleWebKit/537.31 (KHTML, like Gecko) Chrome/26.0.1410.43 Safari/537.31"
125.16.69.49 - - [31/Mar/2013:13:55:50 +0530] "GET /faces/jsp/jqAjaxResponseForBoutique.jsp?flag=autoScrollBoutique&boutiqueCount=1&autoScrollBoutiqueId=1348,797 HTTP/1.1" 200 2771 "http://exclusive.bagittoday.com/faces/tiles/catalogue.jsp?catalogueID=2" "Mozilla/5.0 (Windows NT 6.1) AppleWebKit/537.31 (KHTML, like Gecko) Chrome/26.0.1410.43 Safari/537.31"
125.16.69.49 - - [31/Mar/2013:13:55:51 +0530] "GET /faces/jsp/jqAjaxResponseForBoutique.jsp?flag=autoScrollBoutique&boutiqueCount=1&autoScrollBoutiqueId=1337,1096 HTTP/1.1" 200 2836 "http://exclusive.bagittoday.com/faces/tiles/catalogue.jsp?catalogueID=2" "Mozilla/5.0 (Windows NT 6.1) AppleWebKit/537.31 (KHTML, like Gecko) Chrome/26.0.1410.43 Safari/537.31"
125.16.69.49 - - [31/Mar/2013:13:55:51 +0530] "GET /faces/jsp/jqAjaxResponseForBoutique.jsp?flag=autoScrollBoutique&boutiqueCount=1&autoScrollBoutiqueId=1287,1186 HTTP/1.1" 200 2772 "http://exclusive.bagittoday.com/faces/tiles/catalogue.jsp?catalogueID=2" "Mozilla/5.0 (Windows NT 6.1) AppleWebKit/537.31 (KHTML, like Gecko) Chrome/26.0.1410.43 Safari/537.31"
125.16.69.49 - - [31/Mar/2013:13:55:51 +0530] "GET /faces/jsp/jqAjaxResponseForBoutique.jsp?flag=autoScrollBoutique&boutiqueCount=1&autoScrollBoutiqueId=1160,1164 HTTP/1.1" 200 2759 "http://exclusive.bagittoday.com/faces/tiles/catalogue.jsp?catalogueID=2" "Mozilla/5.0 (Windows NT 6.1) AppleWebKit/537.31 (KHTML, like Gecko) Chrome/26.0.1410.43 Safari/537.31"
125.16.69.49 - - [31/Mar/2013:13:55:52 +0530] "GET /faces/jsp/jqAjaxResponseForBoutique.jsp?flag=autoScrollBoutique&boutiqueCount=1&autoScrollBoutiqueId=1167,1168 HTTP/1.1" 200 2788 "http://exclusive.bagittoday.com/faces/tiles/catalogue.jsp?catalogueID=2" "Mozilla/5.0 (Windows NT 6.1) AppleWebKit/537.31 (KHTML, like Gecko) Chrome/26.0.1410.43 Safari/537.31"
125.16.69.49 - - [31/Mar/2013:13:55:52 +0530] "GET /faces/jsp/jqAjaxResponseForBoutique.jsp?flag=autoScrollBoutique&boutiqueCount=1&autoScrollBoutiqueId=1173,1239 HTTP/1.1" 200 2705 "http://exclusive.bagittoday.com/faces/tiles/catalogue.jsp?catalogueID=2" "Mozilla/5.0 (Windows NT 6.1) AppleWebKit/537.31 (KHTML, like Gecko) Chrome/26.0.1410.43 Safari/537.31"
125.16.69.49 - - [31/Mar/2013:13:55:52 +0530] "GET /faces/jsp/jqAjaxResponseForBoutique.jsp?flag=autoScrollBoutique&boutiqueCount=1&autoScrollBoutiqueId=1219,847 HTTP/1.1" 200 2722 "http://exclusive.bagittoday.com/faces/tiles/catalogue.jsp?catalogueID=2" "Mozilla/5.0 (Windows NT 6.1) AppleWebKit/537.31 (KHTML, like Gecko) Chrome/26.0.1410.43 Safari/537.31"
125.16.69.49 - - [31/Mar/2013:13:55:53 +0530] "GET /faces/jsp/jqAjaxResponseForBoutique.jsp?flag=autoScrollBoutique&boutiqueCount=1&autoScrollBoutiqueId=780,1391 HTTP/1.1" 200 2683 "http://exclusive.bagittoday.com/faces/tiles/catalogue.jsp?catalogueID=2" "Mozilla/5.0 (Windows NT 6.1) AppleWebKit/537.31 (KHTML, like Gecko) Chrome/26.0.1410.43 Safari/537.31"
125.16.69.49 - - [31/Mar/2013:13:55:53 +0530] "GET /faces/jsp/jqAjaxResponseForBoutique.jsp?flag=autoScrollBoutique&boutiqueCount=1&autoScrollBoutiqueId=1375,1169 HTTP/1.1" 200 2767 "http://exclusive.bagittoday.com/faces/tiles/catalogue.jsp?catalogueID=2" "Mozilla/5.0 (Windows NT 6.1) AppleWebKit/537.31 (KHTML, like Gecko) Chrome/26.0.1410.43 Safari/537.31"
125.16.69.49 - - [31/Mar/2013:13:55:53 +0530] "GET /faces/jsp/jqAjaxResponseForBoutique.jsp?flag=autoScrollBoutique&boutiqueCount=1&autoScrollBoutiqueId=1170, HTTP/1.1" 200 467 "http://exclusive.bagittoday.com/faces/tiles/catalogue.jsp?catalogueID=2" "Mozilla/5.0 (Windows NT 6.1) AppleWebKit/537.31 (KHTML, like Gecko) Chrome/26.0.1410.43 Safari/537.31"
125.19.235.212 - - [31/Mar/2013:14:00:35 +0530] "GET /faces/tiles/catalogue.jsp?catalogueID=2 HTTP/1.1" 200 273028 "-" "WinHTTP ActiveXperts"
125.19.235.212 - - [31/Mar/2013:14:01:41 +0530] "GET /faces/tiles/catalogue.jsp?catalogueID=2 HTTP/1.1" 200 273028 "-" "WinHTTP ActiveXperts"
125.19.235.212 - - [31/Mar/2013:14:03:21 +0530] "GET /faces/tiles/catalogue.jsp?catalogueID=2 HTTP/1.1" 200 273028 "-" "WinHTTP ActiveXperts"
125.19.235.212 - - [31/Mar/2013:14:04:09 +0530] "GET /errorPage.htm HTTP/1.1" 200 2105 "-" "WinHTTP ActiveXperts"
125.19.235.212 - - [31/Mar/2013:14:05:14 +0530] "GET /errorPage.htm HTTP/1.1" 200 2105 "-" "WinHTTP ActiveXperts"
125.19.235.212 - - [31/Mar/2013:14:05:30 +0530] "GET /errorPage.htm HTTP/1.1" 200 2105 "-" "WinHTTP ActiveXperts"
125.19.235.212 - - [31/Mar/2013:14:06:28 +0530] "GET /faces/tiles/catalogue.jsp?catalogueID=2 HTTP/1.1" 200 273028 "-" "WinHTTP ActiveXperts"
125.19.235.212 - - [31/Mar/2013:14:07:38 +0530] "GET /faces/tiles/catalogue.jsp?catalogueID=2 HTTP/1.1" 200 273028 "-" "WinHTTP ActiveXperts"
125.19.235.212 - - [31/Mar/2013:14:07:49 +0530] "GET /errorPage.htm HTTP/1.1" 200 2105 "-" "WinHTTP ActiveXperts"
125.19.235.212 - - [31/Mar/2013:14:08:40 +0530] "GET /faces/tiles/catalogue.jsp?catalogueID=2 HTTP/1.1" 200 273028 "-" "WinHTTP ActiveXperts"
125.19.235.212 - - [31/Mar/2013:14:09:41 +0530] "GET /faces/tiles/catalogue.jsp?catalogueID=2 HTTP/1.1" 200 273028 "-" "WinHTTP ActiveXperts"
27.251.134.35 - - [31/Mar/2013:14:10:46 +0530] "GET /faces/tiles/catalogue.jsp?catalogueID=2 HTTP/1.1" 304 - "-" "Mozilla/5.0 (Windows NT 6.1) AppleWebKit/537.31 (KHTML, like Gecko) Chrome/26.0.1410.43 Safari/537.31"
27.251.134.35 - - [31/Mar/2013:14:10:46 +0530] "GET /errorPage.htm HTTP/1.1" 200 2105 "http://exclusive.bagittoday.com/" "Mozilla/5.0 (Windows NT 6.1) AppleWebKit/537.31 (KHTML, like Gecko) Chrome/26.0.1410.43 Safari/537.31"
27.251.134.35 - - [31/Mar/2013:14:10:53 +0530] "POST /faces/jsp/jqAjaxResponse.jsp?flag=updateCartSize&catalogueID=2 HTTP/1.1" 200 2190 "http://exclusive.bagittoday.com/" "Mozilla/5.0 (Windows NT 6.1) AppleWebKit/537.31 (KHTML, like Gecko) Chrome/26.0.1410.43 Safari/537.31"
27.251.134.35 - - [31/Mar/2013:14:10:53 +0530] "POST /faces/jsp/jqAjaxResponse.jsp?flag=rentlyView HTTP/1.1" 200 5761 "http://exclusive.bagittoday.com/" "Mozilla/5.0 (Windows NT 6.1) AppleWebKit/537.31 (KHTML, like Gecko) Chrome/26.0.1410.43 Safari/537.31"
125.19.235.212 - - [31/Mar/2013:14:12:13 +0530] "GET /errorPage.htm HTTP/1.1" 200 2105 "-" "WinHTTP ActiveXperts"
125.19.235.212 - - [31/Mar/2013:14:12:42 +0530] "GET /errorPage.htm HTTP/1.1" 200 2105 "-" "WinHTTP ActiveXperts"
125.19.235.212 - - [31/Mar/2013:14:13:21 +0530] "GET /faces/tiles/catalogue.jsp?catalogueID=2 HTTP/1.1" 200 273028 "-" "WinHTTP ActiveXperts"
125.19.235.212 - - [31/Mar/2013:14:13:58 +0530] "GET /errorPage.htm HTTP/1.1" 200 2105 "-" "WinHTTP ActiveXperts"
125.19.235.212 - - [31/Mar/2013:14:14:23 +0530] "GET /errorPage.htm HTTP/1.1" 200 2105 "-" "WinHTTP ActiveXperts"
125.16.69.49 - - [31/Mar/2013:14:14:45 +0530] "GET /faces/jsp/jqAjaxResponseForBoutique.jsp?flag=autoScrollBoutique&boutiqueCount=1&autoScrollBoutiqueId=1265,1258 HTTP/1.1" 200 2718 "http://exclusive.bagittoday.com/" "Mozilla/5.0 (Windows NT 6.1; rv:19.0) Gecko/20100101 Firefox/19.0"
125.16.69.49 - - [31/Mar/2013:14:14:45 +0530] "GET /faces/jsp/jqAjaxResponseForBoutique.jsp?flag=autoScrollBoutique&boutiqueCount=1&autoScrollBoutiqueId=1396,1386 HTTP/1.1" 200 2859 "http://exclusive.bagittoday.com/" "Mozilla/5.0 (Windows NT 6.1; rv:19.0) Gecko/20100101 Firefox/19.0"
125.16.69.49 - - [31/Mar/2013:14:14:45 +0530] "GET /faces/jsp/jqAjaxResponseForBoutique.jsp?flag=autoScrollBoutique&boutiqueCount=1&autoScrollBoutiqueId=1354,1349 HTTP/1.1" 200 2847 "http://exclusive.bagittoday.com/" "Mozilla/5.0 (Windows NT 6.1; rv:19.0) Gecko/20100101 Firefox/19.0"
125.16.69.49 - - [31/Mar/2013:14:14:47 +0530] "GET /faces/jsp/jqAjaxResponseForBoutique.jsp?flag=autoScrollBoutique&boutiqueCount=1&autoScrollBoutiqueId=1230,1264 HTTP/1.1" 200 2786 "http://exclusive.bagittoday.com/" "Mozilla/5.0 (Windows NT 6.1; rv:19.0) Gecko/20100101 Firefox/19.0"
125.19.235.212 - - [31/Mar/2013:14:15:02 +0530] "GET /errorPage.htm HTTP/1.1" 200 2105 "-" "WinHTTP ActiveXperts"
125.19.235.212 - - [31/Mar/2013:14:15:25 +0530] "GET /faces/tiles/catalogue.jsp?catalogueID=2 HTTP/1.1" 200 273028 "-" "WinHTTP ActiveXperts"
125.19.235.212 - - [31/Mar/2013:14:15:26 +0530] "GET /errorPage.htm HTTP/1.1" 200 2105 "-" "WinHTTP ActiveXperts"
125.19.235.212 - - [31/Mar/2013:14:16:05 +0530] "GET /errorPage.htm HTTP/1.1" 200 2105 "-" "WinHTTP ActiveXperts"
125.19.235.212 - - [31/Mar/2013:14:16:26 +0530] "GET /faces/tiles/catalogue.jsp?catalogueID=2 HTTP/1.1" 200 273028 "-" "WinHTTP ActiveXperts"
125.19.235.212 - - [31/Mar/2013:14:16:30 +0530] "GET /errorPage.htm HTTP/1.1" 200 2105 "-" "WinHTTP ActiveXperts"
27.251.134.35 - - [31/Mar/2013:14:16:42 +0530] "GET /faces/tiles/category.jsp?catalogueID=2&categoryID=215 HTTP/1.1" 200 296866 "http://exclusive.bagittoday.com/" "Mozilla/5.0 (Windows NT 6.1) AppleWebKit/537.31 (KHTML, like Gecko) Chrome/26.0.1410.43 Safari/537.31"
27.251.134.35 - - [31/Mar/2013:14:16:47 +0530] "POST /faces/jsp/jqAjaxResponse.jsp?flag=updateCartSize&catalogueID=2 HTTP/1.1" 200 2190 "http://exclusive.bagittoday.com/LCD/c-215/" "Mozilla/5.0 (Windows NT 6.1) AppleWebKit/537.31 (KHTML, like Gecko) Chrome/26.0.1410.43 Safari/537.31"
27.251.134.35 - - [31/Mar/2013:14:16:47 +0530] "POST /faces/jsp/jqAjaxResponse.jsp?flag=rentlyView HTTP/1.1" 200 5761 "http://exclusive.bagittoday.com/LCD/c-215/" "Mozilla/5.0 (Windows NT 6.1) AppleWebKit/537.31 (KHTML, like Gecko) Chrome/26.0.1410.43 Safari/537.31"
61.12.31.52 - - [31/Mar/2013:14:16:53 +0530] "GET /faces/tiles/components/product/miniShoppingCart.jsp HTTP/1.0" 200 991 "http://exclusive.bagittoday.com/faces/jsp/myAccountWriteTestimonial.jsp?p=complaint" "Mozilla/5.0 (Windows NT 5.1) AppleWebKit/537.31 (KHTML, like Gecko) Chrome/26.0.1410.43 Safari/537.31"
61.12.31.52 - - [31/Mar/2013:14:16:53 +0530] "GET /faces/jsp/jqAjaxResponse.jsp?flag=updateCartSize HTTP/1.0" 200 2188 "http://exclusive.bagittoday.com/faces/jsp/myAccountWriteTestimonial.jsp?p=complaint" "Mozilla/5.0 (Windows NT 5.1) AppleWebKit/537.31 (KHTML, like Gecko) Chrome/26.0.1410.43 Safari/537.31"
27.251.134.35 - - [31/Mar/2013:14:17:08 +0530] "GET /faces/tiles/category.jsp?catalogueID=2&categoryID=407 HTTP/1.1" 200 323867 "http://exclusive.bagittoday.com/LCD/c-215/" "Mozilla/5.0 (Windows NT 6.1) AppleWebKit/537.31 (KHTML, like Gecko) Chrome/26.0.1410.43 Safari/537.31"
125.19.235.212 - - [31/Mar/2013:14:17:11 +0530] "GET /errorPage.htm HTTP/1.1" 200 2105 "-" "WinHTTP ActiveXperts"
27.251.134.35 - - [31/Mar/2013:14:17:12 +0530] "POST /faces/jsp/jqAjaxResponse.jsp?flag=updateCartSize&catalogueID=2 HTTP/1.1" 200 2190 "http://exclusive.bagittoday.com/Necklaces/c-407/" "Mozilla/5.0 (Windows NT 6.1) AppleWebKit/537.31 (KHTML, like Gecko) Chrome/26.0.1410.43 Safari/537.31"
27.251.134.35 - - [31/Mar/2013:14:17:12 +0530] "POST /faces/jsp/jqAjaxResponse.jsp?flag=rentlyView HTTP/1.1" 200 5761 "http://exclusive.bagittoday.com/Necklaces/c-407/" "Mozilla/5.0 (Windows NT 6.1) AppleWebKit/537.31 (KHTML, like Gecko) Chrome/26.0.1410.43 Safari/537.31"
125.19.235.212 - - [31/Mar/2013:14:17:29 +0530] "GET /faces/tiles/catalogue.jsp?catalogueID=2 HTTP/1.1" 200 273028 "-" "WinHTTP ActiveXperts"
125.19.235.212 - - [31/Mar/2013:14:17:32 +0530] "GET /errorPage.htm HTTP/1.1" 200 2105 "-" "WinHTTP ActiveXperts"
125.19.235.212 - - [31/Mar/2013:14:18:14 +0530] "GET /errorPage.htm HTTP/1.1" 200 2105 "-" "WinHTTP ActiveXperts"
125.19.235.212 - - [31/Mar/2013:14:18:33 +0530] "GET /faces/tiles/catalogue.jsp?catalogueID=2 HTTP/1.1" 200 273028 "-" "WinHTTP ActiveXperts"
125.19.235.212 - - [31/Mar/2013:14:18:37 +0530] "GET /errorPage.htm HTTP/1.1" 200 2105 "-" "WinHTTP ActiveXperts"
125.19.235.212 - - [31/Mar/2013:14:19:15 +0530] "GET /errorPage.htm HTTP/1.1" 200 2105 "-" "WinHTTP ActiveXperts"
125.19.235.212 - - [31/Mar/2013:14:19:35 +0530] "GET /faces/tiles/catalogue.jsp?catalogueID=2 HTTP/1.1" 200 273028 "-" "WinHTTP ActiveXperts"
125.19.235.212 - - [31/Mar/2013:14:19:38 +0530] "GET /errorPage.htm HTTP/1.1" 200 2105 "-" "WinHTTP ActiveXperts"
125.16.69.49 - - [31/Mar/2013:14:19:58 +0530] "GET /faces/tiles/product.jsp?productID=51043&catalogueID=1&categoryID=604&skuCode=tcoo190&by=telesales HTTP/1.1" 200 4 "-" "Mozilla/5.0 (Windows NT 6.1) AppleWebKit/537.31 (KHTML, like Gecko) Chrome/26.0.1410.43 Safari/537.31"
125.16.69.49 - - [31/Mar/2013:14:20:02 +0530] "GET /faces/tiles/product.jsp?productID=51043&catalogueID=1&categoryID=604&skuCode=tcoo190&by=telesales HTTP/1.1" 200 4 "-" "Mozilla/5.0 (Windows NT 6.1) AppleWebKit/537.31 (KHTML, like Gecko) Chrome/26.0.1410.43 Safari/537.31"
125.16.69.49 - - [31/Mar/2013:14:20:04 +0530] "GET /faces/tiles/product.jsp?productID=51043&catalogueID=1&categoryID=604&skuCode=tcoo190&by=telesales HTTP/1.1" 200 4 "-" "Mozilla/5.0 (Windows NT 6.1) AppleWebKit/537.31 (KHTML, like Gecko) Chrome/26.0.1410.43 Safari/537.31"
125.19.235.212 - - [31/Mar/2013:14:20:18 +0530] "GET /errorPage.htm HTTP/1.1" 200 2105 "-" "WinHTTP ActiveXperts"
125.19.235.212 - - [31/Mar/2013:14:20:38 +0530] "GET /faces/tiles/catalogue.jsp?catalogueID=2 HTTP/1.1" 200 273028 "-" "WinHTTP ActiveXperts"
125.19.235.212 - - [31/Mar/2013:14:20:42 +0530] "GET /errorPage.htm HTTP/1.1" 200 2105 "-" "WinHTTP ActiveXperts"
27.251.134.35 - - [31/Mar/2013:14:20:58 +0530] "POST /faces/jsp/jqAjaxResponse.jsp?flag=updateCartSize&catalogueID=2 HTTP/1.1" 200 2190 "http://exclusive.bagittoday.com/birla-century/b-1202/" "Mozilla/5.0 (Windows NT 6.1) AppleWebKit/537.31 (KHTML, like Gecko) Chrome/26.0.1410.43 Safari/537.31"
27.251.134.35 - - [31/Mar/2013:14:21:13 +0530] "GET /faces/tiles/product.jsp?catalogueID=2&productID=29861 HTTP/1.1" 200 278882 "http://exclusive.bagittoday.com/birla-century/b-1202/" "Mozilla/5.0 (Windows NT 6.1) AppleWebKit/537.31 (KHTML, like Gecko) Chrome/26.0.1410.43 Safari/537.31"
27.251.134.35 - - [31/Mar/2013:14:21:15 +0530] "POST /faces/jsp/jqAjaxResponse.jsp?flag=rentlyView&productID=29861 HTTP/1.1" 200 5730 "http://exclusive.bagittoday.com/Birla-Century-Bedsheet-Disney/pr-29861_b-1202/" "Mozilla/5.0 (Windows NT 6.1) AppleWebKit/537.31 (KHTML, like Gecko) Chrome/26.0.1410.43 Safari/537.31"
125.19.235.212 - - [31/Mar/2013:14:21:21 +0530] "GET /errorPage.htm HTTP/1.1" 200 2105 "-" "WinHTTP ActiveXperts"
125.19.235.212 - - [31/Mar/2013:14:21:45 +0530] "GET /errorPage.htm HTTP/1.1" 200 2105 "-" "WinHTTP ActiveXperts"
27.251.134.35 - - [31/Mar/2013:14:21:53 +0530] "POST /faces/jsp/jqAjaxResponse.jsp?flag=rentlyView HTTP/1.1" 200 5717 "http://exclusive.bagittoday.com/Bed-Sheets/c-231/" "Mozilla/5.0 (Windows NT 6.1) AppleWebKit/537.31 (KHTML, like Gecko) Chrome/26.0.1410.43 Safari/537.31"
27.251.134.35 - - [31/Mar/2013:14:22:29 +0530] "GET /faces/tiles/catalogue.jsp?catalogueID=2 HTTP/1.1" 200 273028 "http://exclusive.bagittoday.com/Bed-Sheets/c-231/" "Mozilla/5.0 (Windows NT 6.1) AppleWebKit/537.31 (KHTML, like Gecko) Chrome/26.0.1410.43 Safari/537.31"
27.251.134.35 - - [31/Mar/2013:14:22:31 +0530] "POST /faces/jsp/jqAjaxResponse.jsp?flag=updateCartSize&catalogueID=2 HTTP/1.1" 200 2190 "http://exclusive.bagittoday.com/faces/tiles/catalogue.jsp?catalogueID=2" "Mozilla/5.0 (Windows NT 6.1) AppleWebKit/537.31 (KHTML, like Gecko) Chrome/26.0.1410.43 Safari/537.31"
125.16.69.49 - - [31/Mar/2013:14:22:37 +0530] "GET /faces/jsp/indexWeb.jsp HTTP/1.1" 302 - "http://exclusive.bagittoday.com/kids-station/b-1030/" "Mozilla/5.0 (Windows NT 6.1; rv:20.0) Gecko/20100101 Firefox/20.0"
125.16.69.49 - - [31/Mar/2013:14:22:46 +0530] "POST /faces/jsp/jqAjaxResponse.jsp?flag=updateCartSize&catalogueID=2 HTTP/1.1" 200 2190 "http://exclusive.bagittoday.com/faces/tiles/catalogue.jsp?catalogueID=2" "Mozilla/5.0 (Windows NT 6.1; rv:20.0) Gecko/20100101 Firefox/20.0"
125.16.69.49 - - [31/Mar/2013:14:22:53 +0530] "GET /errorPage.htm HTTP/1.1" 200 2105 "http://exclusive.bagittoday.com/faces/tiles/catalogue.jsp?catalogueID=2" "Mozilla/5.0 (Windows NT 6.1; rv:20.0) Gecko/20100101 Firefox/20.0"
125.16.69.49 - - [31/Mar/2013:14:22:58 +0530] "POST /faces/jsp/jqAjaxResponse.jsp?flag=rentlyView HTTP/1.1" 200 4136 "http://exclusive.bagittoday.com/faces/tiles/catalogue.jsp?catalogueID=2" "Mozilla/5.0 (Windows NT 6.1; rv:20.0) Gecko/20100101 Firefox/20.0"
125.19.235.212 - - [31/Mar/2013:14:23:33 +0530] "GET /errorPage.htm HTTP/1.1" 200 2105 "-" "WinHTTP ActiveXperts"
123.201.200.131 - - [31/Mar/2013:14:23:37 +0530] "GET /faces/tiles/catalogue.jsp?catalogueID=2 HTTP/1.1" 200 273028 "http://exclusive.bagittoday.com/faces/tiles/catalogue.jsp?catalogueID=2" "Mozilla/5.0 (Windows NT 5.1) AppleWebKit/537.31 (KHTML, like Gecko) Chrome/26.0.1410.43 Safari/537.31"
123.201.200.131 - - [31/Mar/2013:14:23:37 +0530] "GET /faces/tiles/catalogue.jsp?catalogueID=2 HTTP/1.1" 200 273028 "http://exclusive.bagittoday.com/faces/tiles/catalogue.jsp?catalogueID=2" "Mozilla/5.0 (Windows NT 5.1) AppleWebKit/537.31 (KHTML, like Gecko) Chrome/26.0.1410.43 Safari/537.31"
123.201.200.131 - - [31/Mar/2013:14:23:37 +0530] "GET /errorPage.htm HTTP/1.1" 304 - "http://exclusive.bagittoday.com/faces/tiles/catalogue.jsp?catalogueID=2" "Mozilla/5.0 (Windows NT 5.1) AppleWebKit/537.31 (KHTML, like Gecko) Chrome/26.0.1410.43 Safari/537.31"
123.201.200.131 - - [31/Mar/2013:14:23:37 +0530] "GET /errorPage.htm HTTP/1.1" 304 - "http://exclusive.bagittoday.com/faces/tiles/catalogue.jsp?catalogueID=2" "Mozilla/5.0 (Windows NT 5.1) AppleWebKit/537.31 (KHTML, like Gecko) Chrome/26.0.1410.43 Safari/537.31"
123.201.200.131 - - [31/Mar/2013:14:23:38 +0530] "POST /faces/jsp/jqAjaxResponse.jsp?flag=updateCartSize&catalogueID=2 HTTP/1.1" 200 2347 "http://exclusive.bagittoday.com/faces/tiles/catalogue.jsp?catalogueID=2" "Mozilla/5.0 (Windows NT 5.1) AppleWebKit/537.31 (KHTML, like Gecko) Chrome/26.0.1410.43 Safari/537.31"
123.201.200.131 - - [31/Mar/2013:14:23:38 +0530] "POST /faces/jsp/jqAjaxResponse.jsp?flag=rentlyView HTTP/1.1" 200 5696 "http://exclusive.bagittoday.com/faces/tiles/catalogue.jsp?catalogueID=2" "Mozilla/5.0 (Windows NT 5.1) AppleWebKit/537.31 (KHTML, like Gecko) Chrome/26.0.1410.43 Safari/537.31"
123.201.200.131 - - [31/Mar/2013:14:23:38 +0530] "POST /faces/jsp/jqAjaxResponse.jsp?flag=updateCartSize&catalogueID=2 HTTP/1.1" 200 2347 "http://exclusive.bagittoday.com/faces/tiles/catalogue.jsp?catalogueID=2" "Mozilla/5.0 (Windows NT 5.1) AppleWebKit/537.31 (KHTML, like Gecko) Chrome/26.0.1410.43 Safari/537.31"
123.201.200.131 - - [31/Mar/2013:14:23:38 +0530] "POST /faces/jsp/jqAjaxResponse.jsp?flag=rentlyView HTTP/1.1" 200 5696 "http://exclusive.bagittoday.com/faces/tiles/catalogue.jsp?catalogueID=2" "Mozilla/5.0 (Windows NT 5.1) AppleWebKit/537.31 (KHTML, like Gecko) Chrome/26.0.1410.43 Safari/537.31"
123.201.200.131 - - [31/Mar/2013:14:23:38 +0530] "GET /faces/tiles/catalogue.jsp?catalogueID=2 HTTP/1.1" 200 273028 "http://exclusive.bagittoday.com/faces/tiles/catalogue.jsp?catalogueID=2" "Mozilla/5.0 (Windows NT 5.1) AppleWebKit/537.31 (KHTML, like Gecko) Chrome/26.0.1410.43 Safari/537.31"
123.201.200.131 - - [31/Mar/2013:14:23:40 +0530] "GET /faces/tiles/catalogue.jsp?catalogueID=2 HTTP/1.1" 200 273028 "http://exclusive.bagittoday.com/faces/tiles/catalogue.jsp?catalogueID=2" "Mozilla/5.0 (Windows NT 5.1) AppleWebKit/537.31 (KHTML, like Gecko) Chrome/26.0.1410.43 Safari/537.31"
123.201.200.131 - - [31/Mar/2013:14:23:40 +0530] "POST /faces/jsp/jqAjaxResponse.jsp?flag=updateCartSize&catalogueID=2 HTTP/1.1" 200 2347 "http://exclusive.bagittoday.com/faces/tiles/catalogue.jsp?catalogueID=2" "Mozilla/5.0 (Windows NT 5.1) AppleWebKit/537.31 (KHTML, like Gecko) Chrome/26.0.1410.43 Safari/537.31"
123.201.200.131 - - [31/Mar/2013:14:23:40 +0530] "POST /faces/jsp/jqAjaxResponse.jsp?flag=rentlyView HTTP/1.1" 200 5696 "http://exclusive.bagittoday.com/faces/tiles/catalogue.jsp?catalogueID=2" "Mozilla/5.0 (Windows NT 5.1) AppleWebKit/537.31 (KHTML, like Gecko) Chrome/26.0.1410.43 Safari/537.31"
123.201.200.131 - - [31/Mar/2013:14:23:40 +0530] "POST /faces/jsp/jqAjaxResponse.jsp?flag=updateCartSize&catalogueID=2 HTTP/1.1" 200 2347 "http://exclusive.bagittoday.com/faces/tiles/catalogue.jsp?catalogueID=2" "Mozilla/5.0 (Windows NT 5.1) AppleWebKit/537.31 (KHTML, like Gecko) Chrome/26.0.1410.43 Safari/537.31"
123.201.200.131 - - [31/Mar/2013:14:23:40 +0530] "POST /faces/jsp/jqAjaxResponse.jsp?flag=rentlyView HTTP/1.1" 200 5696 "http://exclusive.bagittoday.com/faces/tiles/catalogue.jsp?catalogueID=2" "Mozilla/5.0 (Windows NT 5.1) AppleWebKit/537.31 (KHTML, like Gecko) Chrome/26.0.1410.43 Safari/537.31"
123.201.200.131 - - [31/Mar/2013:14:23:41 +0530] "GET /faces/tiles/catalogue.jsp?catalogueID=2 HTTP/1.1" 200 273028 "http://exclusive.bagittoday.com/faces/tiles/catalogue.jsp?catalogueID=2" "Mozilla/5.0 (Windows NT 5.1) AppleWebKit/537.31 (KHTML, like Gecko) Chrome/26.0.1410.43 Safari/537.31"
123.201.200.131 - - [31/Mar/2013:14:23:41 +0530] "GET /faces/tiles/catalogue.jsp?catalogueID=2 HTTP/1.1" 200 273028 "http://exclusive.bagittoday.com/faces/tiles/catalogue.jsp?catalogueID=2" "Mozilla/5.0 (Windows NT 5.1) AppleWebKit/537.31 (KHTML, like Gecko) Chrome/26.0.1410.43 Safari/537.31"
123.201.200.131 - - [31/Mar/2013:14:23:41 +0530] "POST /faces/jsp/jqAjaxResponse.jsp?flag=updateCartSize&catalogueID=2 HTTP/1.1" 200 2347 "http://exclusive.bagittoday.com/faces/tiles/catalogue.jsp?catalogueID=2" "Mozilla/5.0 (Windows NT 5.1) AppleWebKit/537.31 (KHTML, like Gecko) Chrome/26.0.1410.43 Safari/537.31"
123.201.200.131 - - [31/Mar/2013:14:23:41 +0530] "POST /faces/jsp/jqAjaxResponse.jsp?flag=rentlyView HTTP/1.1" 200 5696 "http://exclusive.bagittoday.com/faces/tiles/catalogue.jsp?catalogueID=2" "Mozilla/5.0 (Windows NT 5.1) AppleWebKit/537.31 (KHTML, like Gecko) Chrome/26.0.1410.43 Safari/537.31"
123.201.200.131 - - [31/Mar/2013:14:23:42 +0530] "POST /faces/jsp/jqAjaxResponse.jsp?flag=updateCartSize&catalogueID=2 HTTP/1.1" 200 2347 "http://exclusive.bagittoday.com/faces/tiles/catalogue.jsp?catalogueID=2" "Mozilla/5.0 (Windows NT 5.1) AppleWebKit/537.31 (KHTML, like Gecko) Chrome/26.0.1410.43 Safari/537.31"
123.201.200.131 - - [31/Mar/2013:14:23:42 +0530] "POST /faces/jsp/jqAjaxResponse.jsp?flag=rentlyView HTTP/1.1" 200 5696 "http://exclusive.bagittoday.com/faces/tiles/catalogue.jsp?catalogueID=2" "Mozilla/5.0 (Windows NT 5.1) AppleWebKit/537.31 (KHTML, like Gecko) Chrome/26.0.1410.43 Safari/537.31"
123.201.200.131 - - [31/Mar/2013:14:23:42 +0530] "GET /faces/tiles/catalogue.jsp?catalogueID=2 HTTP/1.1" 200 273028 "http://exclusive.bagittoday.com/faces/tiles/catalogue.jsp?catalogueID=2" "Mozilla/5.0 (Windows NT 5.1) AppleWebKit/537.31 (KHTML, like Gecko) Chrome/26.0.1410.43 Safari/537.31"
123.201.200.131 - - [31/Mar/2013:14:23:42 +0530] "GET /faces/tiles/catalogue.jsp?catalogueID=2 HTTP/1.1" 200 273028 "http://exclusive.bagittoday.com/faces/tiles/catalogue.jsp?catalogueID=2" "Mozilla/5.0 (Windows NT 5.1) AppleWebKit/537.31 (KHTML, like Gecko) Chrome/26.0.1410.43 Safari/537.31"
123.201.200.131 - - [31/Mar/2013:14:23:43 +0530] "POST /faces/jsp/jqAjaxResponse.jsp?flag=updateCartSize&catalogueID=2 HTTP/1.1" 200 2347 "http://exclusive.bagittoday.com/faces/tiles/catalogue.jsp?catalogueID=2" "Mozilla/5.0 (Windows NT 5.1) AppleWebKit/537.31 (KHTML, like Gecko) Chrome/26.0.1410.43 Safari/537.31"
123.201.200.131 - - [31/Mar/2013:14:23:43 +0530] "POST /faces/jsp/jqAjaxResponse.jsp?flag=rentlyView HTTP/1.1" 200 5696 "http://exclusive.bagittoday.com/faces/tiles/catalogue.jsp?catalogueID=2" "Mozilla/5.0 (Windows NT 5.1) AppleWebKit/537.31 (KHTML, like Gecko) Chrome/26.0.1410.43 Safari/537.31"
123.201.200.131 - - [31/Mar/2013:14:23:43 +0530] "POST /faces/jsp/jqAjaxResponse.jsp?flag=updateCartSize&catalogueID=2 HTTP/1.1" 200 2347 "http://exclusive.bagittoday.com/faces/tiles/catalogue.jsp?catalogueID=2" "Mozilla/5.0 (Windows NT 5.1) AppleWebKit/537.31 (KHTML, like Gecko) Chrome/26.0.1410.43 Safari/537.31"
123.201.200.131 - - [31/Mar/2013:14:23:43 +0530] "POST /faces/jsp/jqAjaxResponse.jsp?flag=rentlyView HTTP/1.1" 200 5696 "http://exclusive.bagittoday.com/faces/tiles/catalogue.jsp?catalogueID=2" "Mozilla/5.0 (Windows NT 5.1) AppleWebKit/537.31 (KHTML, like Gecko) Chrome/26.0.1410.43 Safari/537.31"
123.201.200.131 - - [31/Mar/2013:14:23:43 +0530] "GET /faces/tiles/catalogue.jsp?catalogueID=2 HTTP/1.1" 200 273028 "http://exclusive.bagittoday.com/faces/tiles/catalogue.jsp?catalogueID=2" "Mozilla/5.0 (Windows NT 5.1) AppleWebKit/537.31 (KHTML, like Gecko) Chrome/26.0.1410.43 Safari/537.31"
123.201.200.131 - - [31/Mar/2013:14:23:44 +0530] "GET /faces/tiles/catalogue.jsp?catalogueID=2 HTTP/1.1" 200 273028 "http://exclusive.bagittoday.com/faces/tiles/catalogue.jsp?catalogueID=2" "Mozilla/5.0 (Windows NT 5.1) AppleWebKit/537.31 (KHTML, like Gecko) Chrome/26.0.1410.43 Safari/537.31"
123.201.200.131 - - [31/Mar/2013:14:23:44 +0530] "POST /faces/jsp/jqAjaxResponse.jsp?flag=updateCartSize&catalogueID=2 HTTP/1.1" 200 2347 "http://exclusive.bagittoday.com/faces/tiles/catalogue.jsp?catalogueID=2" "Mozilla/5.0 (Windows NT 5.1) AppleWebKit/537.31 (KHTML, like Gecko) Chrome/26.0.1410.43 Safari/537.31"
123.201.200.131 - - [31/Mar/2013:14:23:44 +0530] "POST /faces/jsp/jqAjaxResponse.jsp?flag=rentlyView HTTP/1.1" 200 5696 "http://exclusive.bagittoday.com/faces/tiles/catalogue.jsp?catalogueID=2" "Mozilla/5.0 (Windows NT 5.1) AppleWebKit/537.31 (KHTML, like Gecko) Chrome/26.0.1410.43 Safari/537.31"
123.201.200.131 - - [31/Mar/2013:14:23:44 +0530] "POST /faces/jsp/jqAjaxResponse.jsp?flag=updateCartSize&catalogueID=2 HTTP/1.1" 200 2347 "http://exclusive.bagittoday.com/faces/tiles/catalogue.jsp?catalogueID=2" "Mozilla/5.0 (Windows NT 5.1) AppleWebKit/537.31 (KHTML, like Gecko) Chrome/26.0.1410.43 Safari/537.31"
123.201.200.131 - - [31/Mar/2013:14:23:44 +0530] "POST /faces/jsp/jqAjaxResponse.jsp?flag=rentlyView HTTP/1.1" 200 5696 "http://exclusive.bagittoday.com/faces/tiles/catalogue.jsp?catalogueID=2" "Mozilla/5.0 (Windows NT 5.1) AppleWebKit/537.31 (KHTML, like Gecko) Chrome/26.0.1410.43 Safari/537.31"
123.201.200.131 - - [31/Mar/2013:14:23:46 +0530] "GET /faces/tiles/catalogue.jsp?catalogueID=2 HTTP/1.1" 200 273028 "http://exclusive.bagittoday.com/faces/tiles/catalogue.jsp?catalogueID=2" "Mozilla/5.0 (Windows NT 5.1) AppleWebKit/537.31 (KHTML, like Gecko) Chrome/26.0.1410.43 Safari/537.31"
123.201.200.131 - - [31/Mar/2013:14:23:46 +0530] "GET /faces/tiles/catalogue.jsp?catalogueID=2 HTTP/1.1" 200 273028 "http://exclusive.bagittoday.com/faces/tiles/catalogue.jsp?catalogueID=2" "Mozilla/5.0 (Windows NT 5.1) AppleWebKit/537.31 (KHTML, like Gecko) Chrome/26.0.1410.43 Safari/537.31"
123.201.200.131 - - [31/Mar/2013:14:23:47 +0530] "POST /faces/jsp/jqAjaxResponse.jsp?flag=updateCartSize&catalogueID=2 HTTP/1.1" 200 2347 "http://exclusive.bagittoday.com/faces/tiles/catalogue.jsp?catalogueID=2" "Mozilla/5.0 (Windows NT 5.1) AppleWebKit/537.31 (KHTML, like Gecko) Chrome/26.0.1410.43 Safari/537.31"
123.201.200.131 - - [31/Mar/2013:14:23:47 +0530] "POST /faces/jsp/jqAjaxResponse.jsp?flag=rentlyView HTTP/1.1" 200 5696 "http://exclusive.bagittoday.com/faces/tiles/catalogue.jsp?catalogueID=2" "Mozilla/5.0 (Windows NT 5.1) AppleWebKit/537.31 (KHTML, like Gecko) Chrome/26.0.1410.43 Safari/537.31"
123.201.200.131 - - [31/Mar/2013:14:23:47 +0530] "POST /faces/jsp/jqAjaxResponse.jsp?flag=updateCartSize&catalogueID=2 HTTP/1.1" 200 2347 "http://exclusive.bagittoday.com/faces/tiles/catalogue.jsp?catalogueID=2" "Mozilla/5.0 (Windows NT 5.1) AppleWebKit/537.31 (KHTML, like Gecko) Chrome/26.0.1410.43 Safari/537.31"
123.201.200.131 - - [31/Mar/2013:14:23:47 +0530] "POST /faces/jsp/jqAjaxResponse.jsp?flag=rentlyView HTTP/1.1" 200 5696 "http://exclusive.bagittoday.com/faces/tiles/catalogue.jsp?catalogueID=2" "Mozilla/5.0 (Windows NT 5.1) AppleWebKit/537.31 (KHTML, like Gecko) Chrome/26.0.1410.43 Safari/537.31"
123.201.200.131 - - [31/Mar/2013:14:23:47 +0530] "GET /faces/tiles/catalogue.jsp?catalogueID=2 HTTP/1.1" 200 273028 "http://exclusive.bagittoday.com/faces/tiles/catalogue.jsp?catalogueID=2" "Mozilla/5.0 (Windows NT 5.1) AppleWebKit/537.31 (KHTML, like Gecko) Chrome/26.0.1410.43 Safari/537.31"
123.201.200.131 - - [31/Mar/2013:14:23:49 +0530] "GET /faces/tiles/catalogue.jsp?catalogueID=2 HTTP/1.1" 200 273028 "http://exclusive.bagittoday.com/faces/tiles/catalogue.jsp?catalogueID=2" "Mozilla/5.0 (Windows NT 5.1) AppleWebKit/537.31 (KHTML, like Gecko) Chrome/26.0.1410.43 Safari/537.31"
123.201.200.131 - - [31/Mar/2013:14:23:49 +0530] "POST /faces/jsp/jqAjaxResponse.jsp?flag=updateCartSize&catalogueID=2 HTTP/1.1" 200 2347 "http://exclusive.bagittoday.com/faces/tiles/catalogue.jsp?catalogueID=2" "Mozilla/5.0 (Windows NT 5.1) AppleWebKit/537.31 (KHTML, like Gecko) Chrome/26.0.1410.43 Safari/537.31"
123.201.200.131 - - [31/Mar/2013:14:23:49 +0530] "POST /faces/jsp/jqAjaxResponse.jsp?flag=rentlyView HTTP/1.1" 200 5696 "http://exclusive.bagittoday.com/faces/tiles/catalogue.jsp?catalogueID=2" "Mozilla/5.0 (Windows NT 5.1) AppleWebKit/537.31 (KHTML, like Gecko) Chrome/26.0.1410.43 Safari/537.31"
123.201.200.131 - - [31/Mar/2013:14:23:49 +0530] "POST /faces/jsp/jqAjaxResponse.jsp?flag=updateCartSize&catalogueID=2 HTTP/1.1" 200 2347 "http://exclusive.bagittoday.com/faces/tiles/catalogue.jsp?catalogueID=2" "Mozilla/5.0 (Windows NT 5.1) AppleWebKit/537.31 (KHTML, like Gecko) Chrome/26.0.1410.43 Safari/537.31"
123.201.200.131 - - [31/Mar/2013:14:23:49 +0530] "POST /faces/jsp/jqAjaxResponse.jsp?flag=rentlyView HTTP/1.1" 200 5696 "http://exclusive.bagittoday.com/faces/tiles/catalogue.jsp?catalogueID=2" "Mozilla/5.0 (Windows NT 5.1) AppleWebKit/537.31 (KHTML, like Gecko) Chrome/26.0.1410.43 Safari/537.31"
123.201.200.131 - - [31/Mar/2013:14:23:50 +0530] "GET /faces/tiles/catalogue.jsp?catalogueID=2 HTTP/1.1" 200 273028 "http://exclusive.bagittoday.com/faces/tiles/catalogue.jsp?catalogueID=2" "Mozilla/5.0 (Windows NT 5.1) AppleWebKit/537.31 (KHTML, like Gecko) Chrome/26.0.1410.43 Safari/537.31"
123.201.200.131 - - [31/Mar/2013:14:23:50 +0530] "GET /faces/tiles/catalogue.jsp?catalogueID=2 HTTP/1.1" 200 273028 "http://exclusive.bagittoday.com/faces/tiles/catalogue.jsp?catalogueID=2" "Mozilla/5.0 (Windows NT 5.1) AppleWebKit/537.31 (KHTML, like Gecko) Chrome/26.0.1410.43 Safari/537.31"
123.201.200.131 - - [31/Mar/2013:14:23:50 +0530] "POST /faces/jsp/jqAjaxResponse.jsp?flag=updateCartSize&catalogueID=2 HTTP/1.1" 200 2347 "http://exclusive.bagittoday.com/faces/tiles/catalogue.jsp?catalogueID=2" "Mozilla/5.0 (Windows NT 5.1) AppleWebKit/537.31 (KHTML, like Gecko) Chrome/26.0.1410.43 Safari/537.31"
123.201.200.131 - - [31/Mar/2013:14:23:50 +0530] "POST /faces/jsp/jqAjaxResponse.jsp?flag=rentlyView HTTP/1.1" 200 5696 "http://exclusive.bagittoday.com/faces/tiles/catalogue.jsp?catalogueID=2" "Mozilla/5.0 (Windows NT 5.1) AppleWebKit/537.31 (KHTML, like Gecko) Chrome/26.0.1410.43 Safari/537.31"
123.201.200.131 - - [31/Mar/2013:14:23:51 +0530] "POST /faces/jsp/jqAjaxResponse.jsp?flag=updateCartSize&catalogueID=2 HTTP/1.1" 200 2347 "http://exclusive.bagittoday.com/faces/tiles/catalogue.jsp?catalogueID=2" "Mozilla/5.0 (Windows NT 5.1) AppleWebKit/537.31 (KHTML, like Gecko) Chrome/26.0.1410.43 Safari/537.31"
123.201.200.131 - - [31/Mar/2013:14:23:51 +0530] "POST /faces/jsp/jqAjaxResponse.jsp?flag=rentlyView HTTP/1.1" 200 5696 "http://exclusive.bagittoday.com/faces/tiles/catalogue.jsp?catalogueID=2" "Mozilla/5.0 (Windows NT 5.1) AppleWebKit/537.31 (KHTML, like Gecko) Chrome/26.0.1410.43 Safari/537.31"
123.201.200.131 - - [31/Mar/2013:14:23:51 +0530] "GET /faces/tiles/catalogue.jsp?catalogueID=2 HTTP/1.1" 200 273028 "http://exclusive.bagittoday.com/faces/tiles/catalogue.jsp?catalogueID=2" "Mozilla/5.0 (Windows NT 5.1) AppleWebKit/537.31 (KHTML, like Gecko) Chrome/26.0.1410.43 Safari/537.31"
123.201.200.131 - - [31/Mar/2013:14:23:51 +0530] "GET /faces/tiles/catalogue.jsp?catalogueID=2 HTTP/1.1" 200 273028 "http://exclusive.bagittoday.com/faces/tiles/catalogue.jsp?catalogueID=2" "Mozilla/5.0 (Windows NT 5.1) AppleWebKit/537.31 (KHTML, like Gecko) Chrome/26.0.1410.43 Safari/537.31"
123.201.200.131 - - [31/Mar/2013:14:23:51 +0530] "POST /faces/jsp/jqAjaxResponse.jsp?flag=updateCartSize&catalogueID=2 HTTP/1.1" 200 2347 "http://exclusive.bagittoday.com/faces/tiles/catalogue.jsp?catalogueID=2" "Mozilla/5.0 (Windows NT 5.1) AppleWebKit/537.31 (KHTML, like Gecko) Chrome/26.0.1410.43 Safari/537.31"
123.201.200.131 - - [31/Mar/2013:14:23:52 +0530] "POST /faces/jsp/jqAjaxResponse.jsp?flag=rentlyView HTTP/1.1" 200 5696 "http://exclusive.bagittoday.com/faces/tiles/catalogue.jsp?catalogueID=2" "Mozilla/5.0 (Windows NT 5.1) AppleWebKit/537.31 (KHTML, like Gecko) Chrome/26.0.1410.43 Safari/537.31"
123.201.200.131 - - [31/Mar/2013:14:23:52 +0530] "POST /faces/jsp/jqAjaxResponse.jsp?flag=updateCartSize&catalogueID=2 HTTP/1.1" 200 2347 "http://exclusive.bagittoday.com/faces/tiles/catalogue.jsp?catalogueID=2" "Mozilla/5.0 (Windows NT 5.1) AppleWebKit/537.31 (KHTML, like Gecko) Chrome/26.0.1410.43 Safari/537.31"
123.201.200.131 - - [31/Mar/2013:14:23:52 +0530] "POST /faces/jsp/jqAjaxResponse.jsp?flag=rentlyView HTTP/1.1" 200 5696 "http://exclusive.bagittoday.com/faces/tiles/catalogue.jsp?catalogueID=2" "Mozilla/5.0 (Windows NT 5.1) AppleWebKit/537.31 (KHTML, like Gecko) Chrome/26.0.1410.43 Safari/537.31"
123.201.200.131 - - [31/Mar/2013:14:23:52 +0530] "GET /faces/tiles/catalogue.jsp?catalogueID=2 HTTP/1.1" 200 273028 "http://exclusive.bagittoday.com/faces/tiles/catalogue.jsp?catalogueID=2" "Mozilla/5.0 (Windows NT 5.1) AppleWebKit/537.31 (KHTML, like Gecko) Chrome/26.0.1410.43 Safari/537.31"
123.201.200.131 - - [31/Mar/2013:14:23:54 +0530] "GET /faces/tiles/catalogue.jsp?catalogueID=2 HTTP/1.1" 200 273028 "http://exclusive.bagittoday.com/faces/tiles/catalogue.jsp?catalogueID=2" "Mozilla/5.0 (Windows NT 5.1) AppleWebKit/537.31 (KHTML, like Gecko) Chrome/26.0.1410.43 Safari/537.31"
123.201.200.131 - - [31/Mar/2013:14:23:54 +0530] "POST /faces/jsp/jqAjaxResponse.jsp?flag=updateCartSize&catalogueID=2 HTTP/1.1" 200 2347 "http://exclusive.bagittoday.com/faces/tiles/catalogue.jsp?catalogueID=2" "Mozilla/5.0 (Windows NT 5.1) AppleWebKit/537.31 (KHTML, like Gecko) Chrome/26.0.1410.43 Safari/537.31"
123.201.200.131 - - [31/Mar/2013:14:23:55 +0530] "POST /faces/jsp/jqAjaxResponse.jsp?flag=rentlyView HTTP/1.1" 200 5696 "http://exclusive.bagittoday.com/faces/tiles/catalogue.jsp?catalogueID=2" "Mozilla/5.0 (Windows NT 5.1) AppleWebKit/537.31 (KHTML, like Gecko) Chrome/26.0.1410.43 Safari/537.31"
123.201.200.131 - - [31/Mar/2013:14:23:55 +0530] "POST /faces/jsp/jqAjaxResponse.jsp?flag=updateCartSize&catalogueID=2 HTTP/1.1" 200 2347 "http://exclusive.bagittoday.com/faces/tiles/catalogue.jsp?catalogueID=2" "Mozilla/5.0 (Windows NT 5.1) AppleWebKit/537.31 (KHTML, like Gecko) Chrome/26.0.1410.43 Safari/537.31"
123.201.200.131 - - [31/Mar/2013:14:23:55 +0530] "POST /faces/jsp/jqAjaxResponse.jsp?flag=rentlyView HTTP/1.1" 200 5696 "http://exclusive.bagittoday.com/faces/tiles/catalogue.jsp?catalogueID=2" "Mozilla/5.0 (Windows NT 5.1) AppleWebKit/537.31 (KHTML, like Gecko) Chrome/26.0.1410.43 Safari/537.31"
123.201.200.131 - - [31/Mar/2013:14:23:55 +0530] "GET /faces/tiles/catalogue.jsp?catalogueID=2 HTTP/1.1" 200 273028 "http://exclusive.bagittoday.com/faces/tiles/catalogue.jsp?catalogueID=2" "Mozilla/5.0 (Windows NT 5.1) AppleWebKit/537.31 (KHTML, like Gecko) Chrome/26.0.1410.43 Safari/537.31"
123.201.200.131 - - [31/Mar/2013:14:23:56 +0530] "GET /faces/tiles/catalogue.jsp?catalogueID=2 HTTP/1.1" 200 273028 "http://exclusive.bagittoday.com/faces/tiles/catalogue.jsp?catalogueID=2" "Mozilla/5.0 (Windows NT 5.1) AppleWebKit/537.31 (KHTML, like Gecko) Chrome/26.0.1410.43 Safari/537.31"
123.201.200.131 - - [31/Mar/2013:14:23:56 +0530] "POST /faces/jsp/jqAjaxResponse.jsp?flag=updateCartSize&catalogueID=2 HTTP/1.1" 200 2347 "http://exclusive.bagittoday.com/faces/tiles/catalogue.jsp?catalogueID=2" "Mozilla/5.0 (Windows NT 5.1) AppleWebKit/537.31 (KHTML, like Gecko) Chrome/26.0.1410.43 Safari/537.31"
123.201.200.131 - - [31/Mar/2013:14:23:56 +0530] "POST /faces/jsp/jqAjaxResponse.jsp?flag=rentlyView HTTP/1.1" 200 5696 "http://exclusive.bagittoday.com/faces/tiles/catalogue.jsp?catalogueID=2" "Mozilla/5.0 (Windows NT 5.1) AppleWebKit/537.31 (KHTML, like Gecko) Chrome/26.0.1410.43 Safari/537.31"
123.201.200.131 - - [31/Mar/2013:14:23:56 +0530] "POST /faces/jsp/jqAjaxResponse.jsp?flag=updateCartSize&catalogueID=2 HTTP/1.1" 200 2347 "http://exclusive.bagittoday.com/faces/tiles/catalogue.jsp?catalogueID=2" "Mozilla/5.0 (Windows NT 5.1) AppleWebKit/537.31 (KHTML, like Gecko) Chrome/26.0.1410.43 Safari/537.31"
123.201.200.131 - - [31/Mar/2013:14:23:56 +0530] "POST /faces/jsp/jqAjaxResponse.jsp?flag=rentlyView HTTP/1.1" 200 5696 "http://exclusive.bagittoday.com/faces/tiles/catalogue.jsp?catalogueID=2" "Mozilla/5.0 (Windows NT 5.1) AppleWebKit/537.31 (KHTML, like Gecko) Chrome/26.0.1410.43 Safari/537.31"
123.201.200.131 - - [31/Mar/2013:14:23:57 +0530] "GET /faces/tiles/catalogue.jsp?catalogueID=2 HTTP/1.1" 200 273028 "http://exclusive.bagittoday.com/faces/tiles/catalogue.jsp?catalogueID=2" "Mozilla/5.0 (Windows NT 5.1) AppleWebKit/537.31 (KHTML, like Gecko) Chrome/26.0.1410.43 Safari/537.31"
123.201.200.131 - - [31/Mar/2013:14:23:57 +0530] "GET /faces/tiles/catalogue.jsp?catalogueID=2 HTTP/1.1" 200 273028 "http://exclusive.bagittoday.com/faces/tiles/catalogue.jsp?catalogueID=2" "Mozilla/5.0 (Windows NT 5.1) AppleWebKit/537.31 (KHTML, like Gecko) Chrome/26.0.1410.43 Safari/537.31"
123.201.200.131 - - [31/Mar/2013:14:23:57 +0530] "POST /faces/jsp/jqAjaxResponse.jsp?flag=updateCartSize&catalogueID=2 HTTP/1.1" 200 2347 "http://exclusive.bagittoday.com/faces/tiles/catalogue.jsp?catalogueID=2" "Mozilla/5.0 (Windows NT 5.1) AppleWebKit/537.31 (KHTML, like Gecko) Chrome/26.0.1410.43 Safari/537.31"
123.201.200.131 - - [31/Mar/2013:14:23:57 +0530] "POST /faces/jsp/jqAjaxResponse.jsp?flag=rentlyView HTTP/1.1" 200 5696 "http://exclusive.bagittoday.com/faces/tiles/catalogue.jsp?catalogueID=2" "Mozilla/5.0 (Windows NT 5.1) AppleWebKit/537.31 (KHTML, like Gecko) Chrome/26.0.1410.43 Safari/537.31"
123.201.200.131 - - [31/Mar/2013:14:23:57 +0530] "POST /faces/jsp/jqAjaxResponse.jsp?flag=updateCartSize&catalogueID=2 HTTP/1.1" 200 2347 "http://exclusive.bagittoday.com/faces/tiles/catalogue.jsp?catalogueID=2" "Mozilla/5.0 (Windows NT 5.1) AppleWebKit/537.31 (KHTML, like Gecko) Chrome/26.0.1410.43 Safari/537.31"
123.201.200.131 - - [31/Mar/2013:14:23:58 +0530] "POST /faces/jsp/jqAjaxResponse.jsp?flag=rentlyView HTTP/1.1" 200 5696 "http://exclusive.bagittoday.com/faces/tiles/catalogue.jsp?catalogueID=2" "Mozilla/5.0 (Windows NT 5.1) AppleWebKit/537.31 (KHTML, like Gecko) Chrome/26.0.1410.43 Safari/537.31"
123.201.200.131 - - [31/Mar/2013:14:23:58 +0530] "GET /faces/tiles/catalogue.jsp?catalogueID=2 HTTP/1.1" 200 273028 "http://exclusive.bagittoday.com/faces/tiles/catalogue.jsp?catalogueID=2" "Mozilla/5.0 (Windows NT 5.1) AppleWebKit/537.31 (KHTML, like Gecko) Chrome/26.0.1410.43 Safari/537.31"
123.201.200.131 - - [31/Mar/2013:14:23:58 +0530] "GET /faces/tiles/catalogue.jsp?catalogueID=2 HTTP/1.1" 200 273028 "http://exclusive.bagittoday.com/faces/tiles/catalogue.jsp?catalogueID=2" "Mozilla/5.0 (Windows NT 5.1) AppleWebKit/537.31 (KHTML, like Gecko) Chrome/26.0.1410.43 Safari/537.31"
123.201.200.131 - - [31/Mar/2013:14:24:00 +0530] "POST /faces/jsp/jqAjaxResponse.jsp?flag=updateCartSize&catalogueID=2 HTTP/1.1" 200 2347 "http://exclusive.bagittoday.com/faces/tiles/catalogue.jsp?catalogueID=2" "Mozilla/5.0 (Windows NT 5.1) AppleWebKit/537.31 (KHTML, like Gecko) Chrome/26.0.1410.43 Safari/537.31"
125.16.69.49 - - [31/Mar/2013:14:24:00 +0530] "GET /faces/tiles/catalogue.jsp?catalogueID=2 HTTP/1.1" 200 273028 "http://exclusive.bagittoday.com/faces/tiles/catalogue.jsp?catalogueID=2" "Mozilla/5.0 (Windows NT 6.1) AppleWebKit/537.31 (KHTML, like Gecko) Chrome/26.0.1410.43 Safari/537.31"
123.201.200.131 - - [31/Mar/2013:14:24:00 +0530] "POST /faces/jsp/jqAjaxResponse.jsp?flag=rentlyView HTTP/1.1" 200 5696 "http://exclusive.bagittoday.com/faces/tiles/catalogue.jsp?catalogueID=2" "Mozilla/5.0 (Windows NT 5.1) AppleWebKit/537.31 (KHTML, like Gecko) Chrome/26.0.1410.43 Safari/537.31"
123.201.200.131 - - [31/Mar/2013:14:24:00 +0530] "POST /faces/jsp/jqAjaxResponse.jsp?flag=updateCartSize&catalogueID=2 HTTP/1.1" 200 2347 "http://exclusive.bagittoday.com/faces/tiles/catalogue.jsp?catalogueID=2" "Mozilla/5.0 (Windows NT 5.1) AppleWebKit/537.31 (KHTML, like Gecko) Chrome/26.0.1410.43 Safari/537.31"
123.201.200.131 - - [31/Mar/2013:14:24:00 +0530] "POST /faces/jsp/jqAjaxResponse.jsp?flag=rentlyView HTTP/1.1" 200 5696 "http://exclusive.bagittoday.com/faces/tiles/catalogue.jsp?catalogueID=2" "Mozilla/5.0 (Windows NT 5.1) AppleWebKit/537.31 (KHTML, like Gecko) Chrome/26.0.1410.43 Safari/537.31"
125.16.69.49 - - [31/Mar/2013:14:24:00 +0530] "GET /faces/tiles/catalogue.jsp?catalogueID=2 HTTP/1.1" 200 273028 "http://exclusive.bagittoday.com/faces/tiles/catalogue.jsp?catalogueID=2" "Mozilla/5.0 (Windows NT 6.1) AppleWebKit/537.31 (KHTML, like Gecko) Chrome/26.0.1410.43 Safari/537.31"
125.16.69.49 - - [31/Mar/2013:14:24:00 +0530] "GET /faces/tiles/catalogue.jsp?catalogueID=2 HTTP/1.1" 200 273028 "-" "Mozilla/5.0 (Windows NT 6.1; rv:19.0) Gecko/20100101 Firefox/19.0"
125.16.69.49 - - [31/Mar/2013:14:24:00 +0530] "GET /faces/tiles/catalogue.jsp?catalogueID=2 HTTP/1.1" 200 273028 "http://exclusive.bagittoday.com/faces/tiles/catalogue.jsp?catalogueID=2" "Mozilla/5.0 (Windows NT 6.1) AppleWebKit/537.31 (KHTML, like Gecko) Chrome/26.0.1410.43 Safari/537.31"
125.16.69.49 - - [31/Mar/2013:14:24:00 +0530] "GET /faces/tiles/catalogue.jsp?catalogueID=2 HTTP/1.1" 200 273028 "http://exclusive.bagittoday.com/faces/tiles/catalogue.jsp?catalogueID=2" "Mozilla/5.0 (Windows NT 6.1) AppleWebKit/537.31 (KHTML, like Gecko) Chrome/26.0.1410.43 Safari/537.31"
123.201.200.131 - - [31/Mar/2013:14:24:00 +0530] "GET /faces/tiles/catalogue.jsp?catalogueID=2 HTTP/1.1" 200 273028 "http://exclusive.bagittoday.com/faces/tiles/catalogue.jsp?catalogueID=2" "Mozilla/5.0 (Windows NT 5.1) AppleWebKit/537.31 (KHTML, like Gecko) Chrome/26.0.1410.43 Safari/537.31"
125.16.69.49 - - [31/Mar/2013:14:24:01 +0530] "GET /errorPage.htm HTTP/1.1" 304 - "http://exclusive.bagittoday.com/faces/tiles/catalogue.jsp?catalogueID=2" "Mozilla/5.0 (Windows NT 6.1) AppleWebKit/537.31 (KHTML, like Gecko) Chrome/26.0.1410.43 Safari/537.31"
123.201.200.131 - - [31/Mar/2013:14:24:01 +0530] "GET /faces/tiles/catalogue.jsp?catalogueID=2 HTTP/1.1" 200 273028 "http://exclusive.bagittoday.com/faces/tiles/catalogue.jsp?catalogueID=2" "Mozilla/5.0 (Windows NT 5.1) AppleWebKit/537.31 (KHTML, like Gecko) Chrome/26.0.1410.43 Safari/537.31"
123.201.200.131 - - [31/Mar/2013:14:24:02 +0530] "POST /faces/jsp/jqAjaxResponse.jsp?flag=updateCartSize&catalogueID=2 HTTP/1.1" 200 2347 "http://exclusive.bagittoday.com/faces/tiles/catalogue.jsp?catalogueID=2" "Mozilla/5.0 (Windows NT 5.1) AppleWebKit/537.31 (KHTML, like Gecko) Chrome/26.0.1410.43 Safari/537.31"
