10.1.32.179 - - [31/Mar/2013:02:40:59 +0530] "GET /faces/support/gc.jsp HTTP/1.0" 302 - "-" "Wget/1.12 (linux-gnu)"
10.1.32.179 - - [31/Mar/2013:02:41:39 +0530] "GET /faces/support/gc.jsp HTTP/1.0" 302 - "-" "Wget/1.12 (linux-gnu)"
10.1.32.179 - - [31/Mar/2013:02:41:39 +0530] "GET /faces/support/gc.jsp HTTP/1.0" 200 23 "-" "Wget/1.12 (linux-gnu)"
125.19.235.212 - - [31/Mar/2013:02:41:47 +0530] "GET /puma-t-shirt/pr-16682_c-36/ HTTP/1.1" 200 8233 "-" "WinHTTP ActiveXperts"
10.1.32.179 - - [31/Mar/2013:02:41:52 +0530] "GET /sysinfo.jsp HTTP/1.0" 302 - "-" "Wget/1.12 (linux-gnu)"
10.1.32.179 - - [31/Mar/2013:02:41:52 +0530] "GET /sysinfo.jsp HTTP/1.0" 404 986 "-" "Wget/1.12 (linux-gnu)"
125.19.235.212 - - [31/Mar/2013:02:42:33 +0530] "GET /puma-t-shirt/pr-16682_c-36/ HTTP/1.1" 200 8233 "-" "WinHTTP ActiveXperts"
10.1.32.179 - - [31/Mar/2013:02:43:03 +0530] "GET /sysinfo.jsp HTTP/1.0" 302 - "-" "Wget/1.12 (linux-gnu)"
10.1.32.179 - - [31/Mar/2013:02:43:03 +0530] "GET /sysinfo.jsp HTTP/1.0" 200 8717 "-" "Wget/1.12 (linux-gnu)"
123.201.200.131 - - [31/Mar/2013:02:43:22 +0530] "GET /sysinfo.jsp HTTP/1.1" 200 8717 "-" "Mozilla/5.0 (Windows NT 5.1) AppleWebKit/537.31 (KHTML, like Gecko) Chrome/26.0.1410.43 Safari/537.31"
123.201.200.131 - - [31/Mar/2013:02:43:22 +0530] "GET /favicon.ico HTTP/1.1" 404 986 "-" "Mozilla/5.0 (Windows NT 5.1) AppleWebKit/537.31 (KHTML, like Gecko) Chrome/26.0.1410.43 Safari/537.31"
123.201.200.131 - - [31/Mar/2013:02:43:25 +0530] "GET /sysinfo.jsp HTTP/1.1" 200 8718 "-" "Mozilla/5.0 (Windows NT 5.1) AppleWebKit/537.31 (KHTML, like Gecko) Chrome/26.0.1410.43 Safari/537.31"
123.201.200.131 - - [31/Mar/2013:02:43:25 +0530] "GET /favicon.ico HTTP/1.1" 404 986 "-" "Mozilla/5.0 (Windows NT 5.1) AppleWebKit/537.31 (KHTML, like Gecko) Chrome/26.0.1410.43 Safari/537.31"
125.19.235.212 - - [31/Mar/2013:02:43:38 +0530] "GET /puma-t-shirt/pr-16682_c-36/ HTTP/1.1" 200 8233 "-" "WinHTTP ActiveXperts"
123.201.200.131 - - [31/Mar/2013:02:43:49 +0530] "GET /sysinfo.jsp?s1=1&s2=1&s3=1&s4=1&s5=1&s6=1&s7=1&s8=1&s9=1&s10=1&jndiName=jdbc%2Fbit&contextName= HTTP/1.1" 200 9214 "http://exclusive1.bagittoday.com/sysinfo.jsp" "Mozilla/5.0 (Windows NT 5.1) AppleWebKit/537.31 (KHTML, like Gecko) Chrome/26.0.1410.43 Safari/537.31"
125.19.235.212 - - [31/Mar/2013:02:44:38 +0530] "GET /puma-t-shirt/pr-16682_c-36/ HTTP/1.1" 200 8233 "-" "WinHTTP ActiveXperts"
123.201.200.131 - - [31/Mar/2013:02:47:22 +0530] "GET /favicon.ico HTTP/1.1" 404 986 "-" "Mozilla/5.0 (Windows NT 5.1) AppleWebKit/537.31 (KHTML, like Gecko) Chrome/26.0.1410.43 Safari/537.31"
123.201.200.131 - - [31/Mar/2013:02:47:25 +0530] "GET /sysinfo.jsp?s1=1&s2=1&s3=1&s4=1&s5=1&s6=1&s7=1&s8=1&s9=1&s10=1&jndiName=jdbc%2Fbit&contextName= HTTP/1.1" 200 9214 "http://exclusive1.bagittoday.com/sysinfo.jsp" "Mozilla/5.0 (Windows NT 5.1) AppleWebKit/537.31 (KHTML, like Gecko) Chrome/26.0.1410.43 Safari/537.31"
123.201.200.131 - - [31/Mar/2013:02:47:25 +0530] "GET /sysinfo.jsp?s1=1&s2=1&s3=1&s4=1&s5=1&s6=1&s7=1&s8=1&s9=1&s10=1&jndiName=jdbc%2Fbit&contextName= HTTP/1.1" 200 9214 "http://exclusive1.bagittoday.com/sysinfo.jsp" "Mozilla/5.0 (Windows NT 5.1) AppleWebKit/537.31 (KHTML, like Gecko) Chrome/26.0.1410.43 Safari/537.31"
10.1.32.179 - - [31/Mar/2013:02:47:35 +0530] "GET /faces/cache/flushOrgAndAppCache.jsp?param=orgCacheflush=true HTTP/1.1" 200 106 "-" "Java/1.7.0_09-icedtea"
123.201.200.131 - - [31/Mar/2013:02:47:35 +0530] "GET /faces/cache/clearCache.jsp?nodes=http://exclusive1.bagittoday.com:18080/faces/cache/flushOrgAndAppCache.jsp?param=orgCache,http://exclusive1.bagittoday.com:28080/faces/cache/flushOrgAndAppCache.jsp?param=orgCache,http://exclusive2.bagittoday.com:18080/faces/cache/flushOrgAndAppCache.jsp?param=orgCache,http://exclusive2.bagittoday.com:28080/faces/cache/flushOrgAndAppCache.jsp?param=orgCache HTTP/1.1" 200 133 "-" "Mozilla/5.0 (Windows NT 5.1) AppleWebKit/537.31 (KHTML, like Gecko) Chrome/26.0.1410.43 Safari/537.31"
125.19.235.212 - - [31/Mar/2013:02:47:55 +0530] "GET /puma-t-shirt/pr-16682_c-36/ HTTP/1.1" 200 8233 "-" "WinHTTP ActiveXperts"
125.19.235.212 - - [31/Mar/2013:02:48:44 +0530] "GET /puma-t-shirt/pr-16682_c-36/ HTTP/1.1" 200 8233 "-" "WinHTTP ActiveXperts"
123.201.200.131 - - [31/Mar/2013:02:49:36 +0530] "GET /sysinfo.jsp?s1=1&s2=1&s3=1&s4=1&s5=1&s6=1&s7=1&s8=1&s9=1&s10=1&jndiName=jdbc%2Fbit&contextName= HTTP/1.1" 200 9215 "http://exclusive1.bagittoday.com/sysinfo.jsp" "Mozilla/5.0 (Windows NT 5.1) AppleWebKit/537.31 (KHTML, like Gecko) Chrome/26.0.1410.43 Safari/537.31"
123.201.200.131 - - [31/Mar/2013:02:49:36 +0530] "GET /sysinfo.jsp?s1=1&s2=1&s3=1&s4=1&s5=1&s6=1&s7=1&s8=1&s9=1&s10=1&jndiName=jdbc%2Fbit&contextName= HTTP/1.1" 200 9215 "http://exclusive1.bagittoday.com/sysinfo.jsp" "Mozilla/5.0 (Windows NT 5.1) AppleWebKit/537.31 (KHTML, like Gecko) Chrome/26.0.1410.43 Safari/537.31"
125.19.235.212 - - [31/Mar/2013:02:49:43 +0530] "GET /puma-t-shirt/pr-16682_c-36/ HTTP/1.1" 200 8233 "-" "WinHTTP ActiveXperts"
125.19.235.212 - - [31/Mar/2013:02:50:46 +0530] "GET /puma-t-shirt/pr-16682_c-36/ HTTP/1.1" 200 8233 "-" "WinHTTP ActiveXperts"
123.201.200.131 - - [31/Mar/2013:02:52:43 +0530] "GET /favicon.ico HTTP/1.1" 404 986 "-" "Mozilla/5.0 (Windows NT 5.1) AppleWebKit/537.31 (KHTML, like Gecko) Chrome/26.0.1410.43 Safari/537.31"
123.201.200.131 - - [31/Mar/2013:02:52:43 +0530] "GET /favicon.ico HTTP/1.1" 404 986 "-" "Mozilla/5.0 (Windows NT 5.1) AppleWebKit/537.31 (KHTML, like Gecko) Chrome/26.0.1410.43 Safari/537.31"
123.201.200.131 - - [31/Mar/2013:02:52:45 +0530] "GET /favicon.ico HTTP/1.1" 404 986 "-" "Mozilla/5.0 (Windows NT 5.1) AppleWebKit/537.31 (KHTML, like Gecko) Chrome/26.0.1410.43 Safari/537.31"
123.201.200.131 - - [31/Mar/2013:02:52:45 +0530] "GET /favicon.ico HTTP/1.1" 404 986 "-" "Mozilla/5.0 (Windows NT 5.1) AppleWebKit/537.31 (KHTML, like Gecko) Chrome/26.0.1410.43 Safari/537.31"
125.19.235.212 - - [31/Mar/2013:02:53:08 +0530] "GET /puma-t-shirt/pr-16682_c-36/ HTTP/1.1" 200 8233 "-" "WinHTTP ActiveXperts"
125.19.235.212 - - [31/Mar/2013:02:53:55 +0530] "GET /puma-t-shirt/pr-16682_c-36/ HTTP/1.1" 200 8233 "-" "WinHTTP ActiveXperts"
125.19.235.212 - - [31/Mar/2013:02:53:55 +0530] "GET /faces/tiles/catalogue.jsp?catalogueID=2 HTTP/1.1" 200 273979 "-" "WinHTTP ActiveXperts"
125.19.235.212 - - [31/Mar/2013:02:53:55 +0530] "GET /faces/tiles/catalogue.jsp?catalogueID=2 HTTP/1.1" 200 - "-" "WinHTTP ActiveXperts"
10.1.32.179 - - [31/Mar/2013:02:54:22 +0530] "GET /faces/cache/flushOrgAndAppCache.jsp?param=orgCacheflush=true HTTP/1.1" 200 106 "-" "Java/1.7.0_09-icedtea"
123.201.200.131 - - [31/Mar/2013:02:54:22 +0530] "GET /faces/cache/clearCache.jsp?nodes=http://exclusive1.bagittoday.com:18080/faces/cache/flushOrgAndAppCache.jsp?param=orgCache,http://exclusive1.bagittoday.com:28080/faces/cache/flushOrgAndAppCache.jsp?param=orgCache,http://exclusive2.bagittoday.com:18080/faces/cache/flushOrgAndAppCache.jsp?param=orgCache,http://exclusive2.bagittoday.com:28080/faces/cache/flushOrgAndAppCache.jsp?param=orgCache HTTP/1.1" 200 133 "-" "Mozilla/5.0 (Windows NT 5.1) AppleWebKit/537.31 (KHTML, like Gecko) Chrome/26.0.1410.43 Safari/537.31"
123.201.200.131 - - [31/Mar/2013:02:54:22 +0530] "GET /favicon.ico HTTP/1.1" 404 986 "-" "Mozilla/5.0 (Windows NT 5.1) AppleWebKit/537.31 (KHTML, like Gecko) Chrome/26.0.1410.43 Safari/537.31"
123.201.200.131 - - [31/Mar/2013:02:54:23 +0530] "GET /sysinfo.jsp?s1=1&s2=1&s3=1&s4=1&s5=1&s6=1&s7=1&s8=1&s9=1&s10=1&jndiName=jdbc%2Fbit&contextName= HTTP/1.1" 200 9216 "http://exclusive1.bagittoday.com/sysinfo.jsp" "Mozilla/5.0 (Windows NT 5.1) AppleWebKit/537.31 (KHTML, like Gecko) Chrome/26.0.1410.43 Safari/537.31"
123.201.200.131 - - [31/Mar/2013:02:54:23 +0530] "GET /favicon.ico HTTP/1.1" 404 986 "-" "Mozilla/5.0 (Windows NT 5.1) AppleWebKit/537.31 (KHTML, like Gecko) Chrome/26.0.1410.43 Safari/537.31"
123.201.200.131 - - [31/Mar/2013:02:54:29 +0530] "GET /faces/jsp/indexWeb.jsp HTTP/1.1" 302 - "http://exclusive1.bagittoday.com/Accessories/c-41/" "Mozilla/5.0 (Windows NT 5.1) AppleWebKit/537.31 (KHTML, like Gecko) Chrome/26.0.1410.43 Safari/537.31"
125.19.235.212 - - [31/Mar/2013:02:54:55 +0530] "GET /puma-t-shirt/pr-16682_c-36/ HTTP/1.1" 200 8233 "-" "WinHTTP ActiveXperts"
123.201.200.131 - - [31/Mar/2013:02:54:58 +0530] "GET /faces/tiles/catalogue.jsp?catalogueID=2 HTTP/1.1" 200 277134 "http://exclusive1.bagittoday.com/Accessories/c-41/" "Mozilla/5.0 (Windows NT 5.1) AppleWebKit/537.31 (KHTML, like Gecko) Chrome/26.0.1410.43 Safari/537.31"
123.201.200.131 - - [31/Mar/2013:02:54:58 +0530] "POST /faces/jsp/jqAjaxResponse.jsp?flag=updateCartSize&catalogueID=2 HTTP/1.1" 200 2191 "http://exclusive1.bagittoday.com/faces/tiles/catalogue.jsp?catalogueID=2" "Mozilla/5.0 (Windows NT 5.1) AppleWebKit/537.31 (KHTML, like Gecko) Chrome/26.0.1410.43 Safari/537.31"
123.201.200.131 - - [31/Mar/2013:02:54:59 +0530] "POST /faces/jsp/jqAjaxResponse.jsp?flag=rentlyView HTTP/1.1" 200 3477 "http://exclusive1.bagittoday.com/faces/tiles/catalogue.jsp?catalogueID=2" "Mozilla/5.0 (Windows NT 5.1) AppleWebKit/537.31 (KHTML, like Gecko) Chrome/26.0.1410.43 Safari/537.31"
125.19.235.212 - - [31/Mar/2013:02:55:08 +0530] "GET /faces/tiles/catalogue.jsp?catalogueID=2 HTTP/1.1" 200 - "-" "WinHTTP ActiveXperts"
125.19.235.212 - - [31/Mar/2013:02:55:54 +0530] "GET /puma-t-shirt/pr-16682_c-36/ HTTP/1.1" 200 8233 "-" "WinHTTP ActiveXperts"
125.19.235.212 - - [31/Mar/2013:02:56:08 +0530] "GET /faces/tiles/catalogue.jsp?catalogueID=2 HTTP/1.1" 200 - "-" "WinHTTP ActiveXperts"
125.19.235.212 - - [31/Mar/2013:02:56:54 +0530] "GET /puma-t-shirt/pr-16682_c-36/ HTTP/1.1" 200 8233 "-" "WinHTTP ActiveXperts"
125.19.235.212 - - [31/Mar/2013:02:57:09 +0530] "GET /faces/tiles/catalogue.jsp?catalogueID=2 HTTP/1.1" 200 - "-" "WinHTTP ActiveXperts"
106.205.36.178 - - [31/Mar/2013:02:57:23 +0530] "GET /faces/tiles/catalogue.jsp?catalogueID=2 HTTP/1.1" 200 277134 "-" "Mozilla/5.0 (Linux; Android 4.1.2; GT-P3100 Build/JZO54K) AppleWebKit/537.22 (KHTML, like Gecko) Chrome/25.0.1364.169 Safari/537.22"
106.205.36.178 - - [31/Mar/2013:02:57:26 +0530] "GET /errorPage.htm HTTP/1.1" 404 992 "http://exclusive.bagittoday.com/" "Mozilla/5.0 (Linux; Android 4.1.2; GT-P3100 Build/JZO54K) AppleWebKit/537.22 (KHTML, like Gecko) Chrome/25.0.1364.169 Safari/537.22"
125.19.235.212 - - [31/Mar/2013:02:57:57 +0530] "GET /puma-t-shirt/pr-16682_c-36/ HTTP/1.1" 200 8233 "-" "WinHTTP ActiveXperts"
125.19.235.212 - - [31/Mar/2013:02:58:09 +0530] "GET /faces/tiles/catalogue.jsp?catalogueID=2 HTTP/1.1" 200 - "-" "WinHTTP ActiveXperts"
106.205.36.178 - - [31/Mar/2013:02:58:23 +0530] "POST /faces/jsp/jqAjaxResponse.jsp?flag=updateCartSize&catalogueID=2 HTTP/1.1" 200 2190 "http://exclusive.bagittoday.com/" "Mozilla/5.0 (Linux; Android 4.1.2; GT-P3100 Build/JZO54K) AppleWebKit/537.22 (KHTML, like Gecko) Chrome/25.0.1364.169 Safari/537.22"
106.205.36.178 - - [31/Mar/2013:02:58:23 +0530] "POST /faces/jsp/jqAjaxResponse.jsp?flag=rentlyView HTTP/1.1" 200 324 "http://exclusive.bagittoday.com/" "Mozilla/5.0 (Linux; Android 4.1.2; GT-P3100 Build/JZO54K) AppleWebKit/537.22 (KHTML, like Gecko) Chrome/25.0.1364.169 Safari/537.22"
125.19.235.212 - - [31/Mar/2013:02:58:57 +0530] "GET /puma-t-shirt/pr-16682_c-36/ HTTP/1.1" 200 8233 "-" "WinHTTP ActiveXperts"
106.205.36.178 - - [31/Mar/2013:02:59:00 +0530] "GET /apple-touch-icon-precomposed.png HTTP/1.1" 404 1049 "-" "Mozilla/5.0 (Linux; Android 4.1.2; GT-P3100 Build/JZO54K) AppleWebKit/537.22 (KHTML, like Gecko) Chrome/25.0.1364.169 Safari/537.22"
106.205.36.178 - - [31/Mar/2013:02:59:00 +0530] "GET /apple-touch-icon.png HTTP/1.1" 404 1013 "-" "Mozilla/5.0 (Linux; Android 4.1.2; GT-P3100 Build/JZO54K) AppleWebKit/537.22 (KHTML, like Gecko) Chrome/25.0.1364.169 Safari/537.22"
125.19.235.212 - - [31/Mar/2013:02:59:57 +0530] "GET /puma-t-shirt/pr-16682_c-36/ HTTP/1.1" 200 8233 "-" "WinHTTP ActiveXperts"
125.19.235.212 - - [31/Mar/2013:03:00:14 +0530] "GET /faces/tiles/catalogue.jsp?catalogueID=2 HTTP/1.1" 200 - "-" "WinHTTP ActiveXperts"
125.19.235.212 - - [31/Mar/2013:03:00:57 +0530] "GET /puma-t-shirt/pr-16682_c-36/ HTTP/1.1" 200 8233 "-" "WinHTTP ActiveXperts"
125.19.235.212 - - [31/Mar/2013:03:01:14 +0530] "GET /faces/tiles/catalogue.jsp?catalogueID=2 HTTP/1.1" 200 - "-" "WinHTTP ActiveXperts"
106.205.36.178 - - [31/Mar/2013:03:01:52 +0530] "GET /faces/jsp/jqAjaxResponseForBoutique.jsp?flag=autoScrollBoutique&boutiqueCount=1&autoScrollBoutiqueId=1388,1165 HTTP/1.1" 200 2827 "http://exclusive.bagittoday.com/" "Mozilla/5.0 (Linux; Android 4.1.2; GT-P3100 Build/JZO54K) AppleWebKit/537.22 (KHTML, like Gecko) Chrome/25.0.1364.169 Safari/537.22"
125.19.235.212 - - [31/Mar/2013:03:01:56 +0530] "GET /puma-t-shirt/pr-16682_c-36/ HTTP/1.1" 200 8233 "-" "WinHTTP ActiveXperts"
106.205.36.178 - - [31/Mar/2013:03:02:02 +0530] "GET /faces/jsp/jqAjaxResponseForBoutique.jsp?flag=autoScrollBoutique&boutiqueCount=1&autoScrollBoutiqueId=1265,1258 HTTP/1.1" 200 2718 "http://exclusive.bagittoday.com/" "Mozilla/5.0 (Linux; Android 4.1.2; GT-P3100 Build/JZO54K) AppleWebKit/537.22 (KHTML, like Gecko) Chrome/25.0.1364.169 Safari/537.22"
106.205.36.178 - - [31/Mar/2013:03:02:08 +0530] "GET /faces/jsp/jqAjaxResponseForBoutique.jsp?flag=autoScrollBoutique&boutiqueCount=1&autoScrollBoutiqueId=1166,1183 HTTP/1.1" 200 2729 "http://exclusive.bagittoday.com/" "Mozilla/5.0 (Linux; Android 4.1.2; GT-P3100 Build/JZO54K) AppleWebKit/537.22 (KHTML, like Gecko) Chrome/25.0.1364.169 Safari/537.22"
106.205.36.178 - - [31/Mar/2013:03:02:14 +0530] "GET /faces/jsp/jqAjaxResponseForBoutique.jsp?flag=autoScrollBoutique&boutiqueCount=1&autoScrollBoutiqueId=1396,1386 HTTP/1.1" 200 2859 "http://exclusive.bagittoday.com/" "Mozilla/5.0 (Linux; Android 4.1.2; GT-P3100 Build/JZO54K) AppleWebKit/537.22 (KHTML, like Gecko) Chrome/25.0.1364.169 Safari/537.22"
125.19.235.212 - - [31/Mar/2013:03:02:14 +0530] "GET /faces/tiles/catalogue.jsp?catalogueID=2 HTTP/1.1" 200 - "-" "WinHTTP ActiveXperts"
106.205.36.178 - - [31/Mar/2013:03:02:24 +0530] "GET /faces/tiles/boutique.jsp?catalogueID=2&boutiqueID=1265 HTTP/1.1" 200 330408 "http://exclusive.bagittoday.com/" "Mozilla/5.0 (Linux; Android 4.1.2; GT-P3100 Build/JZO54K) AppleWebKit/537.22 (KHTML, like Gecko) Chrome/25.0.1364.169 Safari/537.22"
106.205.36.178 - - [31/Mar/2013:03:02:27 +0530] "GET /errorPage.htm HTTP/1.1" 404 992 "http://exclusive.bagittoday.com/health-care/b-1265/" "Mozilla/5.0 (Linux; Android 4.1.2; GT-P3100 Build/JZO54K) AppleWebKit/537.22 (KHTML, like Gecko) Chrome/25.0.1364.169 Safari/537.22"
106.205.36.178 - - [31/Mar/2013:03:02:48 +0530] "POST /faces/jsp/jqAjaxResponse.jsp?flag=updateCartSize&catalogueID=2 HTTP/1.1" 200 2190 "http://exclusive.bagittoday.com/health-care/b-1265/" "Mozilla/5.0 (Linux; Android 4.1.2; GT-P3100 Build/JZO54K) AppleWebKit/537.22 (KHTML, like Gecko) Chrome/25.0.1364.169 Safari/537.22"
106.205.36.178 - - [31/Mar/2013:03:02:48 +0530] "POST /faces/jsp/jqAjaxResponse.jsp?flag=rentlyView HTTP/1.1" 200 324 "http://exclusive.bagittoday.com/health-care/b-1265/" "Mozilla/5.0 (Linux; Android 4.1.2; GT-P3100 Build/JZO54K) AppleWebKit/537.22 (KHTML, like Gecko) Chrome/25.0.1364.169 Safari/537.22"
125.19.235.212 - - [31/Mar/2013:03:02:56 +0530] "GET /puma-t-shirt/pr-16682_c-36/ HTTP/1.1" 200 8233 "-" "WinHTTP ActiveXperts"
106.205.36.178 - - [31/Mar/2013:03:03:01 +0530] "GET /apple-touch-icon-precomposed.png HTTP/1.1" 404 1049 "-" "Mozilla/5.0 (Linux; Android 4.1.2; GT-P3100 Build/JZO54K) AppleWebKit/537.22 (KHTML, like Gecko) Chrome/25.0.1364.169 Safari/537.22"
106.205.36.178 - - [31/Mar/2013:03:03:01 +0530] "GET /apple-touch-icon.png HTTP/1.1" 404 1013 "-" "Mozilla/5.0 (Linux; Android 4.1.2; GT-P3100 Build/JZO54K) AppleWebKit/537.22 (KHTML, like Gecko) Chrome/25.0.1364.169 Safari/537.22"
125.19.235.212 - - [31/Mar/2013:03:03:56 +0530] "GET /puma-t-shirt/pr-16682_c-36/ HTTP/1.1" 200 8233 "-" "WinHTTP ActiveXperts"
125.19.235.212 - - [31/Mar/2013:03:04:17 +0530] "GET /faces/tiles/catalogue.jsp?catalogueID=2 HTTP/1.1" 200 - "-" "WinHTTP ActiveXperts"
125.19.235.212 - - [31/Mar/2013:03:04:56 +0530] "GET /puma-t-shirt/pr-16682_c-36/ HTTP/1.1" 200 8233 "-" "WinHTTP ActiveXperts"
125.19.235.212 - - [31/Mar/2013:03:05:25 +0530] "GET /faces/tiles/catalogue.jsp?catalogueID=2 HTTP/1.1" 200 - "-" "WinHTTP ActiveXperts"
125.19.235.212 - - [31/Mar/2013:03:05:59 +0530] "GET /puma-t-shirt/pr-16682_c-36/ HTTP/1.1" 200 8233 "-" "WinHTTP ActiveXperts"
125.19.235.212 - - [31/Mar/2013:03:06:25 +0530] "GET /faces/tiles/catalogue.jsp?catalogueID=2 HTTP/1.1" 200 - "-" "WinHTTP ActiveXperts"
125.19.235.212 - - [31/Mar/2013:03:06:59 +0530] "GET /puma-t-shirt/pr-16682_c-36/ HTTP/1.1" 200 8233 "-" "WinHTTP ActiveXperts"
125.19.235.212 - - [31/Mar/2013:03:07:30 +0530] "GET /faces/tiles/catalogue.jsp?catalogueID=2 HTTP/1.1" 200 - "-" "WinHTTP ActiveXperts"
125.19.235.212 - - [31/Mar/2013:03:07:58 +0530] "GET /puma-t-shirt/pr-16682_c-36/ HTTP/1.1" 200 8233 "-" "WinHTTP ActiveXperts"
125.19.235.212 - - [31/Mar/2013:03:08:42 +0530] "GET /faces/tiles/catalogue.jsp?catalogueID=2 HTTP/1.1" 200 - "-" "WinHTTP ActiveXperts"
125.19.235.212 - - [31/Mar/2013:03:09:01 +0530] "GET /puma-t-shirt/pr-16682_c-36/ HTTP/1.1" 200 8233 "-" "WinHTTP ActiveXperts"
123.201.200.131 - - [31/Mar/2013:03:11:48 +0530] "GET /favicon.ico HTTP/1.1" 404 986 "-" "Mozilla/5.0 (Windows NT 5.1) AppleWebKit/537.31 (KHTML, like Gecko) Chrome/26.0.1410.43 Safari/537.31"
123.201.200.131 - - [31/Mar/2013:03:11:48 +0530] "GET /favicon.ico HTTP/1.1" 404 986 "-" "Mozilla/5.0 (Windows NT 5.1) AppleWebKit/537.31 (KHTML, like Gecko) Chrome/26.0.1410.43 Safari/537.31"
123.201.200.131 - - [31/Mar/2013:03:11:49 +0530] "GET /favicon.ico HTTP/1.1" 404 986 "-" "Mozilla/5.0 (Windows NT 5.1) AppleWebKit/537.31 (KHTML, like Gecko) Chrome/26.0.1410.43 Safari/537.31"
123.201.200.131 - - [31/Mar/2013:03:11:51 +0530] "GET /favicon.ico HTTP/1.1" 404 986 "-" "Mozilla/5.0 (Windows NT 5.1) AppleWebKit/537.31 (KHTML, like Gecko) Chrome/26.0.1410.43 Safari/537.31"
123.201.200.131 - - [31/Mar/2013:03:11:55 +0530] "GET /favicon.ico HTTP/1.1" 404 986 "-" "Mozilla/5.0 (Windows NT 5.1) AppleWebKit/537.31 (KHTML, like Gecko) Chrome/26.0.1410.43 Safari/537.31"
123.201.200.131 - - [31/Mar/2013:03:11:55 +0530] "GET /favicon.ico HTTP/1.1" 404 986 "-" "Mozilla/5.0 (Windows NT 5.1) AppleWebKit/537.31 (KHTML, like Gecko) Chrome/26.0.1410.43 Safari/537.31"
123.201.200.131 - - [31/Mar/2013:03:11:57 +0530] "GET /favicon.ico HTTP/1.1" 404 986 "-" "Mozilla/5.0 (Windows NT 5.1) AppleWebKit/537.31 (KHTML, like Gecko) Chrome/26.0.1410.43 Safari/537.31"
123.201.200.131 - - [31/Mar/2013:03:11:58 +0530] "GET /favicon.ico HTTP/1.1" 404 986 "-" "Mozilla/5.0 (Windows NT 5.1) AppleWebKit/537.31 (KHTML, like Gecko) Chrome/26.0.1410.43 Safari/537.31"
123.201.200.131 - - [31/Mar/2013:03:12:04 +0530] "GET /favicon.ico HTTP/1.1" 404 986 "-" "Mozilla/5.0 (Windows NT 5.1) AppleWebKit/537.31 (KHTML, like Gecko) Chrome/26.0.1410.43 Safari/537.31"
123.201.200.131 - - [31/Mar/2013:03:12:04 +0530] "GET /favicon.ico HTTP/1.1" 404 986 "-" "Mozilla/5.0 (Windows NT 5.1) AppleWebKit/537.31 (KHTML, like Gecko) Chrome/26.0.1410.43 Safari/537.31"
10.1.32.179 - - [31/Mar/2013:03:12:23 +0530] "GET /faces/cache/flushOrgAndAppCache.jsp?param=orgCacheflush=true HTTP/1.1" 200 106 "-" "Java/1.7.0_09-icedtea"
125.19.235.212 - - [31/Mar/2013:03:12:30 +0530] "GET /faces/tiles/catalogue.jsp?catalogueID=2 HTTP/1.1" 200 273979 "-" "WinHTTP ActiveXperts"
125.19.235.212 - - [31/Mar/2013:03:12:30 +0530] "GET /faces/tiles/catalogue.jsp?catalogueID=2 HTTP/1.1" 200 273979 "-" "WinHTTP ActiveXperts"
123.201.200.131 - - [31/Mar/2013:03:12:58 +0530] "GET /favicon.ico HTTP/1.1" 404 986 "-" "Mozilla/5.0 (Windows NT 5.1) AppleWebKit/537.31 (KHTML, like Gecko) Chrome/26.0.1410.43 Safari/537.31"
123.201.200.131 - - [31/Mar/2013:03:15:12 +0530] "GET /favicon.ico HTTP/1.1" 404 986 "-" "Mozilla/5.0 (Windows NT 5.1) AppleWebKit/537.31 (KHTML, like Gecko) Chrome/26.0.1410.43 Safari/537.31"
123.201.200.131 - - [31/Mar/2013:03:15:49 +0530] "GET /favicon.ico HTTP/1.1" 404 986 "-" "Mozilla/5.0 (Windows NT 5.1) AppleWebKit/537.31 (KHTML, like Gecko) Chrome/26.0.1410.43 Safari/537.31"
125.19.235.212 - - [31/Mar/2013:03:16:50 +0530] "GET /faces/tiles/catalogue.jsp?catalogueID=2 HTTP/1.1" 200 273979 "-" "WinHTTP ActiveXperts"
125.19.235.212 - - [31/Mar/2013:03:18:50 +0530] "GET /faces/tiles/catalogue.jsp?catalogueID=2 HTTP/1.1" 200 - "-" "WinHTTP ActiveXperts"
125.19.235.212 - - [31/Mar/2013:03:19:54 +0530] "GET /faces/tiles/catalogue.jsp?catalogueID=2 HTTP/1.1" 200 - "-" "WinHTTP ActiveXperts"
125.19.235.212 - - [31/Mar/2013:03:21:53 +0530] "GET /faces/tiles/catalogue.jsp?catalogueID=2 HTTP/1.1" 200 - "-" "WinHTTP ActiveXperts"
123.201.200.131 - - [31/Mar/2013:03:22:19 +0530] "GET /favicon.ico HTTP/1.1" 404 986 "-" "Mozilla/5.0 (Windows NT 5.1) AppleWebKit/537.31 (KHTML, like Gecko) Chrome/26.0.1410.43 Safari/537.31"
123.201.200.131 - - [31/Mar/2013:03:22:34 +0530] "GET /favicon.ico HTTP/1.1" 404 986 "-" "Mozilla/5.0 (Windows NT 5.1) AppleWebKit/537.31 (KHTML, like Gecko) Chrome/26.0.1410.43 Safari/537.31"
123.201.200.131 - - [31/Mar/2013:03:23:17 +0530] "GET /favicon.ico HTTP/1.1" 404 986 "-" "Mozilla/5.0 (Windows NT 5.1) AppleWebKit/537.31 (KHTML, like Gecko) Chrome/26.0.1410.43 Safari/537.31"
123.201.200.131 - - [31/Mar/2013:03:23:18 +0530] "GET /favicon.ico HTTP/1.1" 404 986 "-" "Mozilla/5.0 (Windows NT 5.1) AppleWebKit/537.31 (KHTML, like Gecko) Chrome/26.0.1410.43 Safari/537.31"
123.201.200.131 - - [31/Mar/2013:03:23:22 +0530] "GET /favicon.ico HTTP/1.1" 404 986 "-" "Mozilla/5.0 (Windows NT 5.1) AppleWebKit/537.31 (KHTML, like Gecko) Chrome/26.0.1410.43 Safari/537.31"
123.201.200.131 - - [31/Mar/2013:03:23:29 +0530] "GET /favicon.ico HTTP/1.1" 404 986 "-" "Mozilla/5.0 (Windows NT 5.1) AppleWebKit/537.31 (KHTML, like Gecko) Chrome/26.0.1410.43 Safari/537.31"
125.19.235.212 - - [31/Mar/2013:03:23:53 +0530] "GET /faces/tiles/catalogue.jsp?catalogueID=2 HTTP/1.1" 200 - "-" "WinHTTP ActiveXperts"
123.201.200.131 - - [31/Mar/2013:03:24:08 +0530] "GET /favicon.ico HTTP/1.1" 404 986 "-" "Mozilla/5.0 (Windows NT 5.1) AppleWebKit/537.31 (KHTML, like Gecko) Chrome/26.0.1410.43 Safari/537.31"
125.19.235.212 - - [31/Mar/2013:03:30:11 +0530] "GET /faces/tiles/catalogue.jsp?catalogueID=2 HTTP/1.1" 200 273979 "-" "WinHTTP ActiveXperts"
123.201.200.131 - - [31/Mar/2013:03:31:19 +0530] "GET /favicon.ico HTTP/1.1" 404 986 "-" "Mozilla/5.0 (Windows NT 5.1) AppleWebKit/537.31 (KHTML, like Gecko) Chrome/26.0.1410.43 Safari/537.31"
123.201.200.131 - - [31/Mar/2013:03:31:33 +0530] "GET /favicon.ico HTTP/1.1" 404 986 "-" "Mozilla/5.0 (Windows NT 5.1) AppleWebKit/537.31 (KHTML, like Gecko) Chrome/26.0.1410.43 Safari/537.31"
125.19.235.212 - - [31/Mar/2013:03:33:12 +0530] "GET /faces/tiles/catalogue.jsp?catalogueID=2 HTTP/1.1" 200 - "-" "WinHTTP ActiveXperts"
125.19.235.212 - - [31/Mar/2013:03:36:13 +0530] "GET /faces/tiles/catalogue.jsp?catalogueID=2 HTTP/1.1" 200 - "-" "WinHTTP ActiveXperts"
123.201.200.131 - - [31/Mar/2013:03:36:49 +0530] "GET /favicon.ico HTTP/1.1" 200 - "-" "Mozilla/5.0 (Windows NT 5.1) AppleWebKit/537.31 (KHTML, like Gecko) Chrome/26.0.1410.43 Safari/537.31"
125.19.235.212 - - [31/Mar/2013:03:37:15 +0530] "GET /faces/tiles/catalogue.jsp?catalogueID=2 HTTP/1.1" 200 - "-" "WinHTTP ActiveXperts"
123.201.200.131 - - [31/Mar/2013:03:38:03 +0530] "GET /favicon.ico HTTP/1.1" 200 - "-" "Mozilla/5.0 (Windows NT 5.1) AppleWebKit/537.31 (KHTML, like Gecko) Chrome/26.0.1410.43 Safari/537.31"
125.19.235.212 - - [31/Mar/2013:03:41:31 +0530] "GET /faces/tiles/catalogue.jsp?catalogueID=2 HTTP/1.1" 200 - "-" "WinHTTP ActiveXperts"
125.19.235.212 - - [31/Mar/2013:03:44:04 +0530] "GET /faces/tiles/catalogue.jsp?catalogueID=2 HTTP/1.1" 200 237603 "-" "WinHTTP ActiveXperts"
125.19.235.212 - - [31/Mar/2013:03:45:04 +0530] "GET /faces/tiles/catalogue.jsp?catalogueID=2 HTTP/1.1" 200 273979 "-" "WinHTTP ActiveXperts"
123.201.200.131 - - [31/Mar/2013:03:46:48 +0530] "GET /favicon.ico HTTP/1.1" 200 - "-" "Mozilla/5.0 (Windows NT 5.1) AppleWebKit/537.31 (KHTML, like Gecko) Chrome/26.0.1410.43 Safari/537.31"
125.19.235.212 - - [31/Mar/2013:03:48:22 +0530] "GET /faces/tiles/catalogue.jsp?catalogueID=2 HTTP/1.1" 200 - "-" "WinHTTP ActiveXperts"
125.19.235.212 - - [31/Mar/2013:03:51:38 +0530] "GET /faces/tiles/catalogue.jsp?catalogueID=2 HTTP/1.1" 200 - "-" "WinHTTP ActiveXperts"
123.201.200.131 - - [31/Mar/2013:03:56:31 +0530] "GET /favicon.ico HTTP/1.1" 200 - "-" "Mozilla/5.0 (Windows NT 5.1) AppleWebKit/537.31 (KHTML, like Gecko) Chrome/26.0.1410.43 Safari/537.31"
123.201.200.131 - - [31/Mar/2013:03:56:36 +0530] "GET /favicon.ico HTTP/1.1" 200 - "-" "Mozilla/5.0 (Windows NT 5.1) AppleWebKit/537.31 (KHTML, like Gecko) Chrome/26.0.1410.43 Safari/537.31"
125.19.235.212 - - [31/Mar/2013:03:57:03 +0530] "GET /faces/tiles/catalogue.jsp?catalogueID=2 HTTP/1.1" 200 - "-" "WinHTTP ActiveXperts"
125.19.235.212 - - [31/Mar/2013:04:05:12 +0530] "GET /faces/tiles/catalogue.jsp?catalogueID=2 HTTP/1.1" 200 - "-" "WinHTTP ActiveXperts"
123.201.200.131 - - [31/Mar/2013:04:05:49 +0530] "GET /favicon.ico HTTP/1.1" 304 - "-" "Mozilla/5.0 (Windows NT 5.1) AppleWebKit/537.31 (KHTML, like Gecko) Chrome/26.0.1410.43 Safari/537.31"
10.1.32.179 - - [31/Mar/2013:04:07:45 +0530] "GET /faces/cache/clearCache.jsp?flush=true HTTP/1.1" 200 136 "-" "Java/1.7.0_09-icedtea"
125.19.235.212 - - [31/Mar/2013:04:09:51 +0530] "GET /faces/tiles/catalogue.jsp?catalogueID=2 HTTP/1.1" 200 221219 "-" "WinHTTP ActiveXperts"
125.19.235.212 - - [31/Mar/2013:04:16:02 +0530] "GET /faces/tiles/catalogue.jsp?catalogueID=2 HTTP/1.1" 200 204835 "-" "WinHTTP ActiveXperts"
125.19.235.212 - - [31/Mar/2013:04:18:14 +0530] "GET /faces/tiles/catalogue.jsp?catalogueID=2 HTTP/1.1" 200 196643 "-" "WinHTTP ActiveXperts"
125.19.235.212 - - [31/Mar/2013:04:19:25 +0530] "GET /faces/tiles/catalogue.jsp?catalogueID=2 HTTP/1.1" 200 273979 "-" "WinHTTP ActiveXperts"
125.19.235.212 - - [31/Mar/2013:04:22:30 +0530] "GET /faces/tiles/catalogue.jsp?catalogueID=2 HTTP/1.1" 200 - "-" "WinHTTP ActiveXperts"
125.19.235.212 - - [31/Mar/2013:04:24:30 +0530] "GET /faces/tiles/catalogue.jsp?catalogueID=2 HTTP/1.1" 200 - "-" "WinHTTP ActiveXperts"
125.19.235.212 - - [31/Mar/2013:04:25:31 +0530] "GET /faces/tiles/catalogue.jsp?catalogueID=2 HTTP/1.1" 200 - "-" "WinHTTP ActiveXperts"
125.19.235.212 - - [31/Mar/2013:04:31:35 +0530] "GET /faces/tiles/catalogue.jsp?catalogueID=2 HTTP/1.1" 200 - "-" "WinHTTP ActiveXperts"
125.19.235.212 - - [31/Mar/2013:04:37:40 +0530] "GET /faces/tiles/catalogue.jsp?catalogueID=2 HTTP/1.1" 200 - "-" "WinHTTP ActiveXperts"
125.19.235.212 - - [31/Mar/2013:04:48:09 +0530] "GET /faces/tiles/catalogue.jsp?catalogueID=2 HTTP/1.1" 200 - "-" "WinHTTP ActiveXperts"
125.19.235.212 - - [31/Mar/2013:04:49:09 +0530] "GET /faces/tiles/catalogue.jsp?catalogueID=2 HTTP/1.1" 200 - "-" "WinHTTP ActiveXperts"
125.19.235.212 - - [31/Mar/2013:04:51:21 +0530] "GET /faces/tiles/catalogue.jsp?catalogueID=2 HTTP/1.1" 200 - "-" "WinHTTP ActiveXperts"
125.19.235.212 - - [31/Mar/2013:04:51:28 +0530] "GET /faces/tiles/catalogue.jsp?catalogueID=2 HTTP/1.1" 200 204835 "-" "WinHTTP ActiveXperts"
125.19.235.212 - - [31/Mar/2013:04:57:56 +0530] "GET /faces/tiles/catalogue.jsp?catalogueID=2 HTTP/1.1" 200 273979 "-" "WinHTTP ActiveXperts"
125.19.235.212 - - [31/Mar/2013:04:59:52 +0530] "GET /faces/tiles/catalogue.jsp?catalogueID=2 HTTP/1.1" 200 - "-" "WinHTTP ActiveXperts"
125.19.235.212 - - [31/Mar/2013:05:01:55 +0530] "GET /faces/tiles/catalogue.jsp?catalogueID=2 HTTP/1.1" 200 - "-" "WinHTTP ActiveXperts"
125.19.235.212 - - [31/Mar/2013:05:02:55 +0530] "GET /faces/tiles/catalogue.jsp?catalogueID=2 HTTP/1.1" 200 - "-" "WinHTTP ActiveXperts"
125.19.235.212 - - [31/Mar/2013:05:03:55 +0530] "GET /faces/tiles/catalogue.jsp?catalogueID=2 HTTP/1.1" 200 - "-" "WinHTTP ActiveXperts"
125.19.235.212 - - [31/Mar/2013:05:05:55 +0530] "GET /faces/tiles/catalogue.jsp?catalogueID=2 HTTP/1.1" 200 - "-" "WinHTTP ActiveXperts"
27.251.134.35 - - [31/Mar/2013:05:06:08 +0530] "GET / HTTP/1.1" 302 - "-" "Mozilla/5.0 (Windows NT 6.1; rv:19.0) Gecko/20100101 Firefox/19.0"
125.19.235.212 - - [31/Mar/2013:05:08:58 +0530] "GET /faces/tiles/catalogue.jsp?catalogueID=2 HTTP/1.1" 200 - "-" "WinHTTP ActiveXperts"
125.19.235.212 - - [31/Mar/2013:05:12:12 +0530] "GET /faces/tiles/catalogue.jsp?catalogueID=2 HTTP/1.1" 200 - "-" "WinHTTP ActiveXperts"
125.19.235.212 - - [31/Mar/2013:05:18:29 +0530] "GET /faces/tiles/catalogue.jsp?catalogueID=2 HTTP/1.1" 200 - "-" "WinHTTP ActiveXperts"
125.19.235.212 - - [31/Mar/2013:05:21:29 +0530] "GET /faces/tiles/catalogue.jsp?catalogueID=2 HTTP/1.1" 200 - "-" "WinHTTP ActiveXperts"
125.19.235.212 - - [31/Mar/2013:05:24:50 +0530] "GET /faces/tiles/catalogue.jsp?catalogueID=2 HTTP/1.1" 200 - "-" "WinHTTP ActiveXperts"
125.19.235.212 - - [31/Mar/2013:05:34:49 +0530] "GET /faces/tiles/catalogue.jsp?catalogueID=2 HTTP/1.1" 200 273979 "-" "WinHTTP ActiveXperts"
125.19.235.212 - - [31/Mar/2013:05:38:42 +0530] "GET /faces/tiles/catalogue.jsp?catalogueID=2 HTTP/1.1" 200 - "-" "WinHTTP ActiveXperts"
125.19.235.212 - - [31/Mar/2013:05:42:44 +0530] "GET /faces/tiles/catalogue.jsp?catalogueID=2 HTTP/1.1" 200 - "-" "WinHTTP ActiveXperts"
125.19.235.212 - - [31/Mar/2013:05:43:44 +0530] "GET /faces/tiles/catalogue.jsp?catalogueID=2 HTTP/1.1" 200 - "-" "WinHTTP ActiveXperts"
125.19.235.212 - - [31/Mar/2013:05:46:04 +0530] "GET /faces/tiles/catalogue.jsp?catalogueID=2 HTTP/1.1" 200 - "-" "WinHTTP ActiveXperts"
125.19.235.212 - - [31/Mar/2013:05:53:15 +0530] "GET /faces/tiles/catalogue.jsp?catalogueID=2 HTTP/1.1" 200 - "-" "WinHTTP ActiveXperts"
125.19.235.212 - - [31/Mar/2013:05:55:15 +0530] "GET /faces/tiles/catalogue.jsp?catalogueID=2 HTTP/1.1" 200 - "-" "WinHTTP ActiveXperts"
125.19.235.212 - - [31/Mar/2013:05:57:18 +0530] "GET /faces/tiles/catalogue.jsp?catalogueID=2 HTTP/1.1" 200 - "-" "WinHTTP ActiveXperts"
125.19.235.212 - - [31/Mar/2013:05:58:29 +0530] "GET /faces/tiles/catalogue.jsp?catalogueID=2 HTTP/1.1" 200 - "-" "WinHTTP ActiveXperts"
125.19.235.212 - - [31/Mar/2013:06:00:30 +0530] "GET /faces/tiles/catalogue.jsp?catalogueID=2 HTTP/1.1" 200 - "-" "WinHTTP ActiveXperts"
125.19.235.212 - - [31/Mar/2013:06:03:45 +0530] "GET /faces/tiles/catalogue.jsp?catalogueID=2 HTTP/1.1" 200 - "-" "WinHTTP ActiveXperts"
125.19.235.212 - - [31/Mar/2013:06:19:55 +0530] "GET /faces/tiles/catalogue.jsp?catalogueID=2 HTTP/1.1" 200 196643 "-" "WinHTTP ActiveXperts"
125.19.235.212 - - [31/Mar/2013:06:25:17 +0530] "GET /faces/tiles/catalogue.jsp?catalogueID=2 HTTP/1.1" 200 - "-" "WinHTTP ActiveXperts"
125.19.235.212 - - [31/Mar/2013:06:25:24 +0530] "GET /faces/tiles/catalogue.jsp?catalogueID=2 HTTP/1.1" 200 172067 "-" "WinHTTP ActiveXperts"
125.19.235.212 - - [31/Mar/2013:06:27:35 +0530] "GET /faces/tiles/catalogue.jsp?catalogueID=2 HTTP/1.1" 200 213027 "-" "WinHTTP ActiveXperts"
125.19.235.212 - - [31/Mar/2013:06:32:50 +0530] "GET /faces/tiles/catalogue.jsp?catalogueID=2 HTTP/1.1" 200 273979 "-" "WinHTTP ActiveXperts"
125.19.235.212 - - [31/Mar/2013:06:33:43 +0530] "GET /faces/tiles/catalogue.jsp?catalogueID=2 HTTP/1.1" 200 - "-" "WinHTTP ActiveXperts"
125.19.235.212 - - [31/Mar/2013:06:37:43 +0530] "GET /faces/tiles/catalogue.jsp?catalogueID=2 HTTP/1.1" 200 - "-" "WinHTTP ActiveXperts"
10.1.32.179 - - [31/Mar/2013:06:38:33 +0530] "GET /faces/cache/clearCache.jsp?flush=true HTTP/1.1" 200 136 "-" "Java/1.7.0_09-icedtea"
10.1.32.179 - - [31/Mar/2013:06:39:10 +0530] "GET /faces/cache/clearCache.jsp?flush=true HTTP/1.1" 200 136 "-" "Java/1.7.0_09-icedtea"
10.1.32.179 - - [31/Mar/2013:06:41:34 +0530] "GET /faces/cache/clearCache.jsp?flush=true HTTP/1.1" 200 136 "-" "Java/1.7.0_09-icedtea"
125.19.235.212 - - [31/Mar/2013:06:43:11 +0530] "GET /faces/tiles/catalogue.jsp?catalogueID=2 HTTP/1.1" 200 273979 "-" "WinHTTP ActiveXperts"
125.19.235.212 - - [31/Mar/2013:06:43:40 +0530] "GET /faces/tiles/catalogue.jsp?catalogueID=2 HTTP/1.1" 200 - "-" "WinHTTP ActiveXperts"
125.19.235.212 - - [31/Mar/2013:06:44:42 +0530] "GET /faces/tiles/catalogue.jsp?catalogueID=2 HTTP/1.1" 200 - "-" "WinHTTP ActiveXperts"
125.19.235.212 - - [31/Mar/2013:06:45:44 +0530] "GET /faces/tiles/catalogue.jsp?catalogueID=2 HTTP/1.1" 200 - "-" "WinHTTP ActiveXperts"
125.19.235.212 - - [31/Mar/2013:06:57:52 +0530] "GET /faces/tiles/catalogue.jsp?catalogueID=2 HTTP/1.1" 200 - "-" "WinHTTP ActiveXperts"
123.201.200.131 - - [31/Mar/2013:07:00:12 +0530] "GET /faces/tiles/catalogue.jsp?catalogueID=2 HTTP/1.1" 304 - "http://exclusive.bagittoday.com/Aislin-Aviator-Sunglasses-Gun/pr-37619_c-1002/" "Mozilla/5.0 (Windows NT 5.1) AppleWebKit/537.31 (KHTML, like Gecko) Chrome/26.0.1410.43 Safari/537.31"
123.201.200.131 - - [31/Mar/2013:07:00:12 +0530] "GET /errorPage.htm HTTP/1.1" 200 2105 "http://exclusive.bagittoday.com/faces/tiles/catalogue.jsp?catalogueID=2" "Mozilla/5.0 (Windows NT 5.1) AppleWebKit/537.31 (KHTML, like Gecko) Chrome/26.0.1410.43 Safari/537.31"
123.201.200.131 - - [31/Mar/2013:07:00:12 +0530] "POST /faces/jsp/jqAjaxResponse.jsp?flag=updateCartSize&catalogueID=2 HTTP/1.1" 200 2190 "http://exclusive.bagittoday.com/faces/tiles/catalogue.jsp?catalogueID=2" "Mozilla/5.0 (Windows NT 5.1) AppleWebKit/537.31 (KHTML, like Gecko) Chrome/26.0.1410.43 Safari/537.31"
123.201.200.131 - - [31/Mar/2013:07:00:12 +0530] "POST /faces/jsp/jqAjaxResponse.jsp?flag=rentlyView HTTP/1.1" 200 324 "http://exclusive.bagittoday.com/faces/tiles/catalogue.jsp?catalogueID=2" "Mozilla/5.0 (Windows NT 5.1) AppleWebKit/537.31 (KHTML, like Gecko) Chrome/26.0.1410.43 Safari/537.31"
123.201.200.131 - - [31/Mar/2013:07:00:12 +0530] "POST /faces/jsp/jqAjaxResponse.jsp?flag=updateCartSize&catalogueID=2 HTTP/1.1" 200 2190 "http://exclusive.bagittoday.com/faces/tiles/catalogue.jsp?catalogueID=2" "Mozilla/5.0 (Windows NT 5.1) AppleWebKit/537.31 (KHTML, like Gecko) Chrome/26.0.1410.43 Safari/537.31"
123.201.200.131 - - [31/Mar/2013:07:00:12 +0530] "POST /faces/jsp/jqAjaxResponse.jsp?flag=rentlyView HTTP/1.1" 200 324 "http://exclusive.bagittoday.com/faces/tiles/catalogue.jsp?catalogueID=2" "Mozilla/5.0 (Windows NT 5.1) AppleWebKit/537.31 (KHTML, like Gecko) Chrome/26.0.1410.43 Safari/537.31"
123.201.200.131 - - [31/Mar/2013:07:00:26 +0530] "GET /faces/tiles/category.jsp?catalogueID=2&categoryID=1000 HTTP/1.1" 200 442006 "http://exclusive.bagittoday.com/faces/tiles/catalogue.jsp?catalogueID=2" "Mozilla/5.0 (Windows NT 5.1) AppleWebKit/537.31 (KHTML, like Gecko) Chrome/26.0.1410.43 Safari/537.31"
123.201.200.131 - - [31/Mar/2013:07:00:26 +0530] "GET /faces/tiles/category.jsp?catalogueID=2&categoryID=1001 HTTP/1.1" 200 604267 "http://exclusive.bagittoday.com/faces/tiles/catalogue.jsp?catalogueID=2" "Mozilla/5.0 (Windows NT 5.1) AppleWebKit/537.31 (KHTML, like Gecko) Chrome/26.0.1410.43 Safari/537.31"
123.201.200.131 - - [31/Mar/2013:07:00:26 +0530] "GET /faces/tiles/category.jsp?catalogueID=2&categoryID=1001 HTTP/1.1" 200 604267 "http://exclusive.bagittoday.com/faces/tiles/catalogue.jsp?catalogueID=2" "Mozilla/5.0 (Windows NT 5.1) AppleWebKit/537.31 (KHTML, like Gecko) Chrome/26.0.1410.43 Safari/537.31"
123.201.200.131 - - [31/Mar/2013:07:00:26 +0530] "POST /faces/jsp/jqAjaxResponse.jsp?flag=rentlyView HTTP/1.1" 200 324 "http://exclusive.bagittoday.com/Women/c-1001/" "Mozilla/5.0 (Windows NT 5.1) AppleWebKit/537.31 (KHTML, like Gecko) Chrome/26.0.1410.43 Safari/537.31"
123.201.200.131 - - [31/Mar/2013:07:00:26 +0530] "POST /faces/jsp/jqAjaxResponse.jsp?flag=updateCartSize&catalogueID=2 HTTP/1.1" 200 2190 "http://exclusive.bagittoday.com/Women/c-1001/" "Mozilla/5.0 (Windows NT 5.1) AppleWebKit/537.31 (KHTML, like Gecko) Chrome/26.0.1410.43 Safari/537.31"
123.201.200.131 - - [31/Mar/2013:07:01:39 +0530] "GET /faces/tiles/boutique.jsp?catalogueID=2&boutiqueID=1397 HTTP/1.1" 200 323158 "http://exclusive.bagittoday.com/faces/tiles/catalogue.jsp?catalogueID=2" "Mozilla/5.0 (Windows NT 5.1) AppleWebKit/537.31 (KHTML, like Gecko) Chrome/26.0.1410.43 Safari/537.31"
123.201.200.131 - - [31/Mar/2013:07:01:39 +0530] "POST /faces/jsp/jqAjaxResponse.jsp?flag=updateCartSize&catalogueID=2 HTTP/1.1" 200 2190 "http://exclusive.bagittoday.com/petals-intimate-wear/b-1397/" "Mozilla/5.0 (Windows NT 5.1) AppleWebKit/537.31 (KHTML, like Gecko) Chrome/26.0.1410.43 Safari/537.31"
123.201.200.131 - - [31/Mar/2013:07:01:39 +0530] "POST /faces/jsp/jqAjaxResponse.jsp?flag=rentlyView HTTP/1.1" 200 324 "http://exclusive.bagittoday.com/petals-intimate-wear/b-1397/" "Mozilla/5.0 (Windows NT 5.1) AppleWebKit/537.31 (KHTML, like Gecko) Chrome/26.0.1410.43 Safari/537.31"
123.201.200.131 - - [31/Mar/2013:07:02:04 +0530] "GET /faces/tiles/category.jsp?catalogueID=2&categoryID=658 HTTP/1.1" 200 278830 "http://exclusive.bagittoday.com/petals-intimate-wear/b-1397/" "Mozilla/5.0 (Windows NT 5.1) AppleWebKit/537.31 (KHTML, like Gecko) Chrome/26.0.1410.43 Safari/537.31"
123.201.200.131 - - [31/Mar/2013:07:02:04 +0530] "POST /faces/jsp/jqAjaxResponse.jsp?flag=updateCartSize&catalogueID=2 HTTP/1.1" 200 2190 "http://exclusive.bagittoday.com/Winterwear-Clearance/c-658/" "Mozilla/5.0 (Windows NT 5.1) AppleWebKit/537.31 (KHTML, like Gecko) Chrome/26.0.1410.43 Safari/537.31"
123.201.200.131 - - [31/Mar/2013:07:02:04 +0530] "POST /faces/jsp/jqAjaxResponse.jsp?flag=rentlyView HTTP/1.1" 200 324 "http://exclusive.bagittoday.com/Winterwear-Clearance/c-658/" "Mozilla/5.0 (Windows NT 5.1) AppleWebKit/537.31 (KHTML, like Gecko) Chrome/26.0.1410.43 Safari/537.31"
123.201.200.131 - - [31/Mar/2013:07:02:43 +0530] "GET /faces/tiles/product.jsp?catalogueID=2&productID=20833 HTTP/1.1" 200 274606 "http://exclusive.bagittoday.com/Winterwear-Clearance/c-658/" "Mozilla/5.0 (Windows NT 5.1) AppleWebKit/537.31 (KHTML, like Gecko) Chrome/26.0.1410.43 Safari/537.31"
123.201.200.131 - - [31/Mar/2013:07:02:44 +0530] "POST /faces/jsp/jqAjaxResponse.jsp?flag=updateCartSize&catalogueID=2 HTTP/1.1" 200 2190 "http://exclusive.bagittoday.com/BHPC-Pullover/pr-20833_c-658/" "Mozilla/5.0 (Windows NT 5.1) AppleWebKit/537.31 (KHTML, like Gecko) Chrome/26.0.1410.43 Safari/537.31"
123.201.200.131 - - [31/Mar/2013:07:02:44 +0530] "POST /faces/jsp/jqAjaxResponse.jsp?flag=rentlyView&productID=20833 HTTP/1.1" 200 796 "http://exclusive.bagittoday.com/BHPC-Pullover/pr-20833_c-658/" "Mozilla/5.0 (Windows NT 5.1) AppleWebKit/537.31 (KHTML, like Gecko) Chrome/26.0.1410.43 Safari/537.31"
123.201.200.131 - - [31/Mar/2013:07:02:44 +0530] "POST /faces/tiles/components/product/itemPrice.jsp HTTP/1.1" 200 1177 "http://exclusive.bagittoday.com/BHPC-Pullover/pr-20833_c-658/" "Mozilla/5.0 (Windows NT 5.1) AppleWebKit/537.31 (KHTML, like Gecko) Chrome/26.0.1410.43 Safari/537.31"
123.201.200.131 - - [31/Mar/2013:07:02:50 +0530] "GET /faces/tiles/product.jsp?catalogueID=2&productID=20833 HTTP/1.1" 200 275078 "http://exclusive.bagittoday.com/Winterwear-Clearance/c-658/" "Mozilla/5.0 (Windows NT 5.1) AppleWebKit/537.31 (KHTML, like Gecko) Chrome/26.0.1410.43 Safari/537.31"
123.201.200.131 - - [31/Mar/2013:07:02:50 +0530] "POST /faces/jsp/jqAjaxResponse.jsp?flag=updateCartSize&catalogueID=2 HTTP/1.1" 200 2190 "http://exclusive.bagittoday.com/BHPC-Pullover/pr-20833_c-658/" "Mozilla/5.0 (Windows NT 5.1) AppleWebKit/537.31 (KHTML, like Gecko) Chrome/26.0.1410.43 Safari/537.31"
123.201.200.131 - - [31/Mar/2013:07:02:50 +0530] "POST /faces/jsp/jqAjaxResponse.jsp?flag=rentlyView&productID=20833 HTTP/1.1" 200 796 "http://exclusive.bagittoday.com/BHPC-Pullover/pr-20833_c-658/" "Mozilla/5.0 (Windows NT 5.1) AppleWebKit/537.31 (KHTML, like Gecko) Chrome/26.0.1410.43 Safari/537.31"
123.201.200.131 - - [31/Mar/2013:07:02:50 +0530] "POST /faces/tiles/components/product/itemPrice.jsp HTTP/1.1" 200 1177 "http://exclusive.bagittoday.com/BHPC-Pullover/pr-20833_c-658/" "Mozilla/5.0 (Windows NT 5.1) AppleWebKit/537.31 (KHTML, like Gecko) Chrome/26.0.1410.43 Safari/537.31"
123.201.200.131 - - [31/Mar/2013:07:03:02 +0530] "GET /faces/tiles/category.jsp?catalogueID=2&categoryID=41 HTTP/1.1" 200 327499 "http://exclusive.bagittoday.com/BHPC-Pullover/pr-20833_c-658/" "Mozilla/5.0 (Windows NT 5.1) AppleWebKit/537.31 (KHTML, like Gecko) Chrome/26.0.1410.43 Safari/537.31"
123.201.200.131 - - [31/Mar/2013:07:03:02 +0530] "POST /faces/jsp/jqAjaxResponse.jsp?flag=updateCartSize&catalogueID=2 HTTP/1.1" 200 2190 "http://exclusive.bagittoday.com/Accessories/c-41/" "Mozilla/5.0 (Windows NT 5.1) AppleWebKit/537.31 (KHTML, like Gecko) Chrome/26.0.1410.43 Safari/537.31"
123.201.200.131 - - [31/Mar/2013:07:03:02 +0530] "POST /faces/jsp/jqAjaxResponse.jsp?flag=rentlyView HTTP/1.1" 200 2057 "http://exclusive.bagittoday.com/Accessories/c-41/" "Mozilla/5.0 (Windows NT 5.1) AppleWebKit/537.31 (KHTML, like Gecko) Chrome/26.0.1410.43 Safari/537.31"
123.201.200.131 - - [31/Mar/2013:07:03:09 +0530] "GET /faces/tiles/product.jsp?catalogueID=2&productID=34448 HTTP/1.1" 200 276925 "http://exclusive.bagittoday.com/Accessories/c-41/" "Mozilla/5.0 (Windows NT 5.1) AppleWebKit/537.31 (KHTML, like Gecko) Chrome/26.0.1410.43 Safari/537.31"
123.201.200.131 - - [31/Mar/2013:07:03:09 +0530] "POST /faces/jsp/jqAjaxResponse.jsp?flag=updateCartSize&catalogueID=2 HTTP/1.1" 200 2190 "http://exclusive.bagittoday.com/Black-Ladies-Wallet/pr-34448_c-41/" "Mozilla/5.0 (Windows NT 5.1) AppleWebKit/537.31 (KHTML, like Gecko) Chrome/26.0.1410.43 Safari/537.31"
123.201.200.131 - - [31/Mar/2013:07:03:09 +0530] "POST /faces/tiles/components/product/itemPrice.jsp HTTP/1.1" 200 1187 "http://exclusive.bagittoday.com/Black-Ladies-Wallet/pr-34448_c-41/" "Mozilla/5.0 (Windows NT 5.1) AppleWebKit/537.31 (KHTML, like Gecko) Chrome/26.0.1410.43 Safari/537.31"
123.201.200.131 - - [31/Mar/2013:07:03:09 +0530] "POST /faces/jsp/jqAjaxResponse.jsp?flag=rentlyView&productID=34448 HTTP/1.1" 200 2065 "http://exclusive.bagittoday.com/Black-Ladies-Wallet/pr-34448_c-41/" "Mozilla/5.0 (Windows NT 5.1) AppleWebKit/537.31 (KHTML, like Gecko) Chrome/26.0.1410.43 Safari/537.31"
125.19.235.212 - - [31/Mar/2013:07:04:09 +0530] "GET /faces/tiles/catalogue.jsp?catalogueID=2 HTTP/1.1" 200 - "-" "WinHTTP ActiveXperts"
125.19.235.212 - - [31/Mar/2013:07:05:09 +0530] "GET /faces/tiles/catalogue.jsp?catalogueID=2 HTTP/1.1" 200 - "-" "WinHTTP ActiveXperts"
125.19.235.212 - - [31/Mar/2013:07:06:09 +0530] "GET /faces/tiles/catalogue.jsp?catalogueID=2 HTTP/1.1" 200 - "-" "WinHTTP ActiveXperts"
125.19.235.212 - - [31/Mar/2013:07:14:44 +0530] "GET /faces/tiles/catalogue.jsp?catalogueID=2 HTTP/1.1" 200 213027 "-" "WinHTTP ActiveXperts"
125.19.235.212 - - [31/Mar/2013:07:21:54 +0530] "GET /faces/tiles/catalogue.jsp?catalogueID=2 HTTP/1.1" 200 - "-" "WinHTTP ActiveXperts"
125.19.235.212 - - [31/Mar/2013:07:22:01 +0530] "GET /faces/tiles/catalogue.jsp?catalogueID=2 HTTP/1.1" 200 213027 "-" "WinHTTP ActiveXperts"
125.19.235.212 - - [31/Mar/2013:07:23:16 +0530] "GET /faces/tiles/catalogue.jsp?catalogueID=2 HTTP/1.1" 200 273979 "-" "WinHTTP ActiveXperts"
123.201.200.131 - - [31/Mar/2013:07:24:13 +0530] "GET /faces/tiles/product.jsp?catalogueID=2&productID=29919 HTTP/1.1" 200 276066 "http://exclusive.bagittoday.com/Women/c-1001/" "Mozilla/5.0 (Windows NT 5.1) AppleWebKit/537.31 (KHTML, like Gecko) Chrome/26.0.1410.43 Safari/537.31"
123.201.200.131 - - [31/Mar/2013:07:24:13 +0530] "GET /errorPage.htm HTTP/1.1" 304 - "http://exclusive.bagittoday.com/Women/c-1001/" "Mozilla/5.0 (Windows NT 5.1) AppleWebKit/537.31 (KHTML, like Gecko) Chrome/26.0.1410.43 Safari/537.31"
123.201.200.131 - - [31/Mar/2013:07:24:14 +0530] "POST /faces/jsp/jqAjaxResponse.jsp?flag=updateCartSize&catalogueID=2 HTTP/1.1" 200 2190 "http://exclusive.bagittoday.com/Aahana-Lace-Border-Red-Saree/pr-29919_c-1001/" "Mozilla/5.0 (Windows NT 5.1) AppleWebKit/537.31 (KHTML, like Gecko) Chrome/26.0.1410.43 Safari/537.31"
123.201.200.131 - - [31/Mar/2013:07:24:14 +0530] "POST /faces/jsp/jqAjaxResponse.jsp?flag=rentlyView&productID=29919 HTTP/1.1" 200 2763 "http://exclusive.bagittoday.com/Aahana-Lace-Border-Red-Saree/pr-29919_c-1001/" "Mozilla/5.0 (Windows NT 5.1) AppleWebKit/537.31 (KHTML, like Gecko) Chrome/26.0.1410.43 Safari/537.31"
123.201.200.131 - - [31/Mar/2013:07:34:51 +0530] "GET /faces/tiles/product.jsp?catalogueID=2&productID=29919 HTTP/1.1" 200 276074 "http://exclusive.bagittoday.com/Women/c-1001/" "Mozilla/5.0 (Windows NT 5.1) AppleWebKit/537.31 (KHTML, like Gecko) Chrome/26.0.1410.43 Safari/537.31"
123.201.200.131 - - [31/Mar/2013:07:34:52 +0530] "POST /faces/jsp/jqAjaxResponse.jsp?flag=updateCartSize&catalogueID=2 HTTP/1.1" 200 2190 "http://exclusive.bagittoday.com/Aahana-Lace-Border-Red-Saree/pr-29919_c-1001/" "Mozilla/5.0 (Windows NT 5.1) AppleWebKit/537.31 (KHTML, like Gecko) Chrome/26.0.1410.43 Safari/537.31"
123.201.200.131 - - [31/Mar/2013:07:34:52 +0530] "POST /faces/jsp/jqAjaxResponse.jsp?flag=rentlyView&productID=29919 HTTP/1.1" 200 2763 "http://exclusive.bagittoday.com/Aahana-Lace-Border-Red-Saree/pr-29919_c-1001/" "Mozilla/5.0 (Windows NT 5.1) AppleWebKit/537.31 (KHTML, like Gecko) Chrome/26.0.1410.43 Safari/537.31"
125.19.235.212 - - [31/Mar/2013:07:39:59 +0530] "GET /faces/tiles/catalogue.jsp?catalogueID=2 HTTP/1.1" 200 - "-" "WinHTTP ActiveXperts"
125.19.235.212 - - [31/Mar/2013:07:42:06 +0530] "GET /faces/tiles/catalogue.jsp?catalogueID=2 HTTP/1.1" 200 - "-" "WinHTTP ActiveXperts"
123.201.200.131 - - [31/Mar/2013:07:45:53 +0530] "GET /favicon.ico HTTP/1.1" 304 - "-" "Mozilla/5.0 (Windows NT 5.1) AppleWebKit/537.31 (KHTML, like Gecko) Chrome/26.0.1410.43 Safari/537.31"
123.201.200.131 - - [31/Mar/2013:07:47:02 +0530] "GET /faces/jsp/indexWeb.jsp HTTP/1.1" 302 - "http://exclusive.bagittoday.com/Aahana-Lace-Border-Red-Saree/pr-29919_c-1001/" "Mozilla/5.0 (Windows NT 5.1) AppleWebKit/537.31 (KHTML, like Gecko) Chrome/26.0.1410.43 Safari/537.31"
123.201.200.131 - - [31/Mar/2013:07:47:02 +0530] "GET /faces/tiles/catalogue.jsp?catalogueID=2 HTTP/1.1" 304 - "http://exclusive.bagittoday.com/Aahana-Lace-Border-Red-Saree/pr-29919_c-1001/" "Mozilla/5.0 (Windows NT 5.1) AppleWebKit/537.31 (KHTML, like Gecko) Chrome/26.0.1410.43 Safari/537.31"
123.201.200.131 - - [31/Mar/2013:07:47:02 +0530] "GET /errorPage.htm HTTP/1.1" 304 - "http://exclusive.bagittoday.com/Aahana-Lace-Border-Red-Saree/pr-29919_c-1001/" "Mozilla/5.0 (Windows NT 5.1) AppleWebKit/537.31 (KHTML, like Gecko) Chrome/26.0.1410.43 Safari/537.31"
123.201.200.131 - - [31/Mar/2013:07:47:02 +0530] "POST /faces/jsp/jqAjaxResponse.jsp?flag=updateCartSize&catalogueID=2 HTTP/1.1" 200 2190 "http://exclusive.bagittoday.com/faces/tiles/catalogue.jsp?catalogueID=2" "Mozilla/5.0 (Windows NT 5.1) AppleWebKit/537.31 (KHTML, like Gecko) Chrome/26.0.1410.43 Safari/537.31"
123.201.200.131 - - [31/Mar/2013:07:47:02 +0530] "POST /faces/jsp/jqAjaxResponse.jsp?flag=rentlyView HTTP/1.1" 200 3462 "http://exclusive.bagittoday.com/faces/tiles/catalogue.jsp?catalogueID=2" "Mozilla/5.0 (Windows NT 5.1) AppleWebKit/537.31 (KHTML, like Gecko) Chrome/26.0.1410.43 Safari/537.31"
123.201.200.131 - - [31/Mar/2013:07:47:07 +0530] "GET /faces/tiles/catalogue.jsp?catalogueID=2 HTTP/1.1" 304 - "http://exclusive.bagittoday.com/Aahana-Lace-Border-Red-Saree/pr-29919_c-1001/" "Mozilla/5.0 (Windows NT 5.1) AppleWebKit/537.31 (KHTML, like Gecko) Chrome/26.0.1410.43 Safari/537.31"
123.201.200.131 - - [31/Mar/2013:07:47:07 +0530] "POST /faces/jsp/jqAjaxResponse.jsp?flag=updateCartSize&catalogueID=2 HTTP/1.1" 200 2190 "http://exclusive.bagittoday.com/faces/tiles/catalogue.jsp?catalogueID=2" "Mozilla/5.0 (Windows NT 5.1) AppleWebKit/537.31 (KHTML, like Gecko) Chrome/26.0.1410.43 Safari/537.31"
123.201.200.131 - - [31/Mar/2013:07:47:07 +0530] "POST /faces/jsp/jqAjaxResponse.jsp?flag=rentlyView HTTP/1.1" 200 3462 "http://exclusive.bagittoday.com/faces/tiles/catalogue.jsp?catalogueID=2" "Mozilla/5.0 (Windows NT 5.1) AppleWebKit/537.31 (KHTML, like Gecko) Chrome/26.0.1410.43 Safari/537.31"
125.19.235.212 - - [31/Mar/2013:07:53:11 +0530] "GET /faces/tiles/catalogue.jsp?catalogueID=2 HTTP/1.1" 200 273979 "-" "WinHTTP ActiveXperts"
123.201.200.131 - - [31/Mar/2013:07:56:34 +0530] "GET /faces/tiles/catalogue.jsp?catalogueID=2 HTTP/1.1" 304 - "http://exclusive.bagittoday.com/Aahana-Lace-Border-Red-Saree/pr-29919_c-1001/" "Mozilla/5.0 (Windows NT 5.1) AppleWebKit/537.31 (KHTML, like Gecko) Chrome/26.0.1410.43 Safari/537.31"
123.201.200.131 - - [31/Mar/2013:07:56:34 +0530] "GET /errorPage.htm HTTP/1.1" 304 - "http://exclusive.bagittoday.com/faces/tiles/catalogue.jsp?catalogueID=2" "Mozilla/5.0 (Windows NT 5.1) AppleWebKit/537.31 (KHTML, like Gecko) Chrome/26.0.1410.43 Safari/537.31"
123.201.200.131 - - [31/Mar/2013:07:56:35 +0530] "POST /faces/jsp/jqAjaxResponse.jsp?flag=updateCartSize&catalogueID=2 HTTP/1.1" 200 2190 "http://exclusive.bagittoday.com/faces/tiles/catalogue.jsp?catalogueID=2" "Mozilla/5.0 (Windows NT 5.1) AppleWebKit/537.31 (KHTML, like Gecko) Chrome/26.0.1410.43 Safari/537.31"
123.201.200.131 - - [31/Mar/2013:07:56:35 +0530] "POST /faces/jsp/jqAjaxResponse.jsp?flag=rentlyView HTTP/1.1" 200 3462 "http://exclusive.bagittoday.com/faces/tiles/catalogue.jsp?catalogueID=2" "Mozilla/5.0 (Windows NT 5.1) AppleWebKit/537.31 (KHTML, like Gecko) Chrome/26.0.1410.43 Safari/537.31"
123.201.200.131 - - [31/Mar/2013:07:56:42 +0530] "GET /faces/tiles/category.jsp?catalogueID=2&categoryID=30 HTTP/1.1" 200 463077 "http://exclusive.bagittoday.com/faces/tiles/catalogue.jsp?catalogueID=2" "Mozilla/5.0 (Windows NT 5.1) AppleWebKit/537.31 (KHTML, like Gecko) Chrome/26.0.1410.43 Safari/537.31"
123.201.200.131 - - [31/Mar/2013:07:56:42 +0530] "POST /faces/jsp/jqAjaxResponse.jsp?flag=updateCartSize&catalogueID=2 HTTP/1.1" 200 2190 "http://exclusive.bagittoday.com/Apparel/c-30/" "Mozilla/5.0 (Windows NT 5.1) AppleWebKit/537.31 (KHTML, like Gecko) Chrome/26.0.1410.43 Safari/537.31"
