123.201.200.131 - - [31/Mar/2013:10:22:48 +0530] "POST /faces/jsp/jqAjaxResponse.jsp?flag=rentlyView HTTP/1.1" 200 5696 "http://exclusive.bagittoday.com/faces/tiles/catalogue.jsp?catalogueID=2" "Mozilla/5.0 (Windows NT 5.1) AppleWebKit/537.31 (KHTML, like Gecko) Chrome/26.0.1410.43 Safari/537.31"
123.201.200.131 - - [31/Mar/2013:10:23:30 +0530] "GET /faces/jsp/indexWeb.jsp HTTP/1.1" 302 - "http://exclusive.bagittoday.com/Fastrack-Belt---Small/pr-8925_c-33/" "Mozilla/5.0 (Windows NT 5.1) AppleWebKit/537.31 (KHTML, like Gecko) Chrome/26.0.1410.43 Safari/537.31"
123.201.200.131 - - [31/Mar/2013:10:23:30 +0530] "POST /faces/jsp/jqAjaxResponse.jsp?flag=updateCartSize&catalogueID=2 HTTP/1.1" 200 2347 "http://exclusive.bagittoday.com/faces/tiles/catalogue.jsp?catalogueID=2" "Mozilla/5.0 (Windows NT 5.1) AppleWebKit/537.31 (KHTML, like Gecko) Chrome/26.0.1410.43 Safari/537.31"
123.201.200.131 - - [31/Mar/2013:10:23:30 +0530] "POST /faces/jsp/jqAjaxResponse.jsp?flag=rentlyView HTTP/1.1" 200 5696 "http://exclusive.bagittoday.com/faces/tiles/catalogue.jsp?catalogueID=2" "Mozilla/5.0 (Windows NT 5.1) AppleWebKit/537.31 (KHTML, like Gecko) Chrome/26.0.1410.43 Safari/537.31"
123.201.200.131 - - [31/Mar/2013:10:23:32 +0530] "GET /faces/jsp/indexWeb.jsp HTTP/1.1" 302 - "http://exclusive.bagittoday.com/faces/tiles/catalogue.jsp?catalogueID=2" "Mozilla/5.0 (Windows NT 5.1) AppleWebKit/537.31 (KHTML, like Gecko) Chrome/26.0.1410.43 Safari/537.31"
123.201.200.131 - - [31/Mar/2013:10:23:32 +0530] "POST /faces/jsp/jqAjaxResponse.jsp?flag=updateCartSize&catalogueID=2 HTTP/1.1" 200 2347 "http://exclusive.bagittoday.com/faces/tiles/catalogue.jsp?catalogueID=2" "Mozilla/5.0 (Windows NT 5.1) AppleWebKit/537.31 (KHTML, like Gecko) Chrome/26.0.1410.43 Safari/537.31"
123.201.200.131 - - [31/Mar/2013:10:23:32 +0530] "POST /faces/jsp/jqAjaxResponse.jsp?flag=rentlyView HTTP/1.1" 200 5696 "http://exclusive.bagittoday.com/faces/tiles/catalogue.jsp?catalogueID=2" "Mozilla/5.0 (Windows NT 5.1) AppleWebKit/537.31 (KHTML, like Gecko) Chrome/26.0.1410.43 Safari/537.31"
123.201.200.131 - - [31/Mar/2013:10:23:33 +0530] "GET /faces/jsp/indexWeb.jsp HTTP/1.1" 302 - "http://exclusive.bagittoday.com/faces/tiles/catalogue.jsp?catalogueID=2" "Mozilla/5.0 (Windows NT 5.1) AppleWebKit/537.31 (KHTML, like Gecko) Chrome/26.0.1410.43 Safari/537.31"
123.201.200.131 - - [31/Mar/2013:10:23:33 +0530] "POST /faces/jsp/jqAjaxResponse.jsp?flag=updateCartSize&catalogueID=2 HTTP/1.1" 200 2347 "http://exclusive.bagittoday.com/faces/tiles/catalogue.jsp?catalogueID=2" "Mozilla/5.0 (Windows NT 5.1) AppleWebKit/537.31 (KHTML, like Gecko) Chrome/26.0.1410.43 Safari/537.31"
123.201.200.131 - - [31/Mar/2013:10:23:33 +0530] "POST /faces/jsp/jqAjaxResponse.jsp?flag=rentlyView HTTP/1.1" 200 5696 "http://exclusive.bagittoday.com/faces/tiles/catalogue.jsp?catalogueID=2" "Mozilla/5.0 (Windows NT 5.1) AppleWebKit/537.31 (KHTML, like Gecko) Chrome/26.0.1410.43 Safari/537.31"
123.201.200.131 - - [31/Mar/2013:10:26:03 +0530] "GET /faces/tiles/catalogue.jsp?catalogueID=2 HTTP/1.1" 304 - "http://exclusive.bagittoday.com/faces/tiles/catalogue.jsp?catalogueID=2" "Mozilla/5.0 (Windows NT 5.1) AppleWebKit/537.31 (KHTML, like Gecko) Chrome/26.0.1410.43 Safari/537.31"
123.201.200.131 - - [31/Mar/2013:10:26:03 +0530] "GET /errorPage.htm HTTP/1.1" 304 - "http://exclusive.bagittoday.com/Fastrack-Belt---Small/pr-8925_c-33/" "Mozilla/5.0 (Windows NT 5.1) AppleWebKit/537.31 (KHTML, like Gecko) Chrome/26.0.1410.43 Safari/537.31"
123.201.200.131 - - [31/Mar/2013:10:26:03 +0530] "POST /faces/jsp/jqAjaxResponse.jsp?flag=updateCartSize&catalogueID=2 HTTP/1.1" 200 2347 "http://exclusive.bagittoday.com/faces/tiles/catalogue.jsp?catalogueID=2" "Mozilla/5.0 (Windows NT 5.1) AppleWebKit/537.31 (KHTML, like Gecko) Chrome/26.0.1410.43 Safari/537.31"
123.201.200.131 - - [31/Mar/2013:10:26:03 +0530] "POST /faces/jsp/jqAjaxResponse.jsp?flag=rentlyView HTTP/1.1" 200 5696 "http://exclusive.bagittoday.com/faces/tiles/catalogue.jsp?catalogueID=2" "Mozilla/5.0 (Windows NT 5.1) AppleWebKit/537.31 (KHTML, like Gecko) Chrome/26.0.1410.43 Safari/537.31"
123.201.200.131 - - [31/Mar/2013:10:26:52 +0530] "GET /faces/tiles/boutique.jsp?catalogueID=2&boutiqueID=1166 HTTP/1.1" 200 324777 "http://exclusive.bagittoday.com/faces/tiles/catalogue.jsp?catalogueID=2" "Mozilla/5.0 (Windows NT 5.1) AppleWebKit/537.31 (KHTML, like Gecko) Chrome/26.0.1410.43 Safari/537.31"
123.201.200.131 - - [31/Mar/2013:10:26:52 +0530] "POST /faces/jsp/jqAjaxResponse.jsp?flag=updateCartSize&catalogueID=2 HTTP/1.1" 200 2347 "http://exclusive.bagittoday.com/lcds-and-leds/b-1166/" "Mozilla/5.0 (Windows NT 5.1) AppleWebKit/537.31 (KHTML, like Gecko) Chrome/26.0.1410.43 Safari/537.31"
123.201.200.131 - - [31/Mar/2013:10:26:52 +0530] "POST /faces/jsp/jqAjaxResponse.jsp?flag=rentlyView HTTP/1.1" 200 5696 "http://exclusive.bagittoday.com/lcds-and-leds/b-1166/" "Mozilla/5.0 (Windows NT 5.1) AppleWebKit/537.31 (KHTML, like Gecko) Chrome/26.0.1410.43 Safari/537.31"
123.201.200.131 - - [31/Mar/2013:10:27:12 +0530] "GET /faces/tiles/boutique.jsp?q=&categoryID=&catalogueID=2&parentCategoryID=&viewType=grid&bnm=&atmSize=&color=&prc=7289-129500&k1=&k2=&k3=&k4=&k5=&k6=&k7=&k8=&k9=&k10=&k11=&k12=&startPrize=7289&endPrize=129500&newArrival=&entityType=&entityId=&brandId=&bid=&brandCmsFlag=&boutiqueID=1166&nmt=&disc=&rat=&cts=empty&isBoutiqueSoldOut=&sort=12&resultPerPage=20&isAjax=true&resultPerPage1=4&hstart=16&targetDIV=searchResultDisplay HTTP/1.1" 200 16360 "http://exclusive.bagittoday.com/lcds-and-leds/b-1166/" "Mozilla/5.0 (Windows NT 5.1) AppleWebKit/537.31 (KHTML, like Gecko) Chrome/26.0.1410.43 Safari/537.31"
123.201.200.131 - - [31/Mar/2013:10:27:19 +0530] "GET /faces/jsp/bestSeller-Reebok-Shoes.jsp?catalogueID=2 HTTP/1.1" 200 240449 "http://exclusive.bagittoday.com/lcds-and-leds/b-1166/" "Mozilla/5.0 (Windows NT 5.1) AppleWebKit/537.31 (KHTML, like Gecko) Chrome/26.0.1410.43 Safari/537.31"
123.201.200.131 - - [31/Mar/2013:10:27:19 +0530] "POST /faces/jsp/jqAjaxResponse.jsp?flag=updateCartSize&catalogueID=2 HTTP/1.1" 200 2347 "http://exclusive.bagittoday.com/faces/jsp/bestSeller-Reebok-Shoes.jsp?catalogueID=2" "Mozilla/5.0 (Windows NT 5.1) AppleWebKit/537.31 (KHTML, like Gecko) Chrome/26.0.1410.43 Safari/537.31"
125.19.235.212 - - [31/Mar/2013:10:35:01 +0530] "GET /faces/tiles/catalogue.jsp?catalogueID=2 HTTP/1.1" 200 - "-" "WinHTTP ActiveXperts"
125.19.235.212 - - [31/Mar/2013:10:36:07 +0530] "GET /faces/tiles/catalogue.jsp?catalogueID=2 HTTP/1.1" 200 - "-" "WinHTTP ActiveXperts"
123.201.200.131 - - [31/Mar/2013:10:40:03 +0530] "GET /faces/jsp/indexWeb.jsp HTTP/1.1" 302 - "http://exclusive.bagittoday.com/faces/jsp/bestSeller-Reebok-Shoes.jsp?catalogueID=2" "Mozilla/5.0 (Windows NT 5.1) AppleWebKit/537.31 (KHTML, like Gecko) Chrome/26.0.1410.43 Safari/537.31"
123.201.200.131 - - [31/Mar/2013:10:40:03 +0530] "POST /faces/jsp/jqAjaxResponse.jsp?flag=updateCartSize&catalogueID=2 HTTP/1.1" 200 2347 "http://exclusive.bagittoday.com/faces/tiles/catalogue.jsp?catalogueID=2" "Mozilla/5.0 (Windows NT 5.1) AppleWebKit/537.31 (KHTML, like Gecko) Chrome/26.0.1410.43 Safari/537.31"
123.201.200.131 - - [31/Mar/2013:10:40:03 +0530] "POST /faces/jsp/jqAjaxResponse.jsp?flag=rentlyView HTTP/1.1" 200 5696 "http://exclusive.bagittoday.com/faces/tiles/catalogue.jsp?catalogueID=2" "Mozilla/5.0 (Windows NT 5.1) AppleWebKit/537.31 (KHTML, like Gecko) Chrome/26.0.1410.43 Safari/537.31"
123.201.200.131 - - [31/Mar/2013:10:40:28 +0530] "GET /faces/tiles/catalogue.jsp?catalogueID=2 HTTP/1.1" 200 279517 "http://exclusive.bagittoday.com/faces/jsp/bestSeller-Reebok-Shoes.jsp?catalogueID=2" "Mozilla/5.0 (Windows NT 5.1) AppleWebKit/537.31 (KHTML, like Gecko) Chrome/26.0.1410.43 Safari/537.31"
123.201.200.131 - - [31/Mar/2013:10:40:28 +0530] "GET /errorPage.htm HTTP/1.1" 304 - "http://exclusive.bagittoday.com/faces/tiles/catalogue.jsp?catalogueID=2" "Mozilla/5.0 (Windows NT 5.1) AppleWebKit/537.31 (KHTML, like Gecko) Chrome/26.0.1410.43 Safari/537.31"
123.201.200.131 - - [31/Mar/2013:10:40:28 +0530] "POST /faces/jsp/jqAjaxResponse.jsp?flag=updateCartSize&catalogueID=2 HTTP/1.1" 200 2347 "http://exclusive.bagittoday.com/faces/tiles/catalogue.jsp?catalogueID=2" "Mozilla/5.0 (Windows NT 5.1) AppleWebKit/537.31 (KHTML, like Gecko) Chrome/26.0.1410.43 Safari/537.31"
123.201.200.131 - - [31/Mar/2013:10:40:28 +0530] "POST /faces/jsp/jqAjaxResponse.jsp?flag=rentlyView HTTP/1.1" 200 5696 "http://exclusive.bagittoday.com/faces/tiles/catalogue.jsp?catalogueID=2" "Mozilla/5.0 (Windows NT 5.1) AppleWebKit/537.31 (KHTML, like Gecko) Chrome/26.0.1410.43 Safari/537.31"
125.19.235.212 - - [31/Mar/2013:10:45:48 +0530] "GET /faces/tiles/catalogue.jsp?catalogueID=2 HTTP/1.1" 200 - "-" "WinHTTP ActiveXperts"
125.19.235.212 - - [31/Mar/2013:10:46:50 +0530] "GET /faces/tiles/catalogue.jsp?catalogueID=2 HTTP/1.1" 200 279517 "-" "WinHTTP ActiveXperts"
125.19.235.212 - - [31/Mar/2013:10:51:13 +0530] "GET /faces/tiles/catalogue.jsp?catalogueID=2 HTTP/1.1" 200 - "-" "WinHTTP ActiveXperts"
125.19.235.212 - - [31/Mar/2013:10:52:16 +0530] "GET /faces/tiles/catalogue.jsp?catalogueID=2 HTTP/1.1" 200 279517 "-" "WinHTTP ActiveXperts"
125.19.235.212 - - [31/Mar/2013:10:53:19 +0530] "GET /faces/tiles/catalogue.jsp?catalogueID=2 HTTP/1.1" 200 279517 "-" "WinHTTP ActiveXperts"
125.19.235.212 - - [31/Mar/2013:11:01:24 +0530] "GET /faces/tiles/catalogue.jsp?catalogueID=2 HTTP/1.1" 200 - "-" "WinHTTP ActiveXperts"
125.19.235.212 - - [31/Mar/2013:11:03:33 +0530] "GET /faces/tiles/catalogue.jsp?catalogueID=2 HTTP/1.1" 200 - "-" "WinHTTP ActiveXperts"
125.19.235.212 - - [31/Mar/2013:11:07:05 +0530] "GET /faces/tiles/catalogue.jsp?catalogueID=2 HTTP/1.1" 200 279517 "-" "WinHTTP ActiveXperts"
125.19.235.212 - - [31/Mar/2013:11:10:24 +0530] "GET /faces/tiles/catalogue.jsp?catalogueID=2 HTTP/1.1" 200 279517 "-" "WinHTTP ActiveXperts"
125.19.235.212 - - [31/Mar/2013:11:13:47 +0530] "GET /faces/tiles/catalogue.jsp?catalogueID=2 HTTP/1.1" 200 213027 "-" "WinHTTP ActiveXperts"
125.19.235.212 - - [31/Mar/2013:11:16:05 +0530] "GET /faces/tiles/catalogue.jsp?catalogueID=2 HTTP/1.1" 200 273028 "-" "WinHTTP ActiveXperts"
125.19.235.212 - - [31/Mar/2013:11:16:59 +0530] "GET /faces/tiles/catalogue.jsp?catalogueID=2 HTTP/1.1" 200 273028 "-" "WinHTTP ActiveXperts"
125.19.235.212 - - [31/Mar/2013:11:19:07 +0530] "GET /faces/tiles/catalogue.jsp?catalogueID=2 HTTP/1.1" 200 273028 "-" "WinHTTP ActiveXperts"
125.19.235.212 - - [31/Mar/2013:11:25:21 +0530] "GET /faces/tiles/catalogue.jsp?catalogueID=2 HTTP/1.1" 200 273028 "-" "WinHTTP ActiveXperts"
125.19.235.212 - - [31/Mar/2013:11:27:24 +0530] "GET /faces/tiles/catalogue.jsp?catalogueID=2 HTTP/1.1" 200 273028 "-" "WinHTTP ActiveXperts"
125.19.235.212 - - [31/Mar/2013:11:31:53 +0530] "GET /faces/tiles/catalogue.jsp?catalogueID=2 HTTP/1.1" 200 273028 "-" "WinHTTP ActiveXperts"
125.19.235.212 - - [31/Mar/2013:11:33:56 +0530] "GET /faces/tiles/catalogue.jsp?catalogueID=2 HTTP/1.1" 200 273028 "-" "WinHTTP ActiveXperts"
125.19.235.212 - - [31/Mar/2013:11:42:58 +0530] "GET /faces/tiles/catalogue.jsp?catalogueID=2 HTTP/1.1" 200 273028 "-" "WinHTTP ActiveXperts"
125.19.235.212 - - [31/Mar/2013:11:44:02 +0530] "GET /faces/tiles/catalogue.jsp?catalogueID=2 HTTP/1.1" 200 273028 "-" "WinHTTP ActiveXperts"
125.19.235.212 - - [31/Mar/2013:11:45:08 +0530] "GET /faces/tiles/catalogue.jsp?catalogueID=2 HTTP/1.1" 200 273028 "-" "WinHTTP ActiveXperts"
125.19.235.212 - - [31/Mar/2013:11:56:20 +0530] "GET /faces/tiles/catalogue.jsp?catalogueID=2 HTTP/1.1" 200 273028 "-" "WinHTTP ActiveXperts"
125.19.235.212 - - [31/Mar/2013:11:58:15 +0530] "GET /faces/tiles/catalogue.jsp?catalogueID=2 HTTP/1.1" 200 273028 "-" "WinHTTP ActiveXperts"
125.19.235.212 - - [31/Mar/2013:12:01:27 +0530] "GET /faces/tiles/catalogue.jsp?catalogueID=2 HTTP/1.1" 200 273028 "-" "WinHTTP ActiveXperts"
125.19.235.212 - - [31/Mar/2013:12:03:32 +0530] "GET /faces/tiles/catalogue.jsp?catalogueID=2 HTTP/1.1" 200 273028 "-" "WinHTTP ActiveXperts"
125.19.235.212 - - [31/Mar/2013:12:10:02 +0530] "GET /faces/tiles/catalogue.jsp?catalogueID=2 HTTP/1.1" 200 273028 "-" "WinHTTP ActiveXperts"
125.19.235.212 - - [31/Mar/2013:12:14:25 +0530] "GET /faces/tiles/catalogue.jsp?catalogueID=2 HTTP/1.1" 200 273028 "-" "WinHTTP ActiveXperts"
125.19.235.212 - - [31/Mar/2013:12:15:29 +0530] "GET /faces/tiles/catalogue.jsp?catalogueID=2 HTTP/1.1" 200 - "-" "WinHTTP ActiveXperts"
125.19.235.212 - - [31/Mar/2013:12:16:32 +0530] "GET /faces/tiles/catalogue.jsp?catalogueID=2 HTTP/1.1" 200 - "-" "WinHTTP ActiveXperts"
125.19.235.212 - - [31/Mar/2013:12:17:32 +0530] "GET /faces/tiles/catalogue.jsp?catalogueID=2 HTTP/1.1" 200 - "-" "WinHTTP ActiveXperts"
125.19.235.212 - - [31/Mar/2013:12:18:37 +0530] "GET /faces/tiles/catalogue.jsp?catalogueID=2 HTTP/1.1" 200 - "-" "WinHTTP ActiveXperts"
125.19.235.212 - - [31/Mar/2013:12:20:52 +0530] "GET /faces/tiles/catalogue.jsp?catalogueID=2 HTTP/1.1" 200 273028 "-" "WinHTTP ActiveXperts"
125.19.235.212 - - [31/Mar/2013:12:21:55 +0530] "GET /faces/tiles/catalogue.jsp?catalogueID=2 HTTP/1.1" 200 273028 "-" "WinHTTP ActiveXperts"
125.16.69.49 - - [31/Mar/2013:12:22:01 +0530] "GET /faces/tiles/catalogue.jsp?catalogueID=2 HTTP/1.1" 200 273028 "-" "Mozilla/5.0 (Windows NT 6.1) AppleWebKit/537.31 (KHTML, like Gecko) Chrome/26.0.1410.43 Safari/537.31"
125.16.69.49 - - [31/Mar/2013:12:22:01 +0530] "GET /errorPage.htm HTTP/1.1" 200 2105 "http://exclusive.bagittoday.com/" "Mozilla/5.0 (Windows NT 6.1) AppleWebKit/537.31 (KHTML, like Gecko) Chrome/26.0.1410.43 Safari/537.31"
125.16.69.49 - - [31/Mar/2013:12:22:14 +0530] "POST /faces/jsp/jqAjaxResponse.jsp?flag=rentlyView HTTP/1.1" 200 324 "http://exclusive.bagittoday.com/" "Mozilla/5.0 (Windows NT 6.1) AppleWebKit/537.31 (KHTML, like Gecko) Chrome/26.0.1410.43 Safari/537.31"
125.16.69.49 - - [31/Mar/2013:12:22:14 +0530] "POST /faces/jsp/jqAjaxResponse.jsp?flag=updateCartSize&catalogueID=2 HTTP/1.1" 200 2190 "http://exclusive.bagittoday.com/" "Mozilla/5.0 (Windows NT 6.1) AppleWebKit/537.31 (KHTML, like Gecko) Chrome/26.0.1410.43 Safari/537.31"
125.19.235.212 - - [31/Mar/2013:12:22:55 +0530] "GET /faces/tiles/catalogue.jsp?catalogueID=2 HTTP/1.1" 200 273028 "-" "WinHTTP ActiveXperts"
125.19.235.212 - - [31/Mar/2013:12:24:11 +0530] "GET /faces/tiles/catalogue.jsp?catalogueID=2 HTTP/1.1" 200 273028 "-" "WinHTTP ActiveXperts"
125.19.235.212 - - [31/Mar/2013:12:26:48 +0530] "GET /faces/tiles/catalogue.jsp?catalogueID=2 HTTP/1.1" 200 273028 "-" "WinHTTP ActiveXperts"
125.19.235.212 - - [31/Mar/2013:12:27:42 +0530] "GET /faces/tiles/catalogue.jsp?catalogueID=2 HTTP/1.1" 200 273028 "-" "WinHTTP ActiveXperts"
125.19.235.212 - - [31/Mar/2013:12:28:45 +0530] "GET /faces/tiles/catalogue.jsp?catalogueID=2 HTTP/1.1" 200 273028 "-" "WinHTTP ActiveXperts"
125.19.235.212 - - [31/Mar/2013:12:33:08 +0530] "GET /faces/tiles/catalogue.jsp?catalogueID=2 HTTP/1.1" 200 - "-" "WinHTTP ActiveXperts"
125.16.69.49 - - [31/Mar/2013:12:34:19 +0530] "GET /faces/tiles/catalogue.jsp?catalogueID=2 HTTP/1.1" 304 - "-" "Mozilla/5.0 (Windows NT 6.1; rv:19.0) Gecko/20100101 Firefox/19.0"
125.16.69.49 - - [31/Mar/2013:12:34:19 +0530] "GET /errorPage.htm HTTP/1.1" 200 2105 "http://exclusive.bagittoday.com/" "Mozilla/5.0 (Windows NT 6.1; rv:19.0) Gecko/20100101 Firefox/19.0"
125.16.69.49 - - [31/Mar/2013:12:34:25 +0530] "POST /faces/jsp/jqAjaxResponse.jsp?flag=updateCartSize&catalogueID=2 HTTP/1.1" 200 2190 "http://exclusive.bagittoday.com/" "Mozilla/5.0 (Windows NT 6.1; rv:19.0) Gecko/20100101 Firefox/19.0"
125.16.69.49 - - [31/Mar/2013:12:34:25 +0530] "POST /faces/jsp/jqAjaxResponse.jsp?flag=rentlyView HTTP/1.1" 200 5786 "http://exclusive.bagittoday.com/" "Mozilla/5.0 (Windows NT 6.1; rv:19.0) Gecko/20100101 Firefox/19.0"
125.16.69.49 - - [31/Mar/2013:12:35:00 +0530] "POST /faces/jsp/jqAjaxResponse.jsp?flag=updateCartSize&catalogueID=2 HTTP/1.1" 200 2190 "http://exclusive.bagittoday.com/" "Mozilla/5.0 (Windows NT 6.1; rv:19.0) Gecko/20100101 Firefox/19.0"
125.16.69.49 - - [31/Mar/2013:12:35:00 +0530] "POST /faces/jsp/jqAjaxResponse.jsp?flag=rentlyView HTTP/1.1" 200 5786 "http://exclusive.bagittoday.com/" "Mozilla/5.0 (Windows NT 6.1; rv:19.0) Gecko/20100101 Firefox/19.0"
125.16.69.49 - - [31/Mar/2013:12:35:21 +0530] "POST /faces/jsp/jqAjaxResponse.jsp?flag=updateCartSize&catalogueID=2 HTTP/1.1" 200 2190 "http://exclusive.bagittoday.com/" "Mozilla/5.0 (Windows NT 6.1; rv:19.0) Gecko/20100101 Firefox/19.0"
125.16.69.49 - - [31/Mar/2013:12:35:21 +0530] "POST /faces/jsp/jqAjaxResponse.jsp?flag=rentlyView HTTP/1.1" 200 5786 "http://exclusive.bagittoday.com/" "Mozilla/5.0 (Windows NT 6.1; rv:19.0) Gecko/20100101 Firefox/19.0"
123.201.200.131 - - [31/Mar/2013:12:45:24 +0530] "GET /faces/jsp/indexWeb.jsp HTTP/1.1" 302 - "http://exclusive.bagittoday.com/faces/tiles/catalogue.jsp?catalogueID=2" "Mozilla/5.0 (Windows NT 5.1) AppleWebKit/537.31 (KHTML, like Gecko) Chrome/26.0.1410.43 Safari/537.31"
123.201.200.131 - - [31/Mar/2013:12:45:24 +0530] "GET /faces/tiles/catalogue.jsp?catalogueID=2 HTTP/1.1" 304 - "http://exclusive.bagittoday.com/faces/tiles/catalogue.jsp?catalogueID=2" "Mozilla/5.0 (Windows NT 5.1) AppleWebKit/537.31 (KHTML, like Gecko) Chrome/26.0.1410.43 Safari/537.31"
123.201.200.131 - - [31/Mar/2013:12:45:24 +0530] "GET /errorPage.htm HTTP/1.1" 304 - "http://exclusive.bagittoday.com/faces/tiles/catalogue.jsp?catalogueID=2" "Mozilla/5.0 (Windows NT 5.1) AppleWebKit/537.31 (KHTML, like Gecko) Chrome/26.0.1410.43 Safari/537.31"
123.201.200.131 - - [31/Mar/2013:12:45:26 +0530] "POST /faces/jsp/jqAjaxResponse.jsp?flag=updateCartSize&catalogueID=2 HTTP/1.1" 200 2347 "http://exclusive.bagittoday.com/faces/tiles/catalogue.jsp?catalogueID=2" "Mozilla/5.0 (Windows NT 5.1) AppleWebKit/537.31 (KHTML, like Gecko) Chrome/26.0.1410.43 Safari/537.31"
123.201.200.131 - - [31/Mar/2013:12:45:26 +0530] "POST /faces/jsp/jqAjaxResponse.jsp?flag=rentlyView HTTP/1.1" 200 5696 "http://exclusive.bagittoday.com/faces/tiles/catalogue.jsp?catalogueID=2" "Mozilla/5.0 (Windows NT 5.1) AppleWebKit/537.31 (KHTML, like Gecko) Chrome/26.0.1410.43 Safari/537.31"
123.201.200.131 - - [31/Mar/2013:12:45:34 +0530] "GET /faces/jsp/indexWeb.jsp HTTP/1.1" 302 - "http://exclusive.bagittoday.com/faces/tiles/catalogue.jsp?catalogueID=2" "Mozilla/5.0 (Windows NT 5.1) AppleWebKit/537.31 (KHTML, like Gecko) Chrome/26.0.1410.43 Safari/537.31"
123.201.200.131 - - [31/Mar/2013:12:45:34 +0530] "POST /faces/jsp/jqAjaxResponse.jsp?flag=updateCartSize&catalogueID=2 HTTP/1.1" 200 2347 "http://exclusive.bagittoday.com/faces/tiles/catalogue.jsp?catalogueID=2" "Mozilla/5.0 (Windows NT 5.1) AppleWebKit/537.31 (KHTML, like Gecko) Chrome/26.0.1410.43 Safari/537.31"
123.201.200.131 - - [31/Mar/2013:12:45:34 +0530] "POST /faces/jsp/jqAjaxResponse.jsp?flag=rentlyView HTTP/1.1" 200 5696 "http://exclusive.bagittoday.com/faces/tiles/catalogue.jsp?catalogueID=2" "Mozilla/5.0 (Windows NT 5.1) AppleWebKit/537.31 (KHTML, like Gecko) Chrome/26.0.1410.43 Safari/537.31"
123.201.200.131 - - [31/Mar/2013:12:45:50 +0530] "GET /faces/jsp/indexWeb.jsp HTTP/1.1" 302 - "http://exclusive.bagittoday.com/faces/tiles/catalogue.jsp?catalogueID=2" "Mozilla/5.0 (Windows NT 5.1) AppleWebKit/537.31 (KHTML, like Gecko) Chrome/26.0.1410.43 Safari/537.31"
123.201.200.131 - - [31/Mar/2013:12:45:51 +0530] "POST /faces/jsp/jqAjaxResponse.jsp?flag=updateCartSize&catalogueID=2 HTTP/1.1" 200 2347 "http://exclusive.bagittoday.com/faces/tiles/catalogue.jsp?catalogueID=2" "Mozilla/5.0 (Windows NT 5.1) AppleWebKit/537.31 (KHTML, like Gecko) Chrome/26.0.1410.43 Safari/537.31"
123.201.200.131 - - [31/Mar/2013:12:45:51 +0530] "POST /faces/jsp/jqAjaxResponse.jsp?flag=rentlyView HTTP/1.1" 200 5696 "http://exclusive.bagittoday.com/faces/tiles/catalogue.jsp?catalogueID=2" "Mozilla/5.0 (Windows NT 5.1) AppleWebKit/537.31 (KHTML, like Gecko) Chrome/26.0.1410.43 Safari/537.31"
125.19.235.212 - - [31/Mar/2013:12:45:56 +0530] "GET /faces/tiles/catalogue.jsp?catalogueID=2 HTTP/1.1" 200 - "-" "WinHTTP ActiveXperts"
125.19.235.212 - - [31/Mar/2013:12:49:03 +0530] "GET /faces/tiles/catalogue.jsp?catalogueID=2 HTTP/1.1" 200 - "-" "WinHTTP ActiveXperts"
125.19.235.212 - - [31/Mar/2013:12:53:19 +0530] "GET /faces/tiles/catalogue.jsp?catalogueID=2 HTTP/1.1" 200 273028 "-" "WinHTTP ActiveXperts"
125.19.235.212 - - [31/Mar/2013:12:56:27 +0530] "GET /faces/tiles/catalogue.jsp?catalogueID=2 HTTP/1.1" 200 273028 "-" "WinHTTP ActiveXperts"
125.19.235.212 - - [31/Mar/2013:12:58:47 +0530] "GET /faces/tiles/catalogue.jsp?catalogueID=2 HTTP/1.1" 200 196643 "-" "WinHTTP ActiveXperts"
123.201.200.131 - - [31/Mar/2013:13:01:37 +0530] "GET /faces/tiles/catalogue.jsp?catalogueID=2 HTTP/1.1" 304 - "http://exclusive.bagittoday.com/faces/tiles/catalogue.jsp?catalogueID=2" "Mozilla/5.0 (Windows NT 5.1) AppleWebKit/537.31 (KHTML, like Gecko) Chrome/26.0.1410.43 Safari/537.31"
123.201.200.131 - - [31/Mar/2013:13:01:40 +0530] "POST /faces/jsp/jqAjaxResponse.jsp?flag=updateCartSize&catalogueID=2 HTTP/1.1" 200 2347 "http://exclusive.bagittoday.com/faces/tiles/catalogue.jsp?catalogueID=2" "Mozilla/5.0 (Windows NT 5.1) AppleWebKit/537.31 (KHTML, like Gecko) Chrome/26.0.1410.43 Safari/537.31"
123.201.200.131 - - [31/Mar/2013:13:01:40 +0530] "POST /faces/jsp/jqAjaxResponse.jsp?flag=rentlyView HTTP/1.1" 200 5696 "http://exclusive.bagittoday.com/faces/tiles/catalogue.jsp?catalogueID=2" "Mozilla/5.0 (Windows NT 5.1) AppleWebKit/537.31 (KHTML, like Gecko) Chrome/26.0.1410.43 Safari/537.31"
125.19.235.212 - - [31/Mar/2013:13:02:04 +0530] "GET /faces/tiles/catalogue.jsp?catalogueID=2 HTTP/1.1" 200 268982 "-" "WinHTTP ActiveXperts"
125.19.235.212 - - [31/Mar/2013:13:16:35 +0530] "GET /faces/tiles/catalogue.jsp?catalogueID=2 HTTP/1.1" 200 172067 "-" "WinHTTP ActiveXperts"
125.19.235.212 - - [31/Mar/2013:13:18:48 +0530] "GET /faces/tiles/catalogue.jsp?catalogueID=2 HTTP/1.1" 200 - "-" "WinHTTP ActiveXperts"
125.19.235.212 - - [31/Mar/2013:13:19:03 +0530] "GET /faces/tiles/catalogue.jsp?catalogueID=2 HTTP/1.1" 200 213027 "-" "WinHTTP ActiveXperts"
125.19.235.212 - - [31/Mar/2013:13:23:06 +0530] "GET /faces/tiles/catalogue.jsp?catalogueID=2 HTTP/1.1" 200 273028 "-" "WinHTTP ActiveXperts"
125.19.235.212 - - [31/Mar/2013:13:26:24 +0530] "GET /faces/tiles/catalogue.jsp?catalogueID=2 HTTP/1.1" 200 273028 "-" "WinHTTP ActiveXperts"
123.201.200.131 - - [31/Mar/2013:13:28:12 +0530] "GET /favicon.ico HTTP/1.1" 200 - "-" "Mozilla/5.0 (Windows NT 5.1) AppleWebKit/537.31 (KHTML, like Gecko) Chrome/26.0.1410.43 Safari/537.31"
10.1.32.179 - - [31/Mar/2013:13:28:16 +0530] "GET /faces/cache/clearCache.jsp?flush=true HTTP/1.1" 200 136 "-" "Java/1.7.0_09-icedtea"
125.16.69.49 - - [31/Mar/2013:13:29:18 +0530] "GET /faces/jsp/forgotPasswordStep1.jsp HTTP/1.1" 200 2290 "http://exclusive.bagittoday.com/" "Mozilla/5.0 (Windows NT 6.1) AppleWebKit/537.31 (KHTML, like Gecko) Chrome/26.0.1410.43 Safari/537.31"
125.16.69.49 - - [31/Mar/2013:13:29:35 +0530] "POST /faces/jsp/passwordRecovery.jsp HTTP/1.1" 200 1416 "http://exclusive.bagittoday.com/faces/jsp/forgotPasswordStep1.jsp?" "Mozilla/5.0 (Windows NT 6.1) AppleWebKit/537.31 (KHTML, like Gecko) Chrome/26.0.1410.43 Safari/537.31"
125.16.69.49 - - [31/Mar/2013:13:29:41 +0530] "POST /faces/jsp/passwordRecovery.jsp HTTP/1.1" 200 429 "http://exclusive.bagittoday.com/faces/jsp/forgotPasswordStep1.jsp?" "Mozilla/5.0 (Windows NT 6.1) AppleWebKit/537.31 (KHTML, like Gecko) Chrome/26.0.1410.43 Safari/537.31"
125.19.235.212 - - [31/Mar/2013:13:29:56 +0530] "GET /faces/tiles/catalogue.jsp?catalogueID=2 HTTP/1.1" 200 273028 "-" "WinHTTP ActiveXperts"
125.16.69.49 - - [31/Mar/2013:13:30:46 +0530] "POST /faces/jsp/passwordRecovery.jsp HTTP/1.1" 200 429 "http://exclusive.bagittoday.com/faces/jsp/forgotPasswordStep1.jsp?" "Mozilla/5.0 (Windows NT 6.1) AppleWebKit/537.31 (KHTML, like Gecko) Chrome/26.0.1410.43 Safari/537.31"
125.16.69.49 - - [31/Mar/2013:13:30:46 +0530] "GET /faces/jsp/forgotPasswordStep1.jsp HTTP/1.1" 200 2290 "http://exclusive.bagittoday.com/" "Mozilla/5.0 (Windows NT 6.1) AppleWebKit/537.31 (KHTML, like Gecko) Chrome/26.0.1410.43 Safari/537.31"
125.16.69.49 - - [31/Mar/2013:13:30:49 +0530] "GET /faces/jsp/forgotPasswordStep1.jsp HTTP/1.1" 200 2290 "http://exclusive.bagittoday.com/" "Mozilla/5.0 (Windows NT 6.1) AppleWebKit/537.31 (KHTML, like Gecko) Chrome/26.0.1410.43 Safari/537.31"
125.16.69.49 - - [31/Mar/2013:13:31:06 +0530] "POST /faces/jsp/passwordRecovery.jsp HTTP/1.1" 200 1416 "http://exclusive.bagittoday.com/faces/jsp/forgotPasswordStep1.jsp?" "Mozilla/5.0 (Windows NT 6.1) AppleWebKit/537.31 (KHTML, like Gecko) Chrome/26.0.1410.43 Safari/537.31"
125.16.69.49 - - [31/Mar/2013:13:31:11 +0530] "POST /faces/jsp/passwordRecovery.jsp HTTP/1.1" 200 429 "http://exclusive.bagittoday.com/faces/jsp/forgotPasswordStep1.jsp?" "Mozilla/5.0 (Windows NT 6.1) AppleWebKit/537.31 (KHTML, like Gecko) Chrome/26.0.1410.43 Safari/537.31"
61.12.31.52 - - [31/Mar/2013:13:31:50 +0530] "GET /faces/tiles/catalogue.jsp?catalogueID=2 HTTP/1.0" 200 273028 "-" "Mozilla/5.0 (X11; Ubuntu; Linux i686; rv:15.0) Gecko/20100101 Firefox/15.0.1"
61.12.31.52 - - [31/Mar/2013:13:31:50 +0530] "GET /errorPage.htm HTTP/1.0" 304 - "http://exclusive.bagittoday.com/" "Mozilla/5.0 (X11; Ubuntu; Linux i686; rv:15.0) Gecko/20100101 Firefox/15.0.1"
61.12.31.52 - - [31/Mar/2013:13:31:50 +0530] "GET /errorPage.htm HTTP/1.0" 200 2105 "http://exclusive.bagittoday.com/" "Mozilla/5.0 (X11; Ubuntu; Linux i686; rv:15.0) Gecko/20100101 Firefox/15.0.1"
61.12.31.52 - - [31/Mar/2013:13:31:51 +0530] "POST /faces/jsp/jqAjaxResponse.jsp?flag=rentlyView HTTP/1.0" 200 324 "http://exclusive.bagittoday.com/" "Mozilla/5.0 (X11; Ubuntu; Linux i686; rv:15.0) Gecko/20100101 Firefox/15.0.1"
61.12.31.52 - - [31/Mar/2013:13:31:51 +0530] "POST /faces/jsp/jqAjaxResponse.jsp?flag=updateCartSize&catalogueID=2 HTTP/1.0" 200 2190 "http://exclusive.bagittoday.com/" "Mozilla/5.0 (X11; Ubuntu; Linux i686; rv:15.0) Gecko/20100101 Firefox/15.0.1"
125.16.69.49 - - [31/Mar/2013:13:31:54 +0530] "GET /faces/jsp/forgotPasswordStep1.jsp HTTP/1.1" 200 2290 "http://exclusive.bagittoday.com/" "Mozilla/5.0 (Windows NT 6.1) AppleWebKit/537.31 (KHTML, like Gecko) Chrome/26.0.1410.43 Safari/537.31"
61.12.31.52 - - [31/Mar/2013:13:31:57 +0530] "POST /faces/jsp/jqAjaxResponse.jsp HTTP/1.0" 200 185 "http://exclusive.bagittoday.com/" "Mozilla/5.0 (X11; Ubuntu; Linux i686; rv:15.0) Gecko/20100101 Firefox/15.0.1"
125.16.69.49 - - [31/Mar/2013:13:31:59 +0530] "POST /faces/jsp/passwordRecovery.jsp HTTP/1.1" 200 1419 "http://exclusive.bagittoday.com/faces/jsp/forgotPasswordStep1.jsp?" "Mozilla/5.0 (Windows NT 6.1) AppleWebKit/537.31 (KHTML, like Gecko) Chrome/26.0.1410.43 Safari/537.31"
125.16.69.49 - - [31/Mar/2013:13:32:03 +0530] "POST /faces/jsp/passwordRecovery.jsp HTTP/1.1" 200 429 "http://exclusive.bagittoday.com/faces/jsp/forgotPasswordStep1.jsp?" "Mozilla/5.0 (Windows NT 6.1) AppleWebKit/537.31 (KHTML, like Gecko) Chrome/26.0.1410.43 Safari/537.31"
61.12.31.52 - - [31/Mar/2013:13:32:04 +0530] "POST /faces/jsp/jqAjaxResponse.jsp HTTP/1.0" 200 157 "http://exclusive.bagittoday.com/" "Mozilla/5.0 (X11; Ubuntu; Linux i686; rv:15.0) Gecko/20100101 Firefox/15.0.1"
61.12.31.52 - - [31/Mar/2013:13:32:04 +0530] "GET /faces/tiles/catalogue.jsp?catalogueID=2 HTTP/1.0" 304 - "-" "Mozilla/5.0 (X11; Ubuntu; Linux i686; rv:15.0) Gecko/20100101 Firefox/15.0.1"
61.12.31.52 - - [31/Mar/2013:13:32:04 +0530] "GET /errorPage.htm HTTP/1.0" 304 - "http://exclusive.bagittoday.com/" "Mozilla/5.0 (X11; Ubuntu; Linux i686; rv:15.0) Gecko/20100101 Firefox/15.0.1"
61.12.31.52 - - [31/Mar/2013:13:32:04 +0530] "GET /faces/tiles/catalogue.jsp?catalogueID=2 HTTP/1.0" 304 - "http://exclusive.bagittoday.com/" "Mozilla/5.0 (X11; Ubuntu; Linux i686; rv:15.0) Gecko/20100101 Firefox/15.0.1"
61.12.31.52 - - [31/Mar/2013:13:32:05 +0530] "POST /faces/jsp/jqAjaxResponse.jsp?flag=rentlyView HTTP/1.0" 200 324 "http://exclusive.bagittoday.com/" "Mozilla/5.0 (X11; Ubuntu; Linux i686; rv:15.0) Gecko/20100101 Firefox/15.0.1"
61.12.31.52 - - [31/Mar/2013:13:32:05 +0530] "POST /faces/jsp/jqAjaxResponse.jsp?flag=updateCartSize&catalogueID=2 HTTP/1.0" 200 3320 "http://exclusive.bagittoday.com/" "Mozilla/5.0 (X11; Ubuntu; Linux i686; rv:15.0) Gecko/20100101 Firefox/15.0.1"
61.12.31.52 - - [31/Mar/2013:13:32:15 +0530] "GET /faces/jsp/jqAjaxResponseForBoutique.jsp?flag=autoScrollBoutique&boutiqueCount=1&autoScrollBoutiqueId=1388,1165 HTTP/1.0" 200 2827 "http://exclusive.bagittoday.com/" "Mozilla/5.0 (X11; Ubuntu; Linux i686; rv:15.0) Gecko/20100101 Firefox/15.0.1"
61.12.31.52 - - [31/Mar/2013:13:32:15 +0530] "GET /faces/tiles/catalogue.jsp?catalogueID=2 HTTP/1.0" 304 - "http://exclusive.bagittoday.com/" "Mozilla/5.0 (X11; Ubuntu; Linux i686; rv:15.0) Gecko/20100101 Firefox/15.0.1"
61.12.31.52 - - [31/Mar/2013:13:32:15 +0530] "GET /faces/jsp/jqAjaxResponseForBoutique.jsp?flag=autoScrollBoutique&boutiqueCount=1&autoScrollBoutiqueId=1265,1258 HTTP/1.0" 200 2718 "http://exclusive.bagittoday.com/" "Mozilla/5.0 (X11; Ubuntu; Linux i686; rv:15.0) Gecko/20100101 Firefox/15.0.1"
61.12.31.52 - - [31/Mar/2013:13:32:15 +0530] "GET /faces/tiles/catalogue.jsp?catalogueID=2 HTTP/1.0" 304 - "http://exclusive.bagittoday.com/" "Mozilla/5.0 (X11; Ubuntu; Linux i686; rv:15.0) Gecko/20100101 Firefox/15.0.1"
61.12.31.52 - - [31/Mar/2013:13:32:28 +0530] "GET /faces/jsp/myAccountProfile.jsp?p=profileSettings&catalogueID=2 HTTP/1.0" 200 330283 "http://exclusive.bagittoday.com/" "Mozilla/5.0 (X11; Ubuntu; Linux i686; rv:15.0) Gecko/20100101 Firefox/15.0.1"
61.12.31.52 - - [31/Mar/2013:13:32:28 +0530] "POST /faces/jsp/jqAjaxResponse.jsp?flag=updateCartSize&catalogueID=2 HTTP/1.0" 200 3320 "http://exclusive.bagittoday.com/faces/jsp/myAccountProfile.jsp?p=profileSettings&catalogueID=2" "Mozilla/5.0 (X11; Ubuntu; Linux i686; rv:15.0) Gecko/20100101 Firefox/15.0.1"
61.12.31.52 - - [31/Mar/2013:13:32:36 +0530] "GET /faces/jsp/myAccountWriteTestimonial.jsp?p=complaint HTTP/1.0" 200 242300 "http://exclusive.bagittoday.com/faces/jsp/myAccountProfile.jsp?p=profileSettings&catalogueID=2" "Mozilla/5.0 (X11; Ubuntu; Linux i686; rv:15.0) Gecko/20100101 Firefox/15.0.1"
61.12.31.52 - - [31/Mar/2013:13:32:36 +0530] "GET /faces/jsp/complaint.jsp?p=complaint HTTP/1.0" 200 245301 "http://exclusive.bagittoday.com/faces/jsp/myAccountProfile.jsp?p=profileSettings&catalogueID=2" "Mozilla/5.0 (X11; Ubuntu; Linux i686; rv:15.0) Gecko/20100101 Firefox/15.0.1"
61.12.31.52 - - [31/Mar/2013:13:32:36 +0530] "POST /faces/jsp/jqAjaxResponse.jsp?flag=updateCartSize HTTP/1.0" 200 3310 "http://exclusive.bagittoday.com/faces/jsp/myAccountWriteTestimonial.jsp?p=complaint" "Mozilla/5.0 (X11; Ubuntu; Linux i686; rv:15.0) Gecko/20100101 Firefox/15.0.1"
125.16.69.49 - - [31/Mar/2013:13:34:02 +0530] "GET /faces/jsp/forgotPasswordStep1.jsp HTTP/1.1" 200 2290 "http://exclusive.bagittoday.com/" "Mozilla/5.0 (Windows NT 6.1) AppleWebKit/537.31 (KHTML, like Gecko) Chrome/26.0.1410.43 Safari/537.31"
125.16.69.49 - - [31/Mar/2013:13:34:23 +0530] "POST /faces/jsp/passwordRecovery.jsp HTTP/1.1" 200 1413 "http://exclusive.bagittoday.com/faces/jsp/forgotPasswordStep1.jsp?" "Mozilla/5.0 (Windows NT 6.1) AppleWebKit/537.31 (KHTML, like Gecko) Chrome/26.0.1410.43 Safari/537.31"
125.16.69.49 - - [31/Mar/2013:13:34:34 +0530] "POST /faces/jsp/passwordRecovery.jsp HTTP/1.1" 200 429 "http://exclusive.bagittoday.com/faces/jsp/forgotPasswordStep1.jsp?" "Mozilla/5.0 (Windows NT 6.1) AppleWebKit/537.31 (KHTML, like Gecko) Chrome/26.0.1410.43 Safari/537.31"
125.16.69.49 - - [31/Mar/2013:13:34:34 +0530] "POST /faces/jsp/passwordRecovery.jsp HTTP/1.1" 200 429 "http://exclusive.bagittoday.com/faces/jsp/forgotPasswordStep1.jsp?" "Mozilla/5.0 (Windows NT 6.1) AppleWebKit/537.31 (KHTML, like Gecko) Chrome/26.0.1410.43 Safari/537.31"
61.12.31.52 - - [31/Mar/2013:13:34:55 +0530] "GET /faces/jsp/jqAjaxResponse.jsp?flag=validateCaptcha&captureWord=9SBT1G&captureWordHash=-1831297185 HTTP/1.0" 200 228 "http://exclusive.bagittoday.com/faces/jsp/myAccountWriteTestimonial.jsp?p=complaint" "Mozilla/5.0 (X11; Ubuntu; Linux i686; rv:15.0) Gecko/20100101 Firefox/15.0.1"
61.12.31.52 - - [31/Mar/2013:13:34:55 +0530] "POST /servlet/FileUploadServlet HTTP/1.0" 302 - "http://exclusive.bagittoday.com/faces/jsp/myAccountWriteTestimonial.jsp?p=complaint" "Mozilla/5.0 (X11; Ubuntu; Linux i686; rv:15.0) Gecko/20100101 Firefox/15.0.1"
61.12.31.52 - - [31/Mar/2013:13:34:58 +0530] "GET /faces/jsp/myAccountWriteTestimonial.jsp HTTP/1.0" 200 242488 "http://exclusive.bagittoday.com/faces/jsp/myAccountWriteTestimonial.jsp?p=complaint" "Mozilla/5.0 (X11; Ubuntu; Linux i686; rv:15.0) Gecko/20100101 Firefox/15.0.1"
61.12.31.52 - - [31/Mar/2013:13:34:58 +0530] "POST /faces/jsp/jqAjaxResponse.jsp?flag=updateCartSize HTTP/1.0" 200 3310 "http://exclusive.bagittoday.com/faces/jsp/myAccountWriteTestimonial.jsp" "Mozilla/5.0 (X11; Ubuntu; Linux i686; rv:15.0) Gecko/20100101 Firefox/15.0.1"
61.12.31.52 - - [31/Mar/2013:13:35:29 +0530] "GET /faces/jsp/jqAjaxResponse.jsp?flag=validateCaptcha&captureWord=VMQV7M&captureWordHash=-702944877 HTTP/1.0" 200 228 "http://exclusive.bagittoday.com/faces/jsp/myAccountWriteTestimonial.jsp" "Mozilla/5.0 (X11; Ubuntu; Linux i686; rv:15.0) Gecko/20100101 Firefox/15.0.1"
61.12.31.52 - - [31/Mar/2013:13:35:29 +0530] "POST /servlet/FileUploadServlet HTTP/1.0" 302 - "http://exclusive.bagittoday.com/faces/jsp/myAccountWriteTestimonial.jsp" "Mozilla/5.0 (X11; Ubuntu; Linux i686; rv:15.0) Gecko/20100101 Firefox/15.0.1"
61.12.31.52 - - [31/Mar/2013:13:35:32 +0530] "GET /faces/jsp/myAccountWriteTestimonial.jsp HTTP/1.0" 200 242488 "http://exclusive.bagittoday.com/faces/jsp/myAccountWriteTestimonial.jsp" "Mozilla/5.0 (X11; Ubuntu; Linux i686; rv:15.0) Gecko/20100101 Firefox/15.0.1"
61.12.31.52 - - [31/Mar/2013:13:35:32 +0530] "POST /faces/jsp/jqAjaxResponse.jsp?flag=updateCartSize HTTP/1.0" 200 3310 "http://exclusive.bagittoday.com/faces/jsp/myAccountWriteTestimonial.jsp" "Mozilla/5.0 (X11; Ubuntu; Linux i686; rv:15.0) Gecko/20100101 Firefox/15.0.1"
61.12.31.52 - - [31/Mar/2013:13:36:07 +0530] "GET /faces/jsp/logout.jsp HTTP/1.0" 302 - "http://exclusive.bagittoday.com/faces/jsp/myAccountWriteTestimonial.jsp" "Mozilla/5.0 (X11; Ubuntu; Linux i686; rv:15.0) Gecko/20100101 Firefox/15.0.1"
61.12.31.52 - - [31/Mar/2013:13:36:07 +0530] "GET /faces/tiles/catalogue.jsp?catalogueID=2 HTTP/1.0" 200 273028 "http://exclusive.bagittoday.com/faces/jsp/myAccountWriteTestimonial.jsp" "Mozilla/5.0 (X11; Ubuntu; Linux i686; rv:15.0) Gecko/20100101 Firefox/15.0.1"
61.12.31.52 - - [31/Mar/2013:13:36:08 +0530] "POST /faces/jsp/jqAjaxResponse.jsp?flag=updateCartSize&catalogueID=2 HTTP/1.0" 200 2190 "http://exclusive.bagittoday.com/faces/tiles/catalogue.jsp?catalogueID=2" "Mozilla/5.0 (X11; Ubuntu; Linux i686; rv:15.0) Gecko/20100101 Firefox/15.0.1"
61.12.31.52 - - [31/Mar/2013:13:36:08 +0530] "POST /faces/jsp/jqAjaxResponse.jsp?flag=rentlyView HTTP/1.0" 200 324 "http://exclusive.bagittoday.com/faces/tiles/catalogue.jsp?catalogueID=2" "Mozilla/5.0 (X11; Ubuntu; Linux i686; rv:15.0) Gecko/20100101 Firefox/15.0.1"
125.19.235.212 - - [31/Mar/2013:13:41:14 +0530] "GET /faces/tiles/catalogue.jsp?catalogueID=2 HTTP/1.1" 200 273028 "-" "WinHTTP ActiveXperts"
125.16.69.49 - - [31/Mar/2013:13:41:23 +0530] "GET /faces/tiles/boutique.jsp?catalogueID=2&boutiqueID=1377 HTTP/1.1" 200 325749 "http://exclusive.bagittoday.com/" "Mozilla/5.0 (Windows NT 6.1) AppleWebKit/537.31 (KHTML, like Gecko) Chrome/26.0.1410.43 Safari/537.31"
125.16.69.49 - - [31/Mar/2013:13:41:23 +0530] "GET /errorPage.htm HTTP/1.1" 304 - "http://exclusive.bagittoday.com/lowest-price-sale/b-1377/" "Mozilla/5.0 (Windows NT 6.1) AppleWebKit/537.31 (KHTML, like Gecko) Chrome/26.0.1410.43 Safari/537.31"
125.16.69.49 - - [31/Mar/2013:13:41:41 +0530] "POST /faces/jsp/jqAjaxResponse.jsp?flag=updateCartSize&catalogueID=2 HTTP/1.1" 200 2190 "http://exclusive.bagittoday.com/lowest-price-sale/b-1377/" "Mozilla/5.0 (Windows NT 6.1) AppleWebKit/537.31 (KHTML, like Gecko) Chrome/26.0.1410.43 Safari/537.31"
125.16.69.49 - - [31/Mar/2013:13:41:41 +0530] "POST /faces/jsp/jqAjaxResponse.jsp?flag=rentlyView HTTP/1.1" 200 324 "http://exclusive.bagittoday.com/lowest-price-sale/b-1377/" "Mozilla/5.0 (Windows NT 6.1) AppleWebKit/537.31 (KHTML, like Gecko) Chrome/26.0.1410.43 Safari/537.31"
125.16.69.49 - - [31/Mar/2013:13:41:47 +0530] "GET /faces/tiles/product.jsp?catalogueID=2&productID=23432 HTTP/1.1" 200 276430 "http://exclusive.bagittoday.com/lowest-price-sale/b-1377/" "Mozilla/5.0 (Windows NT 6.1) AppleWebKit/537.31 (KHTML, like Gecko) Chrome/26.0.1410.43 Safari/537.31"
125.16.69.49 - - [31/Mar/2013:13:41:59 +0530] "POST /faces/jsp/jqAjaxResponse.jsp?flag=updateCartSize&catalogueID=2 HTTP/1.1" 200 2190 "http://exclusive.bagittoday.com/Smart-Home-Combo-Hand-Blender--Steam-Iron--Arise-Kettle/pr-23432_b-1377/" "Mozilla/5.0 (Windows NT 6.1) AppleWebKit/537.31 (KHTML, like Gecko) Chrome/26.0.1410.43 Safari/537.31"
125.16.69.49 - - [31/Mar/2013:13:41:59 +0530] "POST /faces/jsp/jqAjaxResponse.jsp?flag=rentlyView&productID=23432 HTTP/1.1" 200 796 "http://exclusive.bagittoday.com/Smart-Home-Combo-Hand-Blender--Steam-Iron--Arise-Kettle/pr-23432_b-1377/" "Mozilla/5.0 (Windows NT 6.1) AppleWebKit/537.31 (KHTML, like Gecko) Chrome/26.0.1410.43 Safari/537.31"
125.19.235.212 - - [31/Mar/2013:13:43:20 +0530] "GET /faces/tiles/catalogue.jsp?catalogueID=2 HTTP/1.1" 200 273028 "-" "WinHTTP ActiveXperts"
123.201.200.131 - - [31/Mar/2013:13:44:36 +0530] "GET /faces/tiles/catalogue.jsp?catalogueID=2 HTTP/1.1" 304 - "http://exclusive.bagittoday.com/faces/tiles/catalogue.jsp?catalogueID=2" "Mozilla/5.0 (Windows NT 5.1) AppleWebKit/537.31 (KHTML, like Gecko) Chrome/26.0.1410.43 Safari/537.31"
123.201.200.131 - - [31/Mar/2013:13:44:36 +0530] "GET /errorPage.htm HTTP/1.1" 304 - "http://exclusive.bagittoday.com/faces/tiles/catalogue.jsp?catalogueID=2" "Mozilla/5.0 (Windows NT 5.1) AppleWebKit/537.31 (KHTML, like Gecko) Chrome/26.0.1410.43 Safari/537.31"
123.201.200.131 - - [31/Mar/2013:13:44:37 +0530] "POST /faces/jsp/jqAjaxResponse.jsp?flag=updateCartSize&catalogueID=2 HTTP/1.1" 200 2347 "http://exclusive.bagittoday.com/faces/tiles/catalogue.jsp?catalogueID=2" "Mozilla/5.0 (Windows NT 5.1) AppleWebKit/537.31 (KHTML, like Gecko) Chrome/26.0.1410.43 Safari/537.31"
123.201.200.131 - - [31/Mar/2013:13:44:37 +0530] "POST /faces/jsp/jqAjaxResponse.jsp?flag=rentlyView HTTP/1.1" 200 5696 "http://exclusive.bagittoday.com/faces/tiles/catalogue.jsp?catalogueID=2" "Mozilla/5.0 (Windows NT 5.1) AppleWebKit/537.31 (KHTML, like Gecko) Chrome/26.0.1410.43 Safari/537.31"
123.201.200.131 - - [31/Mar/2013:13:44:37 +0530] "GET /faces/tiles/catalogue.jsp?catalogueID=2 HTTP/1.1" 304 - "http://exclusive.bagittoday.com/faces/tiles/catalogue.jsp?catalogueID=2" "Mozilla/5.0 (Windows NT 5.1) AppleWebKit/537.31 (KHTML, like Gecko) Chrome/26.0.1410.43 Safari/537.31"
123.201.200.131 - - [31/Mar/2013:13:44:38 +0530] "POST /faces/jsp/jqAjaxResponse.jsp?flag=updateCartSize&catalogueID=2 HTTP/1.1" 200 2347 "http://exclusive.bagittoday.com/faces/tiles/catalogue.jsp?catalogueID=2" "Mozilla/5.0 (Windows NT 5.1) AppleWebKit/537.31 (KHTML, like Gecko) Chrome/26.0.1410.43 Safari/537.31"
123.201.200.131 - - [31/Mar/2013:13:44:38 +0530] "POST /faces/jsp/jqAjaxResponse.jsp?flag=rentlyView HTTP/1.1" 200 5696 "http://exclusive.bagittoday.com/faces/tiles/catalogue.jsp?catalogueID=2" "Mozilla/5.0 (Windows NT 5.1) AppleWebKit/537.31 (KHTML, like Gecko) Chrome/26.0.1410.43 Safari/537.31"
123.201.200.131 - - [31/Mar/2013:13:44:38 +0530] "GET /faces/tiles/catalogue.jsp?catalogueID=2 HTTP/1.1" 304 - "http://exclusive.bagittoday.com/faces/tiles/catalogue.jsp?catalogueID=2" "Mozilla/5.0 (Windows NT 5.1) AppleWebKit/537.31 (KHTML, like Gecko) Chrome/26.0.1410.43 Safari/537.31"
123.201.200.131 - - [31/Mar/2013:13:44:39 +0530] "POST /faces/jsp/jqAjaxResponse.jsp?flag=updateCartSize&catalogueID=2 HTTP/1.1" 200 2347 "http://exclusive.bagittoday.com/faces/tiles/catalogue.jsp?catalogueID=2" "Mozilla/5.0 (Windows NT 5.1) AppleWebKit/537.31 (KHTML, like Gecko) Chrome/26.0.1410.43 Safari/537.31"
123.201.200.131 - - [31/Mar/2013:13:44:39 +0530] "GET /faces/tiles/catalogue.jsp?catalogueID=2 HTTP/1.1" 200 273028 "http://exclusive.bagittoday.com/faces/tiles/catalogue.jsp?catalogueID=2" "Mozilla/5.0 (Windows NT 5.1) AppleWebKit/537.31 (KHTML, like Gecko) Chrome/26.0.1410.43 Safari/537.31"
123.201.200.131 - - [31/Mar/2013:13:44:39 +0530] "POST /faces/jsp/jqAjaxResponse.jsp?flag=rentlyView HTTP/1.1" 200 5696 "http://exclusive.bagittoday.com/faces/tiles/catalogue.jsp?catalogueID=2" "Mozilla/5.0 (Windows NT 5.1) AppleWebKit/537.31 (KHTML, like Gecko) Chrome/26.0.1410.43 Safari/537.31"
123.201.200.131 - - [31/Mar/2013:13:44:39 +0530] "GET /faces/tiles/catalogue.jsp?catalogueID=2 HTTP/1.1" 200 273028 "http://exclusive.bagittoday.com/faces/tiles/catalogue.jsp?catalogueID=2" "Mozilla/5.0 (Windows NT 5.1) AppleWebKit/537.31 (KHTML, like Gecko) Chrome/26.0.1410.43 Safari/537.31"
123.201.200.131 - - [31/Mar/2013:13:44:39 +0530] "GET /faces/tiles/catalogue.jsp?catalogueID=2 HTTP/1.1" 200 273028 "http://exclusive.bagittoday.com/faces/tiles/catalogue.jsp?catalogueID=2" "Mozilla/5.0 (Windows NT 5.1) AppleWebKit/537.31 (KHTML, like Gecko) Chrome/26.0.1410.43 Safari/537.31"
123.201.200.131 - - [31/Mar/2013:13:44:39 +0530] "GET /faces/tiles/catalogue.jsp?catalogueID=2 HTTP/1.1" 200 273028 "http://exclusive.bagittoday.com/faces/tiles/catalogue.jsp?catalogueID=2" "Mozilla/5.0 (Windows NT 5.1) AppleWebKit/537.31 (KHTML, like Gecko) Chrome/26.0.1410.43 Safari/537.31"
123.201.200.131 - - [31/Mar/2013:13:44:39 +0530] "GET /faces/tiles/catalogue.jsp?catalogueID=2 HTTP/1.1" 200 273028 "http://exclusive.bagittoday.com/faces/tiles/catalogue.jsp?catalogueID=2" "Mozilla/5.0 (Windows NT 5.1) AppleWebKit/537.31 (KHTML, like Gecko) Chrome/26.0.1410.43 Safari/537.31"
123.201.200.131 - - [31/Mar/2013:13:44:39 +0530] "GET /faces/tiles/catalogue.jsp?catalogueID=2 HTTP/1.1" 200 273028 "http://exclusive.bagittoday.com/faces/tiles/catalogue.jsp?catalogueID=2" "Mozilla/5.0 (Windows NT 5.1) AppleWebKit/537.31 (KHTML, like Gecko) Chrome/26.0.1410.43 Safari/537.31"
123.201.200.131 - - [31/Mar/2013:13:44:39 +0530] "GET /faces/tiles/catalogue.jsp?catalogueID=2 HTTP/1.1" 200 273028 "http://exclusive.bagittoday.com/faces/tiles/catalogue.jsp?catalogueID=2" "Mozilla/5.0 (Windows NT 5.1) AppleWebKit/537.31 (KHTML, like Gecko) Chrome/26.0.1410.43 Safari/537.31"
123.201.200.131 - - [31/Mar/2013:13:44:41 +0530] "POST /faces/jsp/jqAjaxResponse.jsp?flag=updateCartSize&catalogueID=2 HTTP/1.1" 200 2347 "http://exclusive.bagittoday.com/faces/tiles/catalogue.jsp?catalogueID=2" "Mozilla/5.0 (Windows NT 5.1) AppleWebKit/537.31 (KHTML, like Gecko) Chrome/26.0.1410.43 Safari/537.31"
123.201.200.131 - - [31/Mar/2013:13:44:41 +0530] "POST /faces/jsp/jqAjaxResponse.jsp?flag=rentlyView HTTP/1.1" 200 5696 "http://exclusive.bagittoday.com/faces/tiles/catalogue.jsp?catalogueID=2" "Mozilla/5.0 (Windows NT 5.1) AppleWebKit/537.31 (KHTML, like Gecko) Chrome/26.0.1410.43 Safari/537.31"
61.12.31.52 - - [31/Mar/2013:13:48:13 +0530] "POST /faces/jsp/jqAjaxResponse.jsp?flag=updateCartSize&catalogueID=2 HTTP/1.0" 200 2190 "http://exclusive.bagittoday.com/" "Mozilla/5.0 (Windows NT 6.1; rv:19.0) Gecko/20100101 Firefox/19.0"
125.19.235.212 - - [31/Mar/2013:13:48:45 +0530] "GET /faces/tiles/catalogue.jsp?catalogueID=2 HTTP/1.1" 200 - "-" "WinHTTP ActiveXperts"
125.19.235.212 - - [31/Mar/2013:13:49:45 +0530] "GET /faces/tiles/catalogue.jsp?catalogueID=2 HTTP/1.1" 200 - "-" "WinHTTP ActiveXperts"
125.19.235.212 - - [31/Mar/2013:13:50:48 +0530] "GET /faces/tiles/catalogue.jsp?catalogueID=2 HTTP/1.1" 200 273028 "-" "WinHTTP ActiveXperts"
125.19.235.212 - - [31/Mar/2013:13:51:50 +0530] "GET /faces/tiles/catalogue.jsp?catalogueID=2 HTTP/1.1" 200 273028 "-" "WinHTTP ActiveXperts"
125.19.235.212 - - [31/Mar/2013:13:52:53 +0530] "GET /faces/tiles/catalogue.jsp?catalogueID=2 HTTP/1.1" 200 273028 "-" "WinHTTP ActiveXperts"
125.16.69.49 - - [31/Mar/2013:13:55:24 +0530] "GET /faces/jsp/indexWeb.jsp HTTP/1.1" 302 - "http://exclusive.bagittoday.com/Smart-Home-Combo-Hand-Blender--Steam-Iron--Arise-Kettle/pr-23432_b-1377/" "Mozilla/5.0 (Windows NT 6.1) AppleWebKit/537.31 (KHTML, like Gecko) Chrome/26.0.1410.43 Safari/537.31"
125.16.69.49 - - [31/Mar/2013:13:55:24 +0530] "GET /faces/tiles/catalogue.jsp?catalogueID=2 HTTP/1.1" 200 273028 "http://exclusive.bagittoday.com/Smart-Home-Combo-Hand-Blender--Steam-Iron--Arise-Kettle/pr-23432_b-1377/" "Mozilla/5.0 (Windows NT 6.1) AppleWebKit/537.31 (KHTML, like Gecko) Chrome/26.0.1410.43 Safari/537.31"
125.16.69.49 - - [31/Mar/2013:13:55:29 +0530] "POST /faces/jsp/jqAjaxResponse.jsp?flag=updateCartSize&catalogueID=2 HTTP/1.1" 200 2190 "http://exclusive.bagittoday.com/faces/tiles/catalogue.jsp?catalogueID=2" "Mozilla/5.0 (Windows NT 6.1) AppleWebKit/537.31 (KHTML, like Gecko) Chrome/26.0.1410.43 Safari/537.31"
125.16.69.49 - - [31/Mar/2013:13:55:29 +0530] "POST /faces/jsp/jqAjaxResponse.jsp?flag=rentlyView HTTP/1.1" 200 2111 "http://exclusive.bagittoday.com/faces/tiles/catalogue.jsp?catalogueID=2" "Mozilla/5.0 (Windows NT 6.1) AppleWebKit/537.31 (KHTML, like Gecko) Chrome/26.0.1410.43 Safari/537.31"
125.16.69.49 - - [31/Mar/2013:13:55:31 +0530] "GET /faces/jsp/jqAjaxResponseForBoutique.jsp?flag=autoScrollBoutique&boutiqueCount=1&autoScrollBoutiqueId=1388,1165 HTTP/1.1" 200 2827 "http://exclusive.bagittoday.com/faces/tiles/catalogue.jsp?catalogueID=2" "Mozilla/5.0 (Windows NT 6.1) AppleWebKit/537.31 (KHTML, like Gecko) Chrome/26.0.1410.43 Safari/537.31"
125.16.69.49 - - [31/Mar/2013:13:55:31 +0530] "GET /faces/jsp/jqAjaxResponseForBoutique.jsp?flag=autoScrollBoutique&boutiqueCount=1&autoScrollBoutiqueId=1265,1258 HTTP/1.1" 200 2718 "http://exclusive.bagittoday.com/faces/tiles/catalogue.jsp?catalogueID=2" "Mozilla/5.0 (Windows NT 6.1) AppleWebKit/537.31 (KHTML, like Gecko) Chrome/26.0.1410.43 Safari/537.31"
125.16.69.49 - - [31/Mar/2013:13:55:31 +0530] "GET /faces/jsp/jqAjaxResponseForBoutique.jsp?flag=autoScrollBoutique&boutiqueCount=1&autoScrollBoutiqueId=1166,1183 HTTP/1.1" 200 2729 "http://exclusive.bagittoday.com/faces/tiles/catalogue.jsp?catalogueID=2" "Mozilla/5.0 (Windows NT 6.1) AppleWebKit/537.31 (KHTML, like Gecko) Chrome/26.0.1410.43 Safari/537.31"
125.16.69.49 - - [31/Mar/2013:13:55:32 +0530] "GET /faces/jsp/jqAjaxResponseForBoutique.jsp?flag=autoScrollBoutique&boutiqueCount=1&autoScrollBoutiqueId=1396,1386 HTTP/1.1" 200 2859 "http://exclusive.bagittoday.com/faces/tiles/catalogue.jsp?catalogueID=2" "Mozilla/5.0 (Windows NT 6.1) AppleWebKit/537.31 (KHTML, like Gecko) Chrome/26.0.1410.43 Safari/537.31"
125.16.69.49 - - [31/Mar/2013:13:55:32 +0530] "GET /faces/jsp/jqAjaxResponseForBoutique.jsp?flag=autoScrollBoutique&boutiqueCount=1&autoScrollBoutiqueId=1383,1378 HTTP/1.1" 200 2800 "http://exclusive.bagittoday.com/faces/tiles/catalogue.jsp?catalogueID=2" "Mozilla/5.0 (Windows NT 6.1) AppleWebKit/537.31 (KHTML, like Gecko) Chrome/26.0.1410.43 Safari/537.31"
125.16.69.49 - - [31/Mar/2013:13:55:33 +0530] "GET /faces/jsp/jqAjaxResponseForBoutique.jsp?flag=autoScrollBoutique&boutiqueCount=1&autoScrollBoutiqueId=1354,1349 HTTP/1.1" 200 2847 "http://exclusive.bagittoday.com/faces/tiles/catalogue.jsp?catalogueID=2" "Mozilla/5.0 (Windows NT 6.1) AppleWebKit/537.31 (KHTML, like Gecko) Chrome/26.0.1410.43 Safari/537.31"
125.16.69.49 - - [31/Mar/2013:13:55:33 +0530] "GET /faces/jsp/jqAjaxResponseForBoutique.jsp?flag=autoScrollBoutique&boutiqueCount=1&autoScrollBoutiqueId=527,1276 HTTP/1.1" 200 2755 "http://exclusive.bagittoday.com/faces/tiles/catalogue.jsp?catalogueID=2" "Mozilla/5.0 (Windows NT 6.1) AppleWebKit/537.31 (KHTML, like Gecko) Chrome/26.0.1410.43 Safari/537.31"
125.16.69.49 - - [31/Mar/2013:13:55:34 +0530] "GET /faces/jsp/jqAjaxResponseForBoutique.jsp?flag=autoScrollBoutique&boutiqueCount=1&autoScrollBoutiqueId=1230,1264 HTTP/1.1" 200 2786 "http://exclusive.bagittoday.com/faces/tiles/catalogue.jsp?catalogueID=2" "Mozilla/5.0 (Windows NT 6.1) AppleWebKit/537.31 (KHTML, like Gecko) Chrome/26.0.1410.43 Safari/537.31"
125.16.69.49 - - [31/Mar/2013:13:55:36 +0530] "GET /faces/jsp/jqAjaxResponseForBoutique.jsp?flag=autoScrollBoutique&boutiqueCount=1&autoScrollBoutiqueId=1255,1235 HTTP/1.1" 200 2647 "http://exclusive.bagittoday.com/faces/tiles/catalogue.jsp?catalogueID=2" "Mozilla/5.0 (Windows NT 6.1) AppleWebKit/537.31 (KHTML, like Gecko) Chrome/26.0.1410.43 Safari/537.31"
125.16.69.49 - - [31/Mar/2013:13:55:36 +0530] "GET /faces/jsp/jqAjaxResponseForBoutique.jsp?flag=autoScrollBoutique&boutiqueCount=1&autoScrollBoutiqueId=1236,1228 HTTP/1.1" 200 2721 "http://exclusive.bagittoday.com/faces/tiles/catalogue.jsp?catalogueID=2" "Mozilla/5.0 (Windows NT 6.1) AppleWebKit/537.31 (KHTML, like Gecko) Chrome/26.0.1410.43 Safari/537.31"
125.16.69.49 - - [31/Mar/2013:13:55:37 +0530] "GET /faces/jsp/jqAjaxResponseForBoutique.jsp?flag=autoScrollBoutique&boutiqueCount=1&autoScrollBoutiqueId=512,1392 HTTP/1.1" 200 2766 "http://exclusive.bagittoday.com/faces/tiles/catalogue.jsp?catalogueID=2" "Mozilla/5.0 (Windows NT 6.1) AppleWebKit/537.31 (KHTML, like Gecko) Chrome/26.0.1410.43 Safari/537.31"
125.16.69.49 - - [31/Mar/2013:13:55:37 +0530] "GET /faces/jsp/jqAjaxResponseForBoutique.jsp?flag=autoScrollBoutique&boutiqueCount=1&autoScrollBoutiqueId=1120,1387 HTTP/1.1" 200 2787 "http://exclusive.bagittoday.com/faces/tiles/catalogue.jsp?catalogueID=2" "Mozilla/5.0 (Windows NT 6.1) AppleWebKit/537.31 (KHTML, like Gecko) Chrome/26.0.1410.43 Safari/537.31"
125.16.69.49 - - [31/Mar/2013:13:55:38 +0530] "GET /faces/jsp/jqAjaxResponseForBoutique.jsp?flag=autoScrollBoutique&boutiqueCount=1&autoScrollBoutiqueId=1382,1381 HTTP/1.1" 200 2751 "http://exclusive.bagittoday.com/faces/tiles/catalogue.jsp?catalogueID=2" "Mozilla/5.0 (Windows NT 6.1) AppleWebKit/537.31 (KHTML, like Gecko) Chrome/26.0.1410.43 Safari/537.31"
